Archive member included to satisfy reference by file (symbol)

c:/gcc-arm-none-eabi-10.3-2021.10/bin/../lib/gcc/arm-none-eabi/10.3.1/../../../../arm-none-eabi/lib/thumb/v7e-m/nofp\libstdc++.a(del_ops.o)
                              Libraries/FEHIO.o (operator delete(void*, unsigned int))
c:/gcc-arm-none-eabi-10.3-2021.10/bin/../lib/gcc/arm-none-eabi/10.3.1/../../../../arm-none-eabi/lib/thumb/v7e-m/nofp\libstdc++.a(new_op.o)
                              Libraries/FEHIO.o (operator new(unsigned int))
c:/gcc-arm-none-eabi-10.3-2021.10/bin/../lib/gcc/arm-none-eabi/10.3.1/../../../../arm-none-eabi/lib/thumb/v7e-m/nofp\libstdc++.a(bad_alloc.o)
                              c:/gcc-arm-none-eabi-10.3-2021.10/bin/../lib/gcc/arm-none-eabi/10.3.1/../../../../arm-none-eabi/lib/thumb/v7e-m/nofp\libstdc++.a(new_op.o) (std::bad_alloc::~bad_alloc())
c:/gcc-arm-none-eabi-10.3-2021.10/bin/../lib/gcc/arm-none-eabi/10.3.1/../../../../arm-none-eabi/lib/thumb/v7e-m/nofp\libstdc++.a(del_op.o)
                              c:/gcc-arm-none-eabi-10.3-2021.10/bin/../lib/gcc/arm-none-eabi/10.3.1/../../../../arm-none-eabi/lib/thumb/v7e-m/nofp\libstdc++.a(del_ops.o) (operator delete(void*))
c:/gcc-arm-none-eabi-10.3-2021.10/bin/../lib/gcc/arm-none-eabi/10.3.1/../../../../arm-none-eabi/lib/thumb/v7e-m/nofp\libstdc++.a(eh_alloc.o)
                              c:/gcc-arm-none-eabi-10.3-2021.10/bin/../lib/gcc/arm-none-eabi/10.3.1/../../../../arm-none-eabi/lib/thumb/v7e-m/nofp\libstdc++.a(new_op.o) (__cxa_allocate_exception)
c:/gcc-arm-none-eabi-10.3-2021.10/bin/../lib/gcc/arm-none-eabi/10.3.1/../../../../arm-none-eabi/lib/thumb/v7e-m/nofp\libstdc++.a(eh_exception.o)
                              c:/gcc-arm-none-eabi-10.3-2021.10/bin/../lib/gcc/arm-none-eabi/10.3.1/../../../../arm-none-eabi/lib/thumb/v7e-m/nofp\libstdc++.a(bad_alloc.o) (std::exception::~exception())
c:/gcc-arm-none-eabi-10.3-2021.10/bin/../lib/gcc/arm-none-eabi/10.3.1/../../../../arm-none-eabi/lib/thumb/v7e-m/nofp\libstdc++.a(eh_terminate.o)
                              c:/gcc-arm-none-eabi-10.3-2021.10/bin/../lib/gcc/arm-none-eabi/10.3.1/../../../../arm-none-eabi/lib/thumb/v7e-m/nofp\libstdc++.a(eh_alloc.o) (std::terminate())
c:/gcc-arm-none-eabi-10.3-2021.10/bin/../lib/gcc/arm-none-eabi/10.3.1/../../../../arm-none-eabi/lib/thumb/v7e-m/nofp\libstdc++.a(eh_throw.o)
                              c:/gcc-arm-none-eabi-10.3-2021.10/bin/../lib/gcc/arm-none-eabi/10.3.1/../../../../arm-none-eabi/lib/thumb/v7e-m/nofp\libstdc++.a(new_op.o) (__cxa_throw)
c:/gcc-arm-none-eabi-10.3-2021.10/bin/../lib/gcc/arm-none-eabi/10.3.1/../../../../arm-none-eabi/lib/thumb/v7e-m/nofp\libstdc++.a(eh_unex_handler.o)
                              c:/gcc-arm-none-eabi-10.3-2021.10/bin/../lib/gcc/arm-none-eabi/10.3.1/../../../../arm-none-eabi/lib/thumb/v7e-m/nofp\libstdc++.a(eh_terminate.o) (__cxxabiv1::__unexpected_handler)
c:/gcc-arm-none-eabi-10.3-2021.10/bin/../lib/gcc/arm-none-eabi/10.3.1/../../../../arm-none-eabi/lib/thumb/v7e-m/nofp\libstdc++.a(new_handler.o)
                              c:/gcc-arm-none-eabi-10.3-2021.10/bin/../lib/gcc/arm-none-eabi/10.3.1/../../../../arm-none-eabi/lib/thumb/v7e-m/nofp\libstdc++.a(new_op.o) (std::get_new_handler())
c:/gcc-arm-none-eabi-10.3-2021.10/bin/../lib/gcc/arm-none-eabi/10.3.1/../../../../arm-none-eabi/lib/thumb/v7e-m/nofp\libstdc++.a(pure.o)
                              c:/gcc-arm-none-eabi-10.3-2021.10/bin/../lib/gcc/arm-none-eabi/10.3.1/../../../../arm-none-eabi/lib/thumb/v7e-m/nofp\libstdc++.a(eh_exception.o) (__cxa_pure_virtual)
c:/gcc-arm-none-eabi-10.3-2021.10/bin/../lib/gcc/arm-none-eabi/10.3.1/../../../../arm-none-eabi/lib/thumb/v7e-m/nofp\libstdc++.a(si_class_type_info.o)
                              c:/gcc-arm-none-eabi-10.3-2021.10/bin/../lib/gcc/arm-none-eabi/10.3.1/../../../../arm-none-eabi/lib/thumb/v7e-m/nofp\libstdc++.a(bad_alloc.o) (vtable for __cxxabiv1::__si_class_type_info)
c:/gcc-arm-none-eabi-10.3-2021.10/bin/../lib/gcc/arm-none-eabi/10.3.1/../../../../arm-none-eabi/lib/thumb/v7e-m/nofp\libstdc++.a(tinfo.o)
                              c:/gcc-arm-none-eabi-10.3-2021.10/bin/../lib/gcc/arm-none-eabi/10.3.1/../../../../arm-none-eabi/lib/thumb/v7e-m/nofp\libstdc++.a(si_class_type_info.o) (std::type_info::__is_pointer_p() const)
c:/gcc-arm-none-eabi-10.3-2021.10/bin/../lib/gcc/arm-none-eabi/10.3.1/../../../../arm-none-eabi/lib/thumb/v7e-m/nofp\libstdc++.a(vterminate.o)
                              c:/gcc-arm-none-eabi-10.3-2021.10/bin/../lib/gcc/arm-none-eabi/10.3.1/../../../../arm-none-eabi/lib/thumb/v7e-m/nofp\libstdc++.a(eh_terminate.o) (__gnu_cxx::__verbose_terminate_handler())
c:/gcc-arm-none-eabi-10.3-2021.10/bin/../lib/gcc/arm-none-eabi/10.3.1/../../../../arm-none-eabi/lib/thumb/v7e-m/nofp\libstdc++.a(class_type_info.o)
[...]
Memory Configuration

Name             Origin             Length             Attributes
PROGRAM_FLASH    0x0000c000         0x00073c00         xr
SRAM_UPPER       0x20000000         0x00010000         xrw
SRAM_LOWER       0x1fff0000         0x00010000         xrw
*default*        0x00000000         0xffffffff

Linker script and memory map

LOAD c:/gcc-arm-none-eabi-10.3-2021.10/bin/../lib/gcc/arm-none-eabi/10.3.1/thumb/v7e-m/nofp/crti.o
LOAD c:/gcc-arm-none-eabi-10.3-2021.10/bin/../lib/gcc/arm-none-eabi/10.3.1/thumb/v7e-m/nofp/crtbegin.o
LOAD c:/gcc-arm-none-eabi-10.3-2021.10/bin/../lib/gcc/arm-none-eabi/10.3.1/../../../../arm-none-eabi/lib/thumb/v7e-m/nofp/crt0.o
LOAD ../main.o
LOAD ../roboports.o
LOAD ../Burger_Flip.o
LOAD ../robomovement.o
LOAD Startup/startup_mk60d10.o
LOAD Libraries/FEHMotor.o
LOAD Drivers/mcg.o
LOAD Drivers/i2c.o
LOAD Drivers/spi.o
LOAD Drivers/uart.o
LOAD Drivers/ff.o
LOAD Drivers/SDHC.o
LOAD Drivers/lptmr.o
LOAD FEHProteus.o
LOAD Drivers/FEHPropeller.o
LOAD Libraries/FEHUtility.o
LOAD Libraries/FEHIO.o
LOAD Drivers/adc16.o
LOAD Libraries/FEHBuzzer.o
LOAD Libraries/FEHServo.o
LOAD Libraries/FEHLCD.o
LOAD Libraries/FEHAccel.o
LOAD Libraries/FEHBattery.o
LOAD Drivers/FEHXBee.o
LOAD Libraries/FEHRPS.o
LOAD Libraries/FEHSD.o
LOAD Libraries/FEHRandom.o
LOAD c:/gcc-arm-none-eabi-10.3-2021.10/bin/../lib/gcc/arm-none-eabi/10.3.1/../../../../arm-none-eabi/lib/thumb/v7e-m/nofp\libstdc++.a
LOAD c:/gcc-arm-none-eabi-10.3-2021.10/bin/../lib/gcc/arm-none-eabi/10.3.1/../../../../arm-none-eabi/lib/thumb/v7e-m/nofp\libm.a
START GROUP
LOAD c:/gcc-arm-none-eabi-10.3-2021.10/bin/../lib/gcc/arm-none-eabi/10.3.1/thumb/v7e-m/nofp\libgcc.a
LOAD c:/gcc-arm-none-eabi-10.3-2021.10/bin/../lib/gcc/arm-none-eabi/10.3.1/../../../../arm-none-eabi/lib/thumb/v7e-m/nofp\libg.a
LOAD c:/gcc-arm-none-eabi-10.3-2021.10/bin/../lib/gcc/arm-none-eabi/10.3.1/../../../../arm-none-eabi/lib/thumb/v7e-m/nofp\libc.a
END GROUP
START GROUP
LOAD c:/gcc-arm-none-eabi-10.3-2021.10/bin/../lib/gcc/arm-none-eabi/10.3.1/thumb/v7e-m/nofp\libgcc.a
LOAD c:/gcc-arm-none-eabi-10.3-2021.10/bin/../lib/gcc/arm-none-eabi/10.3.1/../../../../arm-none-eabi/lib/thumb/v7e-m/nofp\libc.a
LOAD c:/gcc-arm-none-eabi-10.3-2021.10/bin/../lib/gcc/arm-none-eabi/10.3.1/../../../../arm-none-eabi/lib/thumb/v7e-m/nofp\libnosys.a
END GROUP
LOAD c:/gcc-arm-none-eabi-10.3-2021.10/bin/../lib/gcc/arm-none-eabi/10.3.1/thumb/v7e-m/nofp/crtend.o
LOAD c:/gcc-arm-none-eabi-10.3-2021.10/bin/../lib/gcc/arm-none-eabi/10.3.1/thumb/v7e-m/nofp/crtn.o
                0x0000c000                __base_PROGRAM_FLASH = 0xc000
                0x0000c000                __base_Flash = 0xc000
                0x0007fc00                __top_PROGRAM_FLASH = 0x7fc00
                0x0007fc00                __top_Flash = 0x7fc00
                0x20000000                __base_SRAM_UPPER = 0x20000000
                0x20000000                __base_RAM = 0x20000000
                0x20010000                __top_SRAM_UPPER = 0x20010000
                0x20010000                __top_RAM = 0x20010000
                0x1fff0000                __base_SRAM_LOWER = 0x1fff0000
                0x1fff0000                __base_RAM2 = 0x1fff0000
                0x20000000                __top_SRAM_LOWER = 0x20000000
                0x20000000                __top_RAM2 = 0x20000000

.text           0x0000c000      0x410
 FILL mask 0xff
                0x0000c000                __vectors_start__ = ABSOLUTE (.)
 *(.isr_vector)
 .isr_vector    0x0000c000      0x1bc Startup/startup_mk60d10.o
                0x0000c000                g_pfnVectors
                0x0000c000                __Vectors
                0x0000c1bc                . = ALIGN (0x4)
                0x0000c1bc                __section_table_start = .
                0x0000c1bc                __data_section_table = .
                0x0000c1bc        0x4 LONG 0x1a574 LOADADDR (.data)
                0x0000c1c0        0x4 LONG 0x20000000 ADDR (.data)
                0x0000c1c4        0x4 LONG 0x16c8 SIZEOF (.data)
                0x0000c1c8        0x4 LONG 0x1a574 LOADADDR (.data_RAM2)
                0x0000c1cc        0x4 LONG 0x1fff0000 ADDR (.data_RAM2)
                0x0000c1d0        0x4 LONG 0x0 SIZEOF (.data_RAM2)
                0x0000c1d4                __data_section_table_end = .
                0x0000c1d4                __bss_section_table = .
                0x0000c1d4        0x4 LONG 0x200016c8 ADDR (.bss)
                0x0000c1d8        0x4 LONG 0x4ac SIZEOF (.bss)
                0x0000c1dc        0x4 LONG 0x1fff0000 ADDR (.bss_RAM2)
                0x0000c1e0        0x4 LONG 0x0 SIZEOF (.bss_RAM2)
                0x0000c1e4                __bss_section_table_end = .
                0x0000c1e4                __section_table_end = .
 *(.after_vectors*)
 .after_vectors.init_data
                0x0000c1e4       0x42 Startup/startup_mk60d10.o
                0x0000c1e4                data_init(unsigned int, unsigned int, unsigned int)
 .after_vectors.init_bss
                0x0000c226       0x36 Startup/startup_mk60d10.o
                0x0000c226                bss_init(unsigned int, unsigned int)
 .after_vectors.reset
                0x0000c25c       0xb4 Startup/startup_mk60d10.o
                0x0000c25c                ResetISR
 .after_vectors
                0x0000c310       0x3c Startup/startup_mk60d10.o
                0x0000c310                NMI_Handler
                0x0000c316                HardFault_Handler
                0x0000c31c                MemManage_Handler
                0x0000c322                BusFault_Handler
                0x0000c328                UsageFault_Handler
                0x0000c32e                SVC_Handler
                0x0000c334                DebugMon_Handler
                0x0000c33a                PendSV_Handler
                0x0000c340                SysTick_Handler
                0x0000c346                DMA_Error_DriverIRQHandler
                0x0000c346                LPTMR0_DriverIRQHandler
                0x0000c346                FTM1_DriverIRQHandler
                0x0000c346                FTM2_DriverIRQHandler
                0x0000c346                PIT2_DriverIRQHandler
                0x0000c346                SDHC_DriverIRQHandler
                0x0000c346                I2S0_Tx_DriverIRQHandler
                0x0000c346                TSI0_DriverIRQHandler
                0x0000c346                RTC_Seconds_DriverIRQHandler
                0x0000c346                Reserved109_DriverIRQHandler
                0x0000c346                DMA6_DriverIRQHandler
                0x0000c346                LLWU_DriverIRQHandler
                0x0000c346                MCM_DriverIRQHandler
                0x0000c346                MCG_DriverIRQHandler
                0x0000c346                ENET_1588_Timer_DriverIRQHandler
                0x0000c346                DAC1_DriverIRQHandler
                0x0000c346                SPI1_DriverIRQHandler
                0x0000c346                CMP1_DriverIRQHandler
                0x0000c346                UART5_RX_TX_DriverIRQHandler
                0x0000c346                FTM0_DriverIRQHandler
                0x0000c346                IntDefaultHandler
                0x0000c346                USB0_DriverIRQHandler
                0x0000c346                UART5_ERR_DriverIRQHandler
                0x0000c346                DMA11_DriverIRQHandler
                0x0000c346                DAC0_DriverIRQHandler
                0x0000c346                DMA10_DriverIRQHandler
                0x0000c346                CMP2_DriverIRQHandler
                0x0000c346                UART2_ERR_DriverIRQHandler
                0x0000c346                SPI2_DriverIRQHandler
                0x0000c346                LVD_LVW_DriverIRQHandler
                0x0000c346                RNG_DriverIRQHandler
                0x0000c346                DMA12_DriverIRQHandler
                0x0000c346                DMA4_DriverIRQHandler
                0x0000c346                UART2_RX_TX_DriverIRQHandler
                0x0000c346                USBDCD_DriverIRQHandler
                0x0000c346                UART3_ERR_DriverIRQHandler
                0x0000c346                DMA3_DriverIRQHandler
                0x0000c346                DMA8_DriverIRQHandler
                0x0000c346                DMA9_DriverIRQHandler
                0x0000c346                UART0_ERR_DriverIRQHandler
                0x0000c346                CMT_DriverIRQHandler
                0x0000c346                ADC1_DriverIRQHandler
                0x0000c346                DMA14_DriverIRQHandler
                0x0000c346                PIT3_DriverIRQHandler
                0x0000c346                PIT1_DriverIRQHandler
                0x0000c346                WDOG_EWM_DriverIRQHandler
                0x0000c346                PDB0_DriverIRQHandler
                0x0000c346                Reserved95_DriverIRQHandler
                0x0000c346                RTC_DriverIRQHandler
                0x0000c346                I2S0_Rx_DriverIRQHandler
                0x0000c346                Read_Collision_DriverIRQHandler
                0x0000c346                SWI_DriverIRQHandler
                0x0000c346                UART4_RX_TX_DriverIRQHandler
                0x0000c346                UART4_ERR_DriverIRQHandler
                0x0000c346                DMA0_DriverIRQHandler
                0x0000c346                UART0_LON_DriverIRQHandler
                0x0000c346                Reserved102_DriverIRQHandler
                0x0000c346                DMA1_DriverIRQHandler
                0x0000c346                I2C1_DriverIRQHandler
                0x0000c346                UART3_RX_TX_DriverIRQHandler
                0x0000c346                ENET_Receive_DriverIRQHandler
                0x0000c346                DMA13_DriverIRQHandler
                0x0000c346                ENET_Error_DriverIRQHandler
                0x0000c346                DMA15_DriverIRQHandler
                0x0000c346                SPI0_DriverIRQHandler
                0x0000c346                ADC0_DriverIRQHandler
                0x0000c346                FTFL_DriverIRQHandler
                0x0000c346                CMP0_DriverIRQHandler
                0x0000c346                CAN0_DriverIRQHandler
                0x0000c346                Reserved59_DriverIRQHandler
                0x0000c346                DMA5_DriverIRQHandler
                0x0000c346                UART1_ERR_DriverIRQHandler
                0x0000c346                DMA2_DriverIRQHandler
                0x0000c346                ENET_Transmit_DriverIRQHandler
                0x0000c346                I2C0_DriverIRQHandler
                0x0000c346                CAN1_DriverIRQHandler
                0x0000c346                DMA7_DriverIRQHandler
                0x0000c346                UART1_RX_TX_DriverIRQHandler
                0x0000c346                Reserved108_DriverIRQHandler
                0x00000400                . = 0x400
 *fill*         0x0000c34c       0xb4 ff
                0x0000c400                PROVIDE (__FLASH_CONFIG_START__ = .)
 *(.FlashConfig)
 .FlashConfig   0x0000c400       0x10 Startup/startup_mk60d10.o
                0x0000c410                PROVIDE (__FLASH_CONFIG_END__ = .)
                0x00000001                ASSERT (! ((__FLASH_CONFIG_START__ == __FLASH_CONFIG_END__)), Linker Flash Config Support Enabled, but no .FlashConfig section provided within application)

.eh_frame       0x0000c410        0x0
 .eh_frame      0x0000c410        0x0 c:/gcc-arm-none-eabi-10.3-2021.10/bin/../lib/gcc/arm-none-eabi/10.3.1/thumb/v7e-m/nofp/crtbegin.o

.glue_7         0x0000c410        0x0
 .glue_7        0x0000c410        0x0 linker stubs

.glue_7t        0x0000c410        0x0
 .glue_7t       0x0000c410        0x0 linker stubs

.vfp11_veneer   0x0000c410        0x0
 .vfp11_veneer  0x0000c410        0x0 linker stubs

.v4_bx          0x0000c410        0x0
 .v4_bx         0x0000c410        0x0 linker stubs

.iplt           0x0000c410        0x0
 .iplt          0x0000c410        0x0 c:/gcc-arm-none-eabi-10.3-2021.10/bin/../lib/gcc/arm-none-eabi/10.3.1/thumb/v7e-m/nofp/crtbegin.o

.text           0x0000c440     0xe12c
 *(.text*)
 .text          0x0000c440       0x40 c:/gcc-arm-none-eabi-10.3-2021.10/bin/../lib/gcc/arm-none-eabi/10.3.1/thumb/v7e-m/nofp/crtbegin.o
 .text._Z16startAndDropTrayv
                0x0000c480       0x94 ../main.o
                0x0000c480                startAndDropTray()
 *fill*         0x0000c514        0x4 
 .text._Z10burgerFlipv
                0x0000c518      0x168 ../main.o
                0x0000c518                burgerFlip()
 .text._Z17flipIceCreamLeverv
                0x0000c680       0xd0 ../main.o
                0x0000c680                flipIceCreamLever()
 .text._Z20burgerFlipToIceCreamv
                0x0000c750       0x34 ../main.o
                0x0000c750                burgerFlipToIceCream()
 .text._Z12jukeboxStuffv
                0x0000c784       0xbc ../main.o
                0x0000c784                jukeboxStuff()
 .text._Z21iceCreamToTicketSlidev
                0x0000c840       0x50 ../main.o
                0x0000c840                iceCreamToTicketSlide()
 .text._Z11ticketSlidev
                0x0000c890       0x6c ../main.o
                0x0000c890                ticketSlide()
 .text._Z20ticketSlideToJukeboxv
                0x0000c8fc       0x34 ../main.o
                0x0000c8fc                ticketSlideToJukebox()
 .text.main     0x0000c930       0x2a ../main.o
                0x0000c930                main
 *fill*         0x0000c95a        0x2 
 .text._Z41__static_initialization_and_destruction_0ii
                0x0000c95c       0xe0 ../roboports.o
 .text._GLOBAL__sub_I_leftMotor
                0x0000ca3c       0x10 ../roboports.o
 *fill*         0x0000ca4c        0x4 
 .text._Z12moveDistanceibf
                0x0000ca50      0x130 ../robomovement.o
                0x0000ca50                moveDistance(int, bool, float)
 .text._Z19moveDistanceForTimeibf
                0x0000cb80       0xe0 ../robomovement.o
                0x0000cb80                moveDistanceForTime(int, bool, float)
 .text._Z16turnRightForTimef
                0x0000cc60       0x9c ../robomovement.o
                0x0000cc60                turnRightForTime(float)
 *fill*         0x0000ccfc        0x4 
 .text._Z9turnRightii
                0x0000cd00      0x138 ../robomovement.o
                0x0000cd00                turnRight(int, int)
 .text._Z15turnLeftForTimef
                0x0000ce38       0x9c ../robomovement.o
                0x0000ce38                turnLeftForTime(float)
 *fill*         0x0000ced4        0x4 
 .text._Z8turnLeftii
                0x0000ced8      0x138 ../robomovement.o
                0x0000ced8                turnLeft(int, int)
 .text._Z14waitUntilLightv
                0x0000d010       0x84 ../robomovement.o
                0x0000d010                waitUntilLight()
 .text._Z14driveUntilWallib
                0x0000d094      0x184 ../robomovement.o
                0x0000d094                driveUntilWall(int, bool)
 .text._Z14driveUntilLineib
                0x0000d218      0x1b8 ../robomovement.o
                0x0000d218                driveUntilLine(int, bool)
 .text._Z25driveForwardUntilLeftBumpi
                0x0000d3d0       0x88 ../robomovement.o
                0x0000d3d0                driveForwardUntilLeftBump(int)
 .text._Z11setArmStartv
                0x0000d458       0x94 ../robomovement.o
                0x0000d458                setArmStart()
 .text._Z8dropTrayv
                0x0000d4ec       0x18 ../robomovement.o
                0x0000d4ec                dropTray()
 .text._Z25setArmPositionTicketSlidev
                0x0000d504       0x5c ../robomovement.o
                0x0000d504                setArmPositionTicketSlide()
 .text._Z11slideTicketv
                0x0000d560       0x3c ../robomovement.o
                0x0000d560                slideTicket()
 .text._Z24setArmPositionBurgerFlipv
                0x0000d59c       0x5c ../robomovement.o
                0x0000d59c                setArmPositionBurgerFlip()
 .text._Z16redButtonJukeboxv
                0x0000d5f8       0xac ../robomovement.o
                0x0000d5f8                redButtonJukebox()
 .text.PORTD_IRQHandler
                0x0000d6a4       0x50 Startup/startup_mk60d10.o
                0x0000d6a4                PORTD_IRQHandler
 .text._Z15InitPowerButtonv
                0x0000d6f4       0x60 Startup/startup_mk60d10.o
                0x0000d6f4                InitPowerButton()
 .text._ZL11pll_init_blv
                0x0000d754       0xe0 Startup/startup_mk60d10.o
 .text._Z14InitFEHProteusv
                0x0000d834       0xec Startup/startup_mk60d10.o
                0x0000d834                InitFEHProteus()
 .text.DMA0_IRQHandler
                0x0000d920        0xc Startup/startup_mk60d10.o
                0x0000d920                DMA0_IRQHandler
 .text.DMA1_IRQHandler
                0x0000d92c        0xc Startup/startup_mk60d10.o
                0x0000d92c                DMA1_IRQHandler
 .text.DMA2_IRQHandler
                0x0000d938        0xc Startup/startup_mk60d10.o
                0x0000d938                DMA2_IRQHandler
 .text.DMA3_IRQHandler
                0x0000d944        0xc Startup/startup_mk60d10.o
                0x0000d944                DMA3_IRQHandler
 .text.DMA4_IRQHandler
                0x0000d950        0xc Startup/startup_mk60d10.o
                0x0000d950                DMA4_IRQHandler
 .text.DMA5_IRQHandler
                0x0000d95c        0xc Startup/startup_mk60d10.o
                0x0000d95c                DMA5_IRQHandler
 .text.DMA6_IRQHandler
                0x0000d968        0xc Startup/startup_mk60d10.o
                0x0000d968                DMA6_IRQHandler
 .text.DMA7_IRQHandler
                0x0000d974        0xc Startup/startup_mk60d10.o
                0x0000d974                DMA7_IRQHandler
 .text.DMA8_IRQHandler
                0x0000d980        0xc Startup/startup_mk60d10.o
                0x0000d980                DMA8_IRQHandler
 .text.DMA9_IRQHandler
                0x0000d98c        0xc Startup/startup_mk60d10.o
                0x0000d98c                DMA9_IRQHandler
 .text.DMA10_IRQHandler
                0x0000d998        0xc Startup/startup_mk60d10.o
                0x0000d998                DMA10_IRQHandler
 .text.DMA11_IRQHandler
                0x0000d9a4        0xc Startup/startup_mk60d10.o
                0x0000d9a4                DMA11_IRQHandler
 .text.DMA12_IRQHandler
                0x0000d9b0        0xc Startup/startup_mk60d10.o
                0x0000d9b0                DMA12_IRQHandler
 .text.DMA13_IRQHandler
                0x0000d9bc        0xc Startup/startup_mk60d10.o
                0x0000d9bc                DMA13_IRQHandler
 .text.DMA14_IRQHandler
                0x0000d9c8        0xc Startup/startup_mk60d10.o
                0x0000d9c8                DMA14_IRQHandler
 .text.DMA15_IRQHandler
                0x0000d9d4        0xc Startup/startup_mk60d10.o
                0x0000d9d4                DMA15_IRQHandler
 .text.DMA_Error_IRQHandler
                0x0000d9e0        0xc Startup/startup_mk60d10.o
                0x0000d9e0                DMA_Error_IRQHandler
 .text.MCM_IRQHandler
                0x0000d9ec        0xc Startup/startup_mk60d10.o
                0x0000d9ec                MCM_IRQHandler
 .text.FTFL_IRQHandler
                0x0000d9f8        0xc Startup/startup_mk60d10.o
                0x0000d9f8                FTFL_IRQHandler
 .text.Read_Collision_IRQHandler
                0x0000da04        0xc Startup/startup_mk60d10.o
                0x0000da04                Read_Collision_IRQHandler
 .text.LVD_LVW_IRQHandler
                0x0000da10        0xc Startup/startup_mk60d10.o
                0x0000da10                LVD_LVW_IRQHandler
 .text.LLWU_IRQHandler
                0x0000da1c        0xc Startup/startup_mk60d10.o
                0x0000da1c                LLWU_IRQHandler
 .text.WDOG_EWM_IRQHandler
                0x0000da28        0xc Startup/startup_mk60d10.o
                0x0000da28                WDOG_EWM_IRQHandler
 .text.RNG_IRQHandler
                0x0000da34        0xc Startup/startup_mk60d10.o
                0x0000da34                RNG_IRQHandler
 .text.I2C0_IRQHandler
                0x0000da40        0xc Startup/startup_mk60d10.o
                0x0000da40                I2C0_IRQHandler
 .text.I2C1_IRQHandler
                0x0000da4c        0xc Startup/startup_mk60d10.o
                0x0000da4c                I2C1_IRQHandler
 .text.SPI0_IRQHandler
                0x0000da58        0xc Startup/startup_mk60d10.o
                0x0000da58                SPI0_IRQHandler
 .text.SPI1_IRQHandler
                0x0000da64        0xc Startup/startup_mk60d10.o
                0x0000da64                SPI1_IRQHandler
 .text.SPI2_IRQHandler
                0x0000da70        0xc Startup/startup_mk60d10.o
                0x0000da70                SPI2_IRQHandler
 .text.CAN0_ORed_Message_buffer_IRQHandler
                0x0000da7c        0xc Startup/startup_mk60d10.o
                0x0000da7c                CAN0_ORed_Message_buffer_IRQHandler
 .text.CAN0_Bus_Off_IRQHandler
                0x0000da88        0xc Startup/startup_mk60d10.o
                0x0000da88                CAN0_Bus_Off_IRQHandler
 .text.CAN0_Error_IRQHandler
                0x0000da94        0xc Startup/startup_mk60d10.o
                0x0000da94                CAN0_Error_IRQHandler
 .text.CAN0_Tx_Warning_IRQHandler
                0x0000daa0        0xc Startup/startup_mk60d10.o
                0x0000daa0                CAN0_Tx_Warning_IRQHandler
 .text.CAN0_Rx_Warning_IRQHandler
                0x0000daac        0xc Startup/startup_mk60d10.o
                0x0000daac                CAN0_Rx_Warning_IRQHandler
 .text.CAN0_Wake_Up_IRQHandler
                0x0000dab8        0xc Startup/startup_mk60d10.o
                0x0000dab8                CAN0_Wake_Up_IRQHandler
 .text.I2S0_Tx_IRQHandler
                0x0000dac4        0xc Startup/startup_mk60d10.o
                0x0000dac4                I2S0_Tx_IRQHandler
 .text.I2S0_Rx_IRQHandler
                0x0000dad0        0xc Startup/startup_mk60d10.o
                0x0000dad0                I2S0_Rx_IRQHandler
 .text.CAN1_ORed_Message_buffer_IRQHandler
                0x0000dadc        0xc Startup/startup_mk60d10.o
                0x0000dadc                CAN1_ORed_Message_buffer_IRQHandler
 .text.CAN1_Bus_Off_IRQHandler
                0x0000dae8        0xc Startup/startup_mk60d10.o
                0x0000dae8                CAN1_Bus_Off_IRQHandler
 .text.CAN1_Error_IRQHandler
                0x0000daf4        0xc Startup/startup_mk60d10.o
                0x0000daf4                CAN1_Error_IRQHandler
 .text.CAN1_Tx_Warning_IRQHandler
                0x0000db00        0xc Startup/startup_mk60d10.o
                0x0000db00                CAN1_Tx_Warning_IRQHandler
 .text.CAN1_Rx_Warning_IRQHandler
                0x0000db0c        0xc Startup/startup_mk60d10.o
                0x0000db0c                CAN1_Rx_Warning_IRQHandler
 .text.CAN1_Wake_Up_IRQHandler
                0x0000db18        0xc Startup/startup_mk60d10.o
                0x0000db18                CAN1_Wake_Up_IRQHandler
 .text.Reserved59_IRQHandler
                0x0000db24        0xc Startup/startup_mk60d10.o
                0x0000db24                Reserved59_IRQHandler
 .text.UART0_LON_IRQHandler
                0x0000db30        0xc Startup/startup_mk60d10.o
                0x0000db30                UART0_LON_IRQHandler
 .text.UART0_ERR_IRQHandler
                0x0000db3c        0xc Startup/startup_mk60d10.o
                0x0000db3c                UART0_ERR_IRQHandler
 .text.UART1_RX_TX_IRQHandler
                0x0000db48        0xc Startup/startup_mk60d10.o
                0x0000db48                UART1_RX_TX_IRQHandler
 .text.UART1_ERR_IRQHandler
                0x0000db54        0xc Startup/startup_mk60d10.o
                0x0000db54                UART1_ERR_IRQHandler
 .text.UART2_RX_TX_IRQHandler
                0x0000db60        0xc Startup/startup_mk60d10.o
                0x0000db60                UART2_RX_TX_IRQHandler
 .text.UART2_ERR_IRQHandler
                0x0000db6c        0xc Startup/startup_mk60d10.o
                0x0000db6c                UART2_ERR_IRQHandler
 .text.UART3_RX_TX_IRQHandler
                0x0000db78        0xc Startup/startup_mk60d10.o
                0x0000db78                UART3_RX_TX_IRQHandler
 .text.UART3_ERR_IRQHandler
                0x0000db84        0xc Startup/startup_mk60d10.o
                0x0000db84                UART3_ERR_IRQHandler
 .text.UART4_RX_TX_IRQHandler
                0x0000db90        0xc Startup/startup_mk60d10.o
                0x0000db90                UART4_RX_TX_IRQHandler
 .text.UART4_ERR_IRQHandler
                0x0000db9c        0xc Startup/startup_mk60d10.o
                0x0000db9c                UART4_ERR_IRQHandler
 .text.UART5_RX_TX_IRQHandler
                0x0000dba8        0xc Startup/startup_mk60d10.o
                0x0000dba8                UART5_RX_TX_IRQHandler
 .text.UART5_ERR_IRQHandler
                0x0000dbb4        0xc Startup/startup_mk60d10.o
                0x0000dbb4                UART5_ERR_IRQHandler
 .text.ADC0_IRQHandler
                0x0000dbc0        0xc Startup/startup_mk60d10.o
                0x0000dbc0                ADC0_IRQHandler
 .text.ADC1_IRQHandler
                0x0000dbcc        0xc Startup/startup_mk60d10.o
                0x0000dbcc                ADC1_IRQHandler
 .text.CMP0_IRQHandler
                0x0000dbd8        0xc Startup/startup_mk60d10.o
                0x0000dbd8                CMP0_IRQHandler
 .text.CMP1_IRQHandler
                0x0000dbe4        0xc Startup/startup_mk60d10.o
                0x0000dbe4                CMP1_IRQHandler
 .text.CMP2_IRQHandler
                0x0000dbf0        0xc Startup/startup_mk60d10.o
                0x0000dbf0                CMP2_IRQHandler
 .text.FTM0_IRQHandler
                0x0000dbfc        0xc Startup/startup_mk60d10.o
                0x0000dbfc                FTM0_IRQHandler
 .text.FTM1_IRQHandler
                0x0000dc08        0xc Startup/startup_mk60d10.o
                0x0000dc08                FTM1_IRQHandler
 .text.FTM2_IRQHandler
                0x0000dc14        0xc Startup/startup_mk60d10.o
                0x0000dc14                FTM2_IRQHandler
 .text.CMT_IRQHandler
                0x0000dc20        0xc Startup/startup_mk60d10.o
                0x0000dc20                CMT_IRQHandler
 .text.RTC_IRQHandler
                0x0000dc2c        0xc Startup/startup_mk60d10.o
                0x0000dc2c                RTC_IRQHandler
 .text.RTC_Seconds_IRQHandler
                0x0000dc38        0xc Startup/startup_mk60d10.o
                0x0000dc38                RTC_Seconds_IRQHandler
 .text.PIT1_IRQHandler
                0x0000dc44        0xc Startup/startup_mk60d10.o
                0x0000dc44                PIT1_IRQHandler
 .text.PIT2_IRQHandler
                0x0000dc50        0xc Startup/startup_mk60d10.o
                0x0000dc50                PIT2_IRQHandler
 .text.PIT3_IRQHandler
                0x0000dc5c        0xc Startup/startup_mk60d10.o
                0x0000dc5c                PIT3_IRQHandler
 .text.PDB0_IRQHandler
                0x0000dc68        0xc Startup/startup_mk60d10.o
                0x0000dc68                PDB0_IRQHandler
 .text.USB0_IRQHandler
                0x0000dc74        0xc Startup/startup_mk60d10.o
                0x0000dc74                USB0_IRQHandler
 .text.USBDCD_IRQHandler
                0x0000dc80        0xc Startup/startup_mk60d10.o
                0x0000dc80                USBDCD_IRQHandler
 .text.ENET_1588_Timer_IRQHandler
                0x0000dc8c        0xc Startup/startup_mk60d10.o
                0x0000dc8c                ENET_1588_Timer_IRQHandler
 .text.ENET_Transmit_IRQHandler
                0x0000dc98        0xc Startup/startup_mk60d10.o
                0x0000dc98                ENET_Transmit_IRQHandler
 .text.ENET_Receive_IRQHandler
                0x0000dca4        0xc Startup/startup_mk60d10.o
                0x0000dca4                ENET_Receive_IRQHandler
 .text.ENET_Error_IRQHandler
                0x0000dcb0        0xc Startup/startup_mk60d10.o
                0x0000dcb0                ENET_Error_IRQHandler
 .text.Reserved95_IRQHandler
                0x0000dcbc        0xc Startup/startup_mk60d10.o
                0x0000dcbc                Reserved95_IRQHandler
 .text.SDHC_IRQHandler
                0x0000dcc8        0xc Startup/startup_mk60d10.o
                0x0000dcc8                SDHC_IRQHandler
 .text.DAC0_IRQHandler
                0x0000dcd4        0xc Startup/startup_mk60d10.o
                0x0000dcd4                DAC0_IRQHandler
 .text.DAC1_IRQHandler
                0x0000dce0        0xc Startup/startup_mk60d10.o
                0x0000dce0                DAC1_IRQHandler
 .text.TSI0_IRQHandler
                0x0000dcec        0xc Startup/startup_mk60d10.o
                0x0000dcec                TSI0_IRQHandler
 .text.MCG_IRQHandler
                0x0000dcf8        0xc Startup/startup_mk60d10.o
                0x0000dcf8                MCG_IRQHandler
 .text.LPTMR0_IRQHandler
                0x0000dd04        0xc Startup/startup_mk60d10.o
                0x0000dd04                LPTMR0_IRQHandler
 .text.Reserved102_IRQHandler
                0x0000dd10        0xc Startup/startup_mk60d10.o
                0x0000dd10                Reserved102_IRQHandler
 .text.Reserved108_IRQHandler
                0x0000dd1c        0xc Startup/startup_mk60d10.o
                0x0000dd1c                Reserved108_IRQHandler
 .text.Reserved109_IRQHandler
                0x0000dd28        0xc Startup/startup_mk60d10.o
                0x0000dd28                Reserved109_IRQHandler
 .text.SWI_IRQHandler
                0x0000dd34        0xc Startup/startup_mk60d10.o
                0x0000dd34                SWI_IRQHandler
 .text._ZN8FEHMotorC2ENS_12FEHMotorPortEf
                0x0000dd40       0x7c Libraries/FEHMotor.o
                0x0000dd40                FEHMotor::FEHMotor(FEHMotor::FEHMotorPort, float)
                0x0000dd40                FEHMotor::FEHMotor(FEHMotor::FEHMotorPort, float)
 .text._ZN8FEHMotor4StopEv
                0x0000ddbc       0x30 Libraries/FEHMotor.o
                0x0000ddbc                FEHMotor::Stop()
 .text._ZN8FEHMotor8SetPowerEi
                0x0000ddec       0x54 Libraries/FEHMotor.o
                0x0000ddec                FEHMotor::SetPower(int)
 .text._ZN8FEHMotor10SetPercentEf
                0x0000de40       0xf8 Libraries/FEHMotor.o
                0x0000de40                FEHMotor::SetPercent(float)
 .text._Z21IIC_StartTransmissionhh
                0x0000df38       0x6c Drivers/i2c.o
                0x0000df38                IIC_StartTransmission(unsigned char, unsigned char)
 .text._Z5Pausev
                0x0000dfa4       0x24 Drivers/i2c.o
                0x0000dfa4                Pause()
 .text._Z21MMA8451QWriteRegisterhh
                0x0000dfc8       0x68 Drivers/i2c.o
                0x0000dfc8                MMA8451QWriteRegister(unsigned char, unsigned char)
 .text._Z8i2c_Waitv
                0x0000e030       0x6c Drivers/i2c.o
                0x0000e030                i2c_Wait()
 .text._Z12SPI_SendCharh
                0x0000e09c       0x1a Drivers/spi.o
                0x0000e09c                SPI_SendChar(unsigned char)
 .text._Z16SPI_WriteCommandhh
                0x0000e0b6       0x34 Drivers/spi.o
                0x0000e0b6                SPI_WriteCommand(unsigned char, unsigned char)
 *fill*         0x0000e0ea        0x2 
 .text._Z13SPI_CS_Assertv
                0x0000e0ec       0x1c Drivers/spi.o
                0x0000e0ec                SPI_CS_Assert()
 .text._Z15SPI_CS_Deassertv
                0x0000e108       0x1c Drivers/spi.o
                0x0000e108                SPI_CS_Deassert()
 .text._Z12SPI_Transferh
                0x0000e124       0x6c Drivers/spi.o
                0x0000e124                SPI_Transfer(unsigned char)
 .text._Z8SPI_Initv
                0x0000e190       0xa0 Drivers/spi.o
                0x0000e190                SPI_Init()
 .text._Z9uart_initPV11UART_MemMapii
                0x0000e230      0x174 Drivers/uart.o
                0x0000e230                uart_init(UART_MemMap volatile*, int, int)
 .text._Z12uart_getcharPV11UART_MemMap
                0x0000e3a4       0x32 Drivers/uart.o
                0x0000e3a4                uart_getchar(UART_MemMap volatile*)
 .text._Z12uart_putcharPV11UART_MemMapc
                0x0000e3d6       0x32 Drivers/uart.o
                0x0000e3d6                uart_putchar(UART_MemMap volatile*, char)
 .text._ZL7mem_setPvij
                0x0000e408       0x3c Drivers/ff.o
 .text._ZL11move_windowP5FATFSm
                0x0000e444       0xc8 Drivers/ff.o
 .text._ZL4syncP5FATFS
                0x0000e50c      0x14c Drivers/ff.o
 .text._ZL8validateP5FATFSt
                0x0000e658       0x54 Drivers/ff.o
 .text._Z6f_syncP3FIL
                0x0000e6ac      0x186 Drivers/ff.o
                0x0000e6ac                f_sync(FIL*)
 .text._Z7f_closeP3FIL
                0x0000e832       0x28 Drivers/ff.o
                0x0000e832                f_close(FIL*)
 *fill*         0x0000e85a        0x2 
 .text._ZL17SDHC_set_baudratemm
                0x0000e85c       0xe8 Drivers/SDHC.o
 .text._Z9SDHC_initP17esdhc_info_structPK17esdhc_init_struct
                0x0000e944      0x130 Drivers/SDHC.o
                0x0000e944                SDHC_init(esdhc_info_struct*, esdhc_init_struct const*)
 .text._ZL15SDHC_is_runningv
                0x0000ea74       0x24 Drivers/SDHC.o
 .text._ZL16SDHC_status_waitm
                0x0000ea98       0x2c Drivers/SDHC.o
 .text._ZL17SDHC_send_commandP20esdhc_command_struct
                0x0000eac4      0x1f8 Drivers/SDHC.o
 .text._Z10SDHC_ioctlmPv
                0x0000ecbc      0x6f0 Drivers/SDHC.o
                0x0000ecbc                SDHC_ioctl(unsigned long, void*)
 .text._ZL14rcvr_datablockPhm
                0x0000f3ac       0xf0 Drivers/SDHC.o
 .text._Z9disk_readhPhmh
                0x0000f49c      0x124 Drivers/SDHC.o
                0x0000f49c                disk_read(unsigned char, unsigned char*, unsigned long, unsigned char)
 .text._ZL14xmit_datablockPKhm
                0x0000f5c0       0xa4 Drivers/SDHC.o
 .text._Z10disk_writehPKhmh
                0x0000f664      0x198 Drivers/SDHC.o
                0x0000f664                disk_write(unsigned char, unsigned char const*, unsigned long, unsigned char)
 .text._Z10disk_ioctlhhPv
                0x0000f7fc      0x104 Drivers/SDHC.o
                0x0000f7fc                disk_ioctl(unsigned char, unsigned char, void*)
 .text._Z11disk_statush
                0x0000f900       0x28 Drivers/SDHC.o
                0x0000f900                disk_status(unsigned char)
 .text._Z13time_delay_msm
                0x0000f928       0x6c Drivers/lptmr.o
                0x0000f928                time_delay_ms(unsigned long)
 .text._Z41__static_initialization_and_destruction_0ii
                0x0000f994       0x2c FEHProteus.o
 .text._GLOBAL__sub_I_Propeller
                0x0000f9c0       0x10 FEHProteus.o
 .text._ZN12FEHPropellerC2Ev
                0x0000f9d0       0x1a Drivers/FEHPropeller.o
                0x0000f9d0                FEHPropeller::FEHPropeller()
                0x0000f9d0                FEHPropeller::FEHPropeller()
 *fill*         0x0000f9ea        0x2 
 .text._ZN12FEHPropeller10InitializeEv
                0x0000f9ec       0x74 Drivers/FEHPropeller.o
                0x0000f9ec                FEHPropeller::Initialize()
 .text._ZN12FEHPropeller12SetMotorRateEhhh
                0x0000fa60       0x5c Drivers/FEHPropeller.o
                0x0000fa60                FEHPropeller::SetMotorRate(unsigned char, unsigned char, unsigned char)
 .text._ZL5Delaymjj
                0x0000fabc       0x94 Libraries/FEHUtility.o
 .text._Z5Sleepi
                0x0000fb50       0x2c Libraries/FEHUtility.o
                0x0000fb50                Sleep(int)
 .text._Z5Sleepd
                0x0000fb7c       0x4c Libraries/FEHUtility.o
                0x0000fb7c                Sleep(double)
 .text._Z7TimeNowv
                0x0000fbc8       0x5c Libraries/FEHUtility.o
                0x0000fbc8                TimeNow()
 .text._ZN15DigitalInputPinC2EN5FEHIO8FEHIOPinE
                0x0000fc24       0x20 Libraries/FEHIO.o
                0x0000fc24                DigitalInputPin::DigitalInputPin(FEHIO::FEHIOPin)
                0x0000fc24                DigitalInputPin::DigitalInputPin(FEHIO::FEHIOPin)
 .text._ZN15DigitalInputPin10InitializeEN5FEHIO8FEHIOPinE
                0x0000fc44      0x198 Libraries/FEHIO.o
                0x0000fc44                DigitalInputPin::Initialize(FEHIO::FEHIOPin)
 .text._ZN15DigitalInputPin5ValueEv
                0x0000fddc      0x108 Libraries/FEHIO.o
                0x0000fddc                DigitalInputPin::Value()
 .text._ZN14DigitalEncoderC2EN5FEHIO8FEHIOPinE
                0x0000fee4       0x26 Libraries/FEHIO.o
                0x0000fee4                DigitalEncoder::DigitalEncoder(FEHIO::FEHIOPin)
                0x0000fee4                DigitalEncoder::DigitalEncoder(FEHIO::FEHIOPin)
 *fill*         0x0000ff0a        0x2 
 .text._Z10enable_irqi
                0x0000ff0c      0x11c Libraries/FEHIO.o
                0x0000ff0c                enable_irq(int)
 .text._ZN14DigitalEncoder10InitializeEN5FEHIO8FEHIOPinENS0_21FEHIOInterruptTriggerE
                0x00010028      0x1a8 Libraries/FEHIO.o
                0x00010028                DigitalEncoder::Initialize(FEHIO::FEHIOPin, FEHIO::FEHIOInterruptTrigger)
 .text._Z16PORTB_IRQHandlerv
                0x000101d0       0x9c Libraries/FEHIO.o
                0x000101d0                PORTB_IRQHandler()
 .text._Z16PORTC_IRQHandlerv
                0x0001026c       0x9c Libraries/FEHIO.o
                0x0001026c                PORTC_IRQHandler()
 .text._Z16PORTA_IRQHandlerv
                0x00010308       0xa0 Libraries/FEHIO.o
                0x00010308                PORTA_IRQHandler()
 .text._Z16PORTE_IRQHandlerv
                0x000103a8       0x98 Libraries/FEHIO.o
                0x000103a8                PORTE_IRQHandler()
 .text._ZN14DigitalEncoder6CountsEv
                0x00010440       0x24 Libraries/FEHIO.o
                0x00010440                DigitalEncoder::Counts()
 .text._ZN14DigitalEncoder11ResetCountsEv
                0x00010464       0x24 Libraries/FEHIO.o
                0x00010464                DigitalEncoder::ResetCounts()
 .text._ZN14AnalogInputPinC2EN5FEHIO8FEHIOPinE
                0x00010488       0x1e Libraries/FEHIO.o
                0x00010488                AnalogInputPin::AnalogInputPin(FEHIO::FEHIOPin)
                0x00010488                AnalogInputPin::AnalogInputPin(FEHIO::FEHIOPin)
 *fill*         0x000104a6        0x2 
 .text._ZN14AnalogInputPin5ValueEv
                0x000104a8      0x120 Libraries/FEHIO.o
                0x000104a8                AnalogInputPin::Value()
 .text._ZN13AnalogEncoder12EncoderValueEv
                0x000105c8       0xb0 Libraries/FEHIO.o
                0x000105c8                AnalogEncoder::EncoderValue()
 .text._ZN14AnalogInputPin8InitADCsEv
                0x00010678       0x98 Libraries/FEHIO.o
                0x00010678                AnalogInputPin::InitADCs()
 .text._Z15PIT0_IRQHandlerv
                0x00010710       0x28 Libraries/FEHIO.o
                0x00010710                PIT0_IRQHandler()
 .text._ZN13AnalogEncoder4InitEv
                0x00010738       0x44 Libraries/FEHIO.o
                0x00010738                AnalogEncoder::Init()
 .text._ZN13AnalogEncoder14SetCounterInitEj
                0x0001077c       0x20 Libraries/FEHIO.o
                0x0001077c                AnalogEncoder::SetCounterInit(unsigned int)
 .text._ZN13AnalogEncoder10ProcessIntEv
                0x0001079c       0x68 Libraries/FEHIO.o
                0x0001079c                AnalogEncoder::ProcessInt()
 .text._ZN13AnalogEncoder14ProcessIntSelfEv
                0x00010804       0x6e Libraries/FEHIO.o
                0x00010804                AnalogEncoder::ProcessIntSelf()
 .text._Z7ADC_CalPV10ADC_MemMap
                0x00010872      0x13e Drivers/adc16.o
                0x00010872                ADC_Cal(ADC_MemMap volatile*)
 .text._Z14ADC_Config_AltPV10ADC_MemMapP7adc_cfg
                0x000109b0       0x6c Drivers/adc16.o
                0x000109b0                ADC_Config_Alt(ADC_MemMap volatile*, adc_cfg*)
 .text._ZN9FEHBuzzerC2Ev
                0x00010a1c       0x14 Libraries/FEHBuzzer.o
                0x00010a1c                FEHBuzzer::FEHBuzzer()
                0x00010a1c                FEHBuzzer::FEHBuzzer()
 .text._Z41__static_initialization_and_destruction_0ii
                0x00010a30       0x2c Libraries/FEHBuzzer.o
 .text._GLOBAL__sub_I_Buzzer
                0x00010a5c       0x10 Libraries/FEHBuzzer.o
 .text._ZN8FEHServoC2ENS_12FEHServoPortE
                0x00010a6c       0x38 Libraries/FEHServo.o
                0x00010a6c                FEHServo::FEHServo(FEHServo::FEHServoPort)
                0x00010a6c                FEHServo::FEHServo(FEHServo::FEHServoPort)
 .text._ZN8FEHServo6SetMinEi
                0x00010aa4       0x3a Libraries/FEHServo.o
                0x00010aa4                FEHServo::SetMin(int)
 .text._ZN8FEHServo6SetMaxEi
                0x00010ade       0x3a Libraries/FEHServo.o
                0x00010ade                FEHServo::SetMax(int)
 .text._ZN8FEHServo9SetDegreeEf
                0x00010b18       0xf8 Libraries/FEHServo.o
                0x00010b18                FEHServo::SetDegree(float)
 .text._ZN6FEHLCD11_InitializeEv
                0x00010c10      0x410 Libraries/FEHLCD.o
                0x00010c10                FEHLCD::_Initialize()
 .text._ZN6FEHLCDC2Ev
                0x00011020       0x50 Libraries/FEHLCD.o
                0x00011020                FEHLCD::FEHLCD()
                0x00011020                FEHLCD::FEHLCD()
 .text._ZN6FEHLCD10InitializeEv
                0x00011070       0x28 Libraries/FEHLCD.o
                0x00011070                FEHLCD::Initialize()
 .text._ZN6FEHLCD10PrintImageEii
                0x00011098       0xbc Libraries/FEHLCD.o
                0x00011098                FEHLCD::PrintImage(int, int)
 .text._ZN6FEHLCD9PrintLogoEii
                0x00011154       0xbc Libraries/FEHLCD.o
                0x00011154                FEHLCD::PrintLogo(int, int)
 .text._ZN6FEHLCD22ConvertFEHColorTo24BitENS_11FEHLCDColorE
                0x00011210       0x78 Libraries/FEHLCD.o
                0x00011210                FEHLCD::ConvertFEHColorTo24Bit(FEHLCD::FEHLCDColor)
 .text._ZN6FEHLCD24Convert24BitColorTo16BitEj
                0x00011288       0x30 Libraries/FEHLCD.o
                0x00011288                FEHLCD::Convert24BitColorTo16Bit(unsigned int)
 .text._ZN6FEHLCD22ConvertRGBColorTo16BitEhhh
                0x000112b8       0x4a Libraries/FEHLCD.o
                0x000112b8                FEHLCD::ConvertRGBColorTo16Bit(unsigned char, unsigned char, unsigned char)
 .text._ZN6FEHLCD5ClearENS_11FEHLCDColorE
                0x00011302       0x28 Libraries/FEHLCD.o
                0x00011302                FEHLCD::Clear(FEHLCD::FEHLCDColor)
 .text._ZN6FEHLCD5ClearEj
                0x0001132a       0x2c Libraries/FEHLCD.o
                0x0001132a                FEHLCD::Clear(unsigned int)
 .text._ZN6FEHLCD18SetBackgroundColorENS_11FEHLCDColorE
                0x00011356       0x28 Libraries/FEHLCD.o
                0x00011356                FEHLCD::SetBackgroundColor(FEHLCD::FEHLCDColor)
 .text._ZN6FEHLCD18SetBackgroundColorEj
                0x0001137e       0x26 Libraries/FEHLCD.o
                0x0001137e                FEHLCD::SetBackgroundColor(unsigned int)
 .text._ZN6FEHLCD12SetFontColorENS_11FEHLCDColorE
                0x000113a4       0x28 Libraries/FEHLCD.o
                0x000113a4                FEHLCD::SetFontColor(FEHLCD::FEHLCDColor)
 .text._ZN6FEHLCD12SetFontColorEj
                0x000113cc       0x26 Libraries/FEHLCD.o
                0x000113cc                FEHLCD::SetFontColor(unsigned int)
 .text._ZN6FEHLCD7WriteAtEPKcii
                0x000113f2       0x46 Libraries/FEHLCD.o
                0x000113f2                FEHLCD::WriteAt(char const*, int, int)
 .text._ZN6FEHLCD11TS_SPI_InitEv
                0x00011438       0x7c Libraries/FEHLCD.o
                0x00011438                FEHLCD::TS_SPI_Init()
 .text._ZN6FEHLCD5WriteEPKc
                0x000114b4       0x4e Libraries/FEHLCD.o
                0x000114b4                FEHLCD::Write(char const*)
 *fill*         0x00011502        0x2 
 .text._ZN6FEHLCD5WriteEf
                0x00011504       0xc0 Libraries/FEHLCD.o
                0x00011504                FEHLCD::Write(float)
 .text._ZN6FEHLCD9WriteLineEPKc
                0x000115c4       0x26 Libraries/FEHLCD.o
                0x000115c4                FEHLCD::WriteLine(char const*)
 .text._ZN6FEHLCD9WriteLineEf
                0x000115ea       0x26 Libraries/FEHLCD.o
                0x000115ea                FEHLCD::WriteLine(float)
 .text._ZN6FEHLCD10WriteIndexEh
                0x00011610      0x14c Libraries/FEHLCD.o
                0x00011610                FEHLCD::WriteIndex(unsigned char)
 .text._ZN6FEHLCD14WriteParameterEh
                0x0001175c      0x130 Libraries/FEHLCD.o
                0x0001175c                FEHLCD::WriteParameter(unsigned char)
 .text._ZN6FEHLCD6_ClearEv
                0x0001188c      0x15c Libraries/FEHLCD.o
                0x0001188c                FEHLCD::_Clear()
 .text._ZN6FEHLCD8NextLineEv
                0x000119e8       0x2a Libraries/FEHLCD.o
                0x000119e8                FEHLCD::NextLine()
 .text._ZN6FEHLCD9CheckLineEv
                0x00011a12       0x28 Libraries/FEHLCD.o
                0x00011a12                FEHLCD::CheckLine()
 .text._ZN6FEHLCD8NextCharEv
                0x00011a3a       0x32 Libraries/FEHLCD.o
                0x00011a3a                FEHLCD::NextChar()
 .text._ZN6FEHLCD13SetDrawRegionEiiii
                0x00011a6c       0xfe Libraries/FEHLCD.o
                0x00011a6c                FEHLCD::SetDrawRegion(int, int, int, int)
 .text._ZN6FEHLCD9WriteCharEiic
                0x00011b6a       0x34 Libraries/FEHLCD.o
                0x00011b6a                FEHLCD::WriteChar(int, int, char)
 *fill*         0x00011b9e        0x2 
 .text._ZN6FEHLCD11WriteCharAtEiic
                0x00011ba0      0x214 Libraries/FEHLCD.o
                0x00011ba0                FEHLCD::WriteCharAt(int, int, char)
 .text._ZN6FEHLCD11RepeatColorEv
                0x00011db4       0x70 Libraries/FEHLCD.o
                0x00011db4                FEHLCD::RepeatColor()
 .text._ZN6FEHLCD10_ForePixelEv
                0x00011e24       0xc4 Libraries/FEHLCD.o
                0x00011e24                FEHLCD::_ForePixel()
 .text._ZN6FEHLCD10_BackPixelEv
                0x00011ee8       0xc4 Libraries/FEHLCD.o
                0x00011ee8                FEHLCD::_BackPixel()
 .text._ZN6FEHLCD22SetRegisterColorValuesEv
                0x00011fac      0x336 Libraries/FEHLCD.o
                0x00011fac                FEHLCD::SetRegisterColorValues()
 *fill*         0x000122e2        0x2 
 .text._Z41__static_initialization_and_destruction_0ii
                0x000122e4       0x2c Libraries/FEHLCD.o
 .text._GLOBAL__sub_I_image
                0x00012310       0x10 Libraries/FEHLCD.o
 .text._ZN8FEHAccelC2Ev
                0x00012320       0x70 Libraries/FEHAccel.o
                0x00012320                FEHAccel::FEHAccel()
                0x00012320                FEHAccel::FEHAccel()
 .text._Z41__static_initialization_and_destruction_0ii
                0x00012390       0x2c Libraries/FEHAccel.o
 .text._GLOBAL__sub_I_Accel
                0x000123bc       0x10 Libraries/FEHAccel.o
 .text._ZN10FEHBatteryC2EN5FEHIO8FEHIOPinE
                0x000123cc       0x22 Libraries/FEHBattery.o
                0x000123cc                FEHBattery::FEHBattery(FEHIO::FEHIOPin)
                0x000123cc                FEHBattery::FEHBattery(FEHIO::FEHIOPin)
 *fill*         0x000123ee        0x2 
 .text._Z41__static_initialization_and_destruction_0ii
                0x000123f0       0x30 Libraries/FEHBattery.o
 .text._GLOBAL__sub_I_Battery
                0x00012420       0x10 Libraries/FEHBattery.o
 .text._ZN7FEHXBeeC2Ev
                0x00012430       0x1a Drivers/FEHXBee.o
                0x00012430                FEHXBee::FEHXBee()
                0x00012430                FEHXBee::FEHXBee()
 *fill*         0x0001244a        0x2 
 .text._ZN7FEHXBee17SetPacketCallBackEPFvPhhE
                0x0001244c       0x20 Drivers/FEHXBee.o
                0x0001244c                FEHXBee::SetPacketCallBack(void (*)(unsigned char*, unsigned char))
 .text._Z22UART0_RX_TX_IRQHandlerv
                0x0001246c       0xec Drivers/FEHXBee.o
                0x0001246c                UART0_RX_TX_IRQHandler()
 .text._ZN6FEHRPSC2Ev
                0x00012558       0x74 Libraries/FEHRPS.o
                0x00012558                FEHRPS::FEHRPS()
                0x00012558                FEHRPS::FEHRPS()
 .text._Z14RPSDataProcessPhh
                0x000125cc      0x148 Libraries/FEHRPS.o
                0x000125cc                RPSDataProcess(unsigned char*, unsigned char)
 .text._Z41__static_initialization_and_destruction_0ii
                0x00012714       0x2c Libraries/FEHRPS.o
 .text._GLOBAL__sub_I_RPS
                0x00012740       0x10 Libraries/FEHRPS.o
 .text._ZN5FEHSDC2Ev
                0x00012750       0x24 Libraries/FEHSD.o
                0x00012750                FEHSD::FEHSD()
                0x00012750                FEHSD::FEHSD()
 .text._ZN5FEHSD9FCloseAllEv
                0x00012774       0x6c Libraries/FEHSD.o
                0x00012774                FEHSD::FCloseAll()
 .text._Z41__static_initialization_and_destruction_0ii
                0x000127e0       0x2c Libraries/FEHSD.o
 .text._GLOBAL__sub_I_SD
                0x0001280c       0x10 Libraries/FEHSD.o
 .text._ZN9FEHRandom10InitializeEv
                0x0001281c       0x3c Libraries/FEHRandom.o
                0x0001281c                FEHRandom::Initialize()
 .text.startup._GLOBAL__sub_I__ZN9__gnu_cxx9__freeresEv
                0x00012858       0x28 c:/gcc-arm-none-eabi-10.3-2021.10/bin/../lib/gcc/arm-none-eabi/10.3.1/../../../../arm-none-eabi/lib/thumb/v7e-m/nofp\libstdc++.a(eh_alloc.o)
 .text          0x00012880      0x378 c:/gcc-arm-none-eabi-10.3-2021.10/bin/../lib/gcc/arm-none-eabi/10.3.1/thumb/v7e-m/nofp\libgcc.a(_arm_addsubdf3.o)
                0x00012880                __aeabi_drsub
                0x00012888                __aeabi_dsub
                0x00012888                __subdf3
                0x0001288c                __aeabi_dadd
                0x0001288c                __adddf3
                0x00012b04                __floatunsidf
                0x00012b04                __aeabi_ui2d
                0x00012b24                __floatsidf
                0x00012b24                __aeabi_i2d
                0x00012b48                __aeabi_f2d
                0x00012b48                __extendsfdf2
                0x00012b8c                __floatundidf
                0x00012b8c                __aeabi_ul2d
                0x00012b9c                __floatdidf
                0x00012b9c                __aeabi_l2d
 .text          0x00012bf8      0x424 c:/gcc-arm-none-eabi-10.3-2021.10/bin/../lib/gcc/arm-none-eabi/10.3.1/thumb/v7e-m/nofp\libgcc.a(_arm_muldivdf3.o)
                0x00012bf8                __aeabi_dmul
                0x00012bf8                __muldf3
                0x00012e4c                __divdf3
                0x00012e4c                __aeabi_ddiv
 .text          0x0001301c      0x110 c:/gcc-arm-none-eabi-10.3-2021.10/bin/../lib/gcc/arm-none-eabi/10.3.1/thumb/v7e-m/nofp\libgcc.a(_arm_cmpdf2.o)
                0x0001301c                __gtdf2
                0x0001301c                __gedf2
                0x00013024                __ltdf2
                0x00013024                __ledf2
                0x0001302c                __nedf2
                0x0001302c                __eqdf2
                0x0001302c                __cmpdf2
                0x000130a8                __aeabi_cdrcmple
                0x000130b8                __aeabi_cdcmpeq
                0x000130b8                __aeabi_cdcmple
                0x000130c8                __aeabi_dcmpeq
                0x000130dc                __aeabi_dcmplt
                0x000130f0                __aeabi_dcmple
                0x00013104                __aeabi_dcmpge
                0x00013118                __aeabi_dcmpgt
 .text          0x0001312c       0x50 c:/gcc-arm-none-eabi-10.3-2021.10/bin/../lib/gcc/arm-none-eabi/10.3.1/thumb/v7e-m/nofp\libgcc.a(_arm_fixdfsi.o)
                0x0001312c                __aeabi_d2iz
                0x0001312c                __fixdfsi
 .text          0x0001317c       0x40 c:/gcc-arm-none-eabi-10.3-2021.10/bin/../lib/gcc/arm-none-eabi/10.3.1/thumb/v7e-m/nofp\libgcc.a(_arm_fixunsdfsi.o)
                0x0001317c                __aeabi_d2uiz
                0x0001317c                __fixunsdfsi
 .text          0x000131bc       0xa0 c:/gcc-arm-none-eabi-10.3-2021.10/bin/../lib/gcc/arm-none-eabi/10.3.1/thumb/v7e-m/nofp\libgcc.a(_arm_truncdfsf2.o)
                0x000131bc                __truncdfsf2
                0x000131bc                __aeabi_d2f
 .text          0x0001325c      0x21c c:/gcc-arm-none-eabi-10.3-2021.10/bin/../lib/gcc/arm-none-eabi/10.3.1/thumb/v7e-m/nofp\libgcc.a(_arm_addsubsf3.o)
                0x0001325c                __aeabi_frsub
                0x00013264                __subsf3
                0x00013264                __aeabi_fsub
                0x00013268                __aeabi_fadd
                0x00013268                __addsf3
                0x000133c8                __aeabi_ui2f
                0x000133c8                __floatunsisf
                0x000133d0                __aeabi_i2f
                0x000133d0                __floatsisf
                0x000133ec                __aeabi_ul2f
                0x000133ec                __floatundisf
                0x000133fc                __aeabi_l2f
                0x000133fc                __floatdisf
 .text          0x00013478      0x2a0 c:/gcc-arm-none-eabi-10.3-2021.10/bin/../lib/gcc/arm-none-eabi/10.3.1/thumb/v7e-m/nofp\libgcc.a(_arm_muldivsf3.o)
                0x00013478                __mulsf3
                0x00013478                __aeabi_fmul
                0x000135e0                __aeabi_fdiv
                0x000135e0                __divsf3
 .text          0x00013718       0xec c:/gcc-arm-none-eabi-10.3-2021.10/bin/../lib/gcc/arm-none-eabi/10.3.1/thumb/v7e-m/nofp\libgcc.a(_arm_cmpsf2.o)
                0x00013718                __gesf2
                0x00013718                __gtsf2
                0x00013720                __lesf2
                0x00013720                __ltsf2
                0x00013728                __nesf2
                0x00013728                __eqsf2
                0x00013728                __cmpsf2
                0x00013788                __aeabi_cfrcmple
                0x00013790                __aeabi_cfcmpeq
                0x00013790                __aeabi_cfcmple
                0x000137a0                __aeabi_fcmpeq
                0x000137b4                __aeabi_fcmplt
                0x000137c8                __aeabi_fcmple
                0x000137dc                __aeabi_fcmpge
                0x000137f0                __aeabi_fcmpgt
 .text          0x00013804       0x4c c:/gcc-arm-none-eabi-10.3-2021.10/bin/../lib/gcc/arm-none-eabi/10.3.1/thumb/v7e-m/nofp\libgcc.a(_arm_fixsfsi.o)
                0x00013804                __aeabi_f2iz
                0x00013804                __fixsfsi
 .text.abort    0x00013850       0x10 c:/gcc-arm-none-eabi-10.3-2021.10/bin/../lib/gcc/arm-none-eabi/10.3.1/../../../../arm-none-eabi/lib/thumb/v7e-m/nofp\libg.a(lib_a-abort.o)
                0x00013850                abort
 .text.__sfvwrite_r
                0x00013860      0x2e8 c:/gcc-arm-none-eabi-10.3-2021.10/bin/../lib/gcc/arm-none-eabi/10.3.1/../../../../arm-none-eabi/lib/thumb/v7e-m/nofp\libg.a(lib_a-fvwrite.o)
                0x00013860                __sfvwrite_r
 .text.__libc_init_array
                0x00013b48       0x48 c:/gcc-arm-none-eabi-10.3-2021.10/bin/../lib/gcc/arm-none-eabi/10.3.1/../../../../arm-none-eabi/lib/thumb/v7e-m/nofp\libg.a(lib_a-init.o)
                0x00013b48                __libc_init_array
 .text.__retarget_lock_init_recursive
                0x00013b90        0x4 c:/gcc-arm-none-eabi-10.3-2021.10/bin/../lib/gcc/arm-none-eabi/10.3.1/../../../../arm-none-eabi/lib/thumb/v7e-m/nofp\libg.a(lib_a-lock.o)
                0x00013b90                __retarget_lock_init_recursive
 .text.__retarget_lock_close_recursive
                0x00013b94        0x4 c:/gcc-arm-none-eabi-10.3-2021.10/bin/../lib/gcc/arm-none-eabi/10.3.1/../../../../arm-none-eabi/lib/thumb/v7e-m/nofp\libg.a(lib_a-lock.o)
                0x00013b94                __retarget_lock_close_recursive
 .text.__retarget_lock_acquire_recursive
                0x00013b98        0x4 c:/gcc-arm-none-eabi-10.3-2021.10/bin/../lib/gcc/arm-none-eabi/10.3.1/../../../../arm-none-eabi/lib/thumb/v7e-m/nofp\libg.a(lib_a-lock.o)
                0x00013b98                __retarget_lock_acquire_recursive
 .text.__retarget_lock_release_recursive
                0x00013b9c        0x4 c:/gcc-arm-none-eabi-10.3-2021.10/bin/../lib/gcc/arm-none-eabi/10.3.1/../../../../arm-none-eabi/lib/thumb/v7e-m/nofp\libg.a(lib_a-lock.o)
                0x00013b9c                __retarget_lock_release_recursive
 .text.malloc   0x00013ba0       0x10 c:/gcc-arm-none-eabi-10.3-2021.10/bin/../lib/gcc/arm-none-eabi/10.3.1/../../../../arm-none-eabi/lib/thumb/v7e-m/nofp\libg.a(lib_a-malloc.o)
                0x00013ba0                malloc
 .text._malloc_r
                0x00013bb0      0x560 c:/gcc-arm-none-eabi-10.3-2021.10/bin/../lib/gcc/arm-none-eabi/10.3.1/../../../../arm-none-eabi/lib/thumb/v7e-m/nofp\libg.a(lib_a-mallocr.o)
                0x00013bb0                _malloc_r
 .text          0x00014110       0xa0 c:/gcc-arm-none-eabi-10.3-2021.10/bin/../lib/gcc/arm-none-eabi/10.3.1/../../../../arm-none-eabi/lib/thumb/v7e-m/nofp\libg.a(lib_a-memchr.o)
                0x00014110                memchr
 .text          0x000141b0      0x134 c:/gcc-arm-none-eabi-10.3-2021.10/bin/../lib/gcc/arm-none-eabi/10.3.1/../../../../arm-none-eabi/lib/thumb/v7e-m/nofp\libg.a(lib_a-memcpy.o)
                0x000141b0                memcpy
 .text.memmove  0x000142e4       0xf8 c:/gcc-arm-none-eabi-10.3-2021.10/bin/../lib/gcc/arm-none-eabi/10.3.1/../../../../arm-none-eabi/lib/thumb/v7e-m/nofp\libg.a(lib_a-memmove.o)
                0x000142e4                memmove
 .text.memset   0x000143dc       0xa4 c:/gcc-arm-none-eabi-10.3-2021.10/bin/../lib/gcc/arm-none-eabi/10.3.1/../../../../arm-none-eabi/lib/thumb/v7e-m/nofp\libg.a(lib_a-memset.o)
                0x000143dc                memset
 .text.__malloc_lock
                0x00014480        0xc c:/gcc-arm-none-eabi-10.3-2021.10/bin/../lib/gcc/arm-none-eabi/10.3.1/../../../../arm-none-eabi/lib/thumb/v7e-m/nofp\libg.a(lib_a-mlock.o)
                0x00014480                __malloc_lock
 .text.__malloc_unlock
                0x0001448c        0xc c:/gcc-arm-none-eabi-10.3-2021.10/bin/../lib/gcc/arm-none-eabi/10.3.1/../../../../arm-none-eabi/lib/thumb/v7e-m/nofp\libg.a(lib_a-mlock.o)
                0x0001448c                __malloc_unlock
 .text._realloc_r
                0x00014498      0x3d8 c:/gcc-arm-none-eabi-10.3-2021.10/bin/../lib/gcc/arm-none-eabi/10.3.1/../../../../arm-none-eabi/lib/thumb/v7e-m/nofp\libg.a(lib_a-reallocr.o)
                0x00014498                _realloc_r
 .text._sbrk_r  0x00014870       0x24 c:/gcc-arm-none-eabi-10.3-2021.10/bin/../lib/gcc/arm-none-eabi/10.3.1/../../../../arm-none-eabi/lib/thumb/v7e-m/nofp\libg.a(lib_a-sbrkr.o)
                0x00014870                _sbrk_r
 .text.raise    0x00014894       0x5c c:/gcc-arm-none-eabi-10.3-2021.10/bin/../lib/gcc/arm-none-eabi/10.3.1/../../../../arm-none-eabi/lib/thumb/v7e-m/nofp\libg.a(lib_a-signal.o)
                0x00014894                raise
 .text._kill_r  0x000148f0       0x2c c:/gcc-arm-none-eabi-10.3-2021.10/bin/../lib/gcc/arm-none-eabi/10.3.1/../../../../arm-none-eabi/lib/thumb/v7e-m/nofp\libg.a(lib_a-signalr.o)
                0x000148f0                _kill_r
 .text._getpid_r
                0x0001491c        0x4 c:/gcc-arm-none-eabi-10.3-2021.10/bin/../lib/gcc/arm-none-eabi/10.3.1/../../../../arm-none-eabi/lib/thumb/v7e-m/nofp\libg.a(lib_a-signalr.o)
                0x0001491c                _getpid_r
 .text.sprintf  0x00014920       0x40 c:/gcc-arm-none-eabi-10.3-2021.10/bin/../lib/gcc/arm-none-eabi/10.3.1/../../../../arm-none-eabi/lib/thumb/v7e-m/nofp\libg.a(lib_a-sprintf.o)
                0x00014920                sprintf
 *fill*         0x00014960       0x20 
 .text          0x00014980       0xdc c:/gcc-arm-none-eabi-10.3-2021.10/bin/../lib/gcc/arm-none-eabi/10.3.1/../../../../arm-none-eabi/lib/thumb/v7e-m/nofp\libg.a(lib_a-strlen.o)
                0x00014980                strlen
 .text._svfprintf_r
                0x00014a5c     0x1a3c c:/gcc-arm-none-eabi-10.3-2021.10/bin/../lib/gcc/arm-none-eabi/10.3.1/../../../../arm-none-eabi/lib/thumb/v7e-m/nofp\libg.a(lib_a-svfprintf.o)
                0x00014a5c                _svfprintf_r
 .text.__swbuf_r
                0x00016498       0xb0 c:/gcc-arm-none-eabi-10.3-2021.10/bin/../lib/gcc/arm-none-eabi/10.3.1/../../../../arm-none-eabi/lib/thumb/v7e-m/nofp\libg.a(lib_a-wbuf.o)
                0x00016498                __swbuf_r
 .text._write_r
                0x00016548       0x2c c:/gcc-arm-none-eabi-10.3-2021.10/bin/../lib/gcc/arm-none-eabi/10.3.1/../../../../arm-none-eabi/lib/thumb/v7e-m/nofp\libg.a(lib_a-writer.o)
                0x00016548                _write_r
 .text.__swsetup_r
                0x00016574       0xd4 c:/gcc-arm-none-eabi-10.3-2021.10/bin/../lib/gcc/arm-none-eabi/10.3.1/../../../../arm-none-eabi/lib/thumb/v7e-m/nofp\libg.a(lib_a-wsetup.o)
                0x00016574                __swsetup_r
 .text.startup.register_fini
                0x00016648       0x14 c:/gcc-arm-none-eabi-10.3-2021.10/bin/../lib/gcc/arm-none-eabi/10.3.1/../../../../arm-none-eabi/lib/thumb/v7e-m/nofp\libg.a(lib_a-__call_atexit.o)
 .text.atexit   0x0001665c        0xc c:/gcc-arm-none-eabi-10.3-2021.10/bin/../lib/gcc/arm-none-eabi/10.3.1/../../../../arm-none-eabi/lib/thumb/v7e-m/nofp\libg.a(lib_a-atexit.o)
                0x0001665c                atexit
 .text.quorem   0x00016668      0x124 c:/gcc-arm-none-eabi-10.3-2021.10/bin/../lib/gcc/arm-none-eabi/10.3.1/../../../../arm-none-eabi/lib/thumb/v7e-m/nofp\libg.a(lib_a-dtoa.o)
 *fill*         0x0001678c        0x4 
 .text._dtoa_r  0x00016790      0xec4 c:/gcc-arm-none-eabi-10.3-2021.10/bin/../lib/gcc/arm-none-eabi/10.3.1/../../../../arm-none-eabi/lib/thumb/v7e-m/nofp\libg.a(lib_a-dtoa.o)
                0x00016790                _dtoa_r
 .text.__sflush_r
                0x00017654      0x120 c:/gcc-arm-none-eabi-10.3-2021.10/bin/../lib/gcc/arm-none-eabi/10.3.1/../../../../arm-none-eabi/lib/thumb/v7e-m/nofp\libg.a(lib_a-fflush.o)
                0x00017654                __sflush_r
 .text._fflush_r
                0x00017774       0x5c c:/gcc-arm-none-eabi-10.3-2021.10/bin/../lib/gcc/arm-none-eabi/10.3.1/../../../../arm-none-eabi/lib/thumb/v7e-m/nofp\libg.a(lib_a-fflush.o)
                0x00017774                _fflush_r
 .text._cleanup_r
                0x000177d0        0xc c:/gcc-arm-none-eabi-10.3-2021.10/bin/../lib/gcc/arm-none-eabi/10.3.1/../../../../arm-none-eabi/lib/thumb/v7e-m/nofp\libg.a(lib_a-findfp.o)
                0x000177d0                _cleanup_r
 .text.__sinit  0x000177dc      0x10c c:/gcc-arm-none-eabi-10.3-2021.10/bin/../lib/gcc/arm-none-eabi/10.3.1/../../../../arm-none-eabi/lib/thumb/v7e-m/nofp\libg.a(lib_a-findfp.o)
                0x000177dc                __sinit
 .text.__sfp_lock_acquire
                0x000178e8        0xc c:/gcc-arm-none-eabi-10.3-2021.10/bin/../lib/gcc/arm-none-eabi/10.3.1/../../../../arm-none-eabi/lib/thumb/v7e-m/nofp\libg.a(lib_a-findfp.o)
                0x000178e8                __sfp_lock_acquire
 .text.__sfp_lock_release
                0x000178f4        0xc c:/gcc-arm-none-eabi-10.3-2021.10/bin/../lib/gcc/arm-none-eabi/10.3.1/../../../../arm-none-eabi/lib/thumb/v7e-m/nofp\libg.a(lib_a-findfp.o)
                0x000178f4                __sfp_lock_release
 .text.__libc_fini_array
                0x00017900       0x2c c:/gcc-arm-none-eabi-10.3-2021.10/bin/../lib/gcc/arm-none-eabi/10.3.1/../../../../arm-none-eabi/lib/thumb/v7e-m/nofp\libg.a(lib_a-fini.o)
                0x00017900                __libc_fini_array
 .text._malloc_trim_r
                0x0001792c       0xa0 c:/gcc-arm-none-eabi-10.3-2021.10/bin/../lib/gcc/arm-none-eabi/10.3.1/../../../../arm-none-eabi/lib/thumb/v7e-m/nofp\libg.a(lib_a-freer.o)
                0x0001792c                _malloc_trim_r
 .text._free_r  0x000179cc      0x20c c:/gcc-arm-none-eabi-10.3-2021.10/bin/../lib/gcc/arm-none-eabi/10.3.1/../../../../arm-none-eabi/lib/thumb/v7e-m/nofp\libg.a(lib_a-freer.o)
                0x000179cc                _free_r
 .text._fwalk_reent
                0x00017bd8       0x48 c:/gcc-arm-none-eabi-10.3-2021.10/bin/../lib/gcc/arm-none-eabi/10.3.1/../../../../arm-none-eabi/lib/thumb/v7e-m/nofp\libg.a(lib_a-fwalk.o)
                0x00017bd8                _fwalk_reent
 .text._localeconv_r
                0x00017c20        0x8 c:/gcc-arm-none-eabi-10.3-2021.10/bin/../lib/gcc/arm-none-eabi/10.3.1/../../../../arm-none-eabi/lib/thumb/v7e-m/nofp\libg.a(lib_a-localeconv.o)
                0x00017c20                _localeconv_r
 .text.__smakebuf_r
                0x00017c28       0xe0 c:/gcc-arm-none-eabi-10.3-2021.10/bin/../lib/gcc/arm-none-eabi/10.3.1/../../../../arm-none-eabi/lib/thumb/v7e-m/nofp\libg.a(lib_a-makebuf.o)
                0x00017c28                __smakebuf_r
 .text._Balloc  0x00017d08       0x4c c:/gcc-arm-none-eabi-10.3-2021.10/bin/../lib/gcc/arm-none-eabi/10.3.1/../../../../arm-none-eabi/lib/thumb/v7e-m/nofp\libg.a(lib_a-mprec.o)
                0x00017d08                _Balloc
 .text._Bfree   0x00017d54       0x14 c:/gcc-arm-none-eabi-10.3-2021.10/bin/../lib/gcc/arm-none-eabi/10.3.1/../../../../arm-none-eabi/lib/thumb/v7e-m/nofp\libg.a(lib_a-mprec.o)
                0x00017d54                _Bfree
 .text.__multadd
                0x00017d68       0xa0 c:/gcc-arm-none-eabi-10.3-2021.10/bin/../lib/gcc/arm-none-eabi/10.3.1/../../../../arm-none-eabi/lib/thumb/v7e-m/nofp\libg.a(lib_a-mprec.o)
                0x00017d68                __multadd
 .text.__hi0bits
                0x00017e08       0x40 c:/gcc-arm-none-eabi-10.3-2021.10/bin/../lib/gcc/arm-none-eabi/10.3.1/../../../../arm-none-eabi/lib/thumb/v7e-m/nofp\libg.a(lib_a-mprec.o)
                0x00017e08                __hi0bits
 .text.__lo0bits
                0x00017e48       0x5c c:/gcc-arm-none-eabi-10.3-2021.10/bin/../lib/gcc/arm-none-eabi/10.3.1/../../../../arm-none-eabi/lib/thumb/v7e-m/nofp\libg.a(lib_a-mprec.o)
                0x00017e48                __lo0bits
 .text.__i2b    0x00017ea4       0x5c c:/gcc-arm-none-eabi-10.3-2021.10/bin/../lib/gcc/arm-none-eabi/10.3.1/../../../../arm-none-eabi/lib/thumb/v7e-m/nofp\libg.a(lib_a-mprec.o)
                0x00017ea4                __i2b
 .text.__multiply
                0x00017f00      0x15c c:/gcc-arm-none-eabi-10.3-2021.10/bin/../lib/gcc/arm-none-eabi/10.3.1/../../../../arm-none-eabi/lib/thumb/v7e-m/nofp\libg.a(lib_a-mprec.o)
                0x00017f00                __multiply
 .text.__pow5mult
                0x0001805c       0xc0 c:/gcc-arm-none-eabi-10.3-2021.10/bin/../lib/gcc/arm-none-eabi/10.3.1/../../../../arm-none-eabi/lib/thumb/v7e-m/nofp\libg.a(lib_a-mprec.o)
                0x0001805c                __pow5mult
 .text.__lshift
                0x0001811c       0xf0 c:/gcc-arm-none-eabi-10.3-2021.10/bin/../lib/gcc/arm-none-eabi/10.3.1/../../../../arm-none-eabi/lib/thumb/v7e-m/nofp\libg.a(lib_a-mprec.o)
                0x0001811c                __lshift
 .text.__mcmp   0x0001820c       0x40 c:/gcc-arm-none-eabi-10.3-2021.10/bin/../lib/gcc/arm-none-eabi/10.3.1/../../../../arm-none-eabi/lib/thumb/v7e-m/nofp\libg.a(lib_a-mprec.o)
                0x0001820c                __mcmp
 .text.__mdiff  0x0001824c      0x14c c:/gcc-arm-none-eabi-10.3-2021.10/bin/../lib/gcc/arm-none-eabi/10.3.1/../../../../arm-none-eabi/lib/thumb/v7e-m/nofp\libg.a(lib_a-mprec.o)
                0x0001824c                __mdiff
 .text.__d2b    0x00018398       0xc4 c:/gcc-arm-none-eabi-10.3-2021.10/bin/../lib/gcc/arm-none-eabi/10.3.1/../../../../arm-none-eabi/lib/thumb/v7e-m/nofp\libg.a(lib_a-mprec.o)
                0x00018398                __d2b
 .text.frexp    0x0001845c       0x70 c:/gcc-arm-none-eabi-10.3-2021.10/bin/../lib/gcc/arm-none-eabi/10.3.1/../../../../arm-none-eabi/lib/thumb/v7e-m/nofp\libg.a(lib_a-s_frexp.o)
                0x0001845c                frexp
 .text.__sread  0x000184cc       0x24 c:/gcc-arm-none-eabi-10.3-2021.10/bin/../lib/gcc/arm-none-eabi/10.3.1/../../../../arm-none-eabi/lib/thumb/v7e-m/nofp\libg.a(lib_a-stdio.o)
                0x000184cc                __sread
 .text.__swrite
                0x000184f0       0x40 c:/gcc-arm-none-eabi-10.3-2021.10/bin/../lib/gcc/arm-none-eabi/10.3.1/../../../../arm-none-eabi/lib/thumb/v7e-m/nofp\libg.a(lib_a-stdio.o)
                0x000184f0                __swrite
 .text.__sseek  0x00018530       0x20 c:/gcc-arm-none-eabi-10.3-2021.10/bin/../lib/gcc/arm-none-eabi/10.3.1/../../../../arm-none-eabi/lib/thumb/v7e-m/nofp\libg.a(lib_a-stdio.o)
                0x00018530                __sseek
 .text.__sclose
                0x00018550        0x8 c:/gcc-arm-none-eabi-10.3-2021.10/bin/../lib/gcc/arm-none-eabi/10.3.1/../../../../arm-none-eabi/lib/thumb/v7e-m/nofp\libg.a(lib_a-stdio.o)
                0x00018550                __sclose
 .text.strncpy  0x00018558       0x64 c:/gcc-arm-none-eabi-10.3-2021.10/bin/../lib/gcc/arm-none-eabi/10.3.1/../../../../arm-none-eabi/lib/thumb/v7e-m/nofp\libg.a(lib_a-strncpy.o)
                0x00018558                strncpy
 .text.__ssprint_r
                0x000185bc       0xf8 c:/gcc-arm-none-eabi-10.3-2021.10/bin/../lib/gcc/arm-none-eabi/10.3.1/../../../../arm-none-eabi/lib/thumb/v7e-m/nofp\libg.a(lib_a-svfiprintf.o)
                0x000185bc                __ssprint_r
 .text.__register_exitproc
                0x000186b4       0x8c c:/gcc-arm-none-eabi-10.3-2021.10/bin/../lib/gcc/arm-none-eabi/10.3.1/../../../../arm-none-eabi/lib/thumb/v7e-m/nofp\libg.a(lib_a-__atexit.o)
                0x000186b4                __register_exitproc
 .text.__assert_func
                0x00018740       0x40 c:/gcc-arm-none-eabi-10.3-2021.10/bin/../lib/gcc/arm-none-eabi/10.3.1/../../../../arm-none-eabi/lib/thumb/v7e-m/nofp\libg.a(lib_a-assert.o)
                0x00018740                __assert_func
 .text._calloc_r
                0x00018780       0x78 c:/gcc-arm-none-eabi-10.3-2021.10/bin/../lib/gcc/arm-none-eabi/10.3.1/../../../../arm-none-eabi/lib/thumb/v7e-m/nofp\libg.a(lib_a-callocr.o)
                0x00018780                _calloc_r
 .text._close_r
                0x000187f8       0x24 c:/gcc-arm-none-eabi-10.3-2021.10/bin/../lib/gcc/arm-none-eabi/10.3.1/../../../../arm-none-eabi/lib/thumb/v7e-m/nofp\libg.a(lib_a-closer.o)
                0x000187f8                _close_r
 .text.__errno  0x0001881c        0xc c:/gcc-arm-none-eabi-10.3-2021.10/bin/../lib/gcc/arm-none-eabi/10.3.1/../../../../arm-none-eabi/lib/thumb/v7e-m/nofp\libg.a(lib_a-errno.o)
                0x0001881c                __errno
 .text._fclose_r
                0x00018828       0xcc c:/gcc-arm-none-eabi-10.3-2021.10/bin/../lib/gcc/arm-none-eabi/10.3.1/../../../../arm-none-eabi/lib/thumb/v7e-m/nofp\libg.a(lib_a-fclose.o)
                0x00018828                _fclose_r
 .text.fiprintf
                0x000188f4       0x28 c:/gcc-arm-none-eabi-10.3-2021.10/bin/../lib/gcc/arm-none-eabi/10.3.1/../../../../arm-none-eabi/lib/thumb/v7e-m/nofp\libg.a(lib_a-fiprintf.o)
                0x000188f4                fiprintf
 .text._fstat_r
                0x0001891c       0x2c c:/gcc-arm-none-eabi-10.3-2021.10/bin/../lib/gcc/arm-none-eabi/10.3.1/../../../../arm-none-eabi/lib/thumb/v7e-m/nofp\libg.a(lib_a-fstatr.o)
                0x0001891c                _fstat_r
 .text._isatty_r
                0x00018948       0x24 c:/gcc-arm-none-eabi-10.3-2021.10/bin/../lib/gcc/arm-none-eabi/10.3.1/../../../../arm-none-eabi/lib/thumb/v7e-m/nofp\libg.a(lib_a-isattyr.o)
                0x00018948                _isatty_r
 .text.__locale_mb_cur_max
                0x0001896c        0xc c:/gcc-arm-none-eabi-10.3-2021.10/bin/../lib/gcc/arm-none-eabi/10.3.1/../../../../arm-none-eabi/lib/thumb/v7e-m/nofp\libg.a(lib_a-locale.o)
                0x0001896c                __locale_mb_cur_max
 .text._lseek_r
                0x00018978       0x2c c:/gcc-arm-none-eabi-10.3-2021.10/bin/../lib/gcc/arm-none-eabi/10.3.1/../../../../arm-none-eabi/lib/thumb/v7e-m/nofp\libg.a(lib_a-lseekr.o)
                0x00018978                _lseek_r
 .text.__ascii_mbtowc
                0x000189a4       0x2c c:/gcc-arm-none-eabi-10.3-2021.10/bin/../lib/gcc/arm-none-eabi/10.3.1/../../../../arm-none-eabi/lib/thumb/v7e-m/nofp\libg.a(lib_a-mbtowc_r.o)
                0x000189a4                __ascii_mbtowc
 .text._read_r  0x000189d0       0x2c c:/gcc-arm-none-eabi-10.3-2021.10/bin/../lib/gcc/arm-none-eabi/10.3.1/../../../../arm-none-eabi/lib/thumb/v7e-m/nofp\libg.a(lib_a-readr.o)
                0x000189d0                _read_r
 .text.__sprint_r.part.0
                0x000189fc       0x78 c:/gcc-arm-none-eabi-10.3-2021.10/bin/../lib/gcc/arm-none-eabi/10.3.1/../../../../arm-none-eabi/lib/thumb/v7e-m/nofp\libg.a(lib_a-vfiprintf.o)
 .text._vfiprintf_r
                0x00018a74      0xda0 c:/gcc-arm-none-eabi-10.3-2021.10/bin/../lib/gcc/arm-none-eabi/10.3.1/../../../../arm-none-eabi/lib/thumb/v7e-m/nofp\libg.a(lib_a-vfiprintf.o)
                0x00018a74                _vfiprintf_r
 .text.__sbprintf
                0x00019814       0x80 c:/gcc-arm-none-eabi-10.3-2021.10/bin/../lib/gcc/arm-none-eabi/10.3.1/../../../../arm-none-eabi/lib/thumb/v7e-m/nofp\libg.a(lib_a-vfiprintf.o)
 .text.__ascii_wctomb
                0x00019894       0x1c c:/gcc-arm-none-eabi-10.3-2021.10/bin/../lib/gcc/arm-none-eabi/10.3.1/../../../../arm-none-eabi/lib/thumb/v7e-m/nofp\libg.a(lib_a-wctomb_r.o)
                0x00019894                __ascii_wctomb
 .text.__fputwc
                0x000198b0       0xa8 c:/gcc-arm-none-eabi-10.3-2021.10/bin/../lib/gcc/arm-none-eabi/10.3.1/../../../../arm-none-eabi/lib/thumb/v7e-m/nofp\libg.a(lib_a-fputwc.o)
                0x000198b0                __fputwc
 .text._fputwc_r
                0x00019958       0x68 c:/gcc-arm-none-eabi-10.3-2021.10/bin/../lib/gcc/arm-none-eabi/10.3.1/../../../../arm-none-eabi/lib/thumb/v7e-m/nofp\libg.a(lib_a-fputwc.o)
                0x00019958                _fputwc_r
 .text._wcrtomb_r
                0x000199c0       0x3c c:/gcc-arm-none-eabi-10.3-2021.10/bin/../lib/gcc/arm-none-eabi/10.3.1/../../../../arm-none-eabi/lib/thumb/v7e-m/nofp\libg.a(lib_a-wcrtomb.o)
                0x000199c0                _wcrtomb_r
 .text          0x000199fc       0x2c c:/gcc-arm-none-eabi-10.3-2021.10/bin/../lib/gcc/arm-none-eabi/10.3.1/thumb/v7e-m/nofp\libgcc.a(_arm_unorddf2.o)
                0x000199fc                __unorddf2
                0x000199fc                __aeabi_dcmpun
 .text          0x00019a28       0x30 c:/gcc-arm-none-eabi-10.3-2021.10/bin/../lib/gcc/arm-none-eabi/10.3.1/thumb/v7e-m/nofp\libgcc.a(_aeabi_uldivmod.o)
                0x00019a28                __aeabi_uldivmod
 .text          0x00019a58      0x2d0 c:/gcc-arm-none-eabi-10.3-2021.10/bin/../lib/gcc/arm-none-eabi/10.3.1/thumb/v7e-m/nofp\libgcc.a(_udivmoddi4.o)
                0x00019a58                __udivmoddi4
 .text          0x00019d28        0x4 c:/gcc-arm-none-eabi-10.3-2021.10/bin/../lib/gcc/arm-none-eabi/10.3.1/thumb/v7e-m/nofp\libgcc.a(_dvmd_tls.o)
                0x00019d28                __aeabi_idiv0
                0x00019d28                __aeabi_ldiv0
 .text._close   0x00019d2c       0x10 c:/gcc-arm-none-eabi-10.3-2021.10/bin/../lib/gcc/arm-none-eabi/10.3.1/../../../../arm-none-eabi/lib/thumb/v7e-m/nofp\libnosys.a(close.o)
                0x00019d2c                _close
 .text._fstat   0x00019d3c       0x10 c:/gcc-arm-none-eabi-10.3-2021.10/bin/../lib/gcc/arm-none-eabi/10.3.1/../../../../arm-none-eabi/lib/thumb/v7e-m/nofp\libnosys.a(fstat.o)
                0x00019d3c                _fstat
 .text._getpid  0x00019d4c       0x10 c:/gcc-arm-none-eabi-10.3-2021.10/bin/../lib/gcc/arm-none-eabi/10.3.1/../../../../arm-none-eabi/lib/thumb/v7e-m/nofp\libnosys.a(getpid.o)
                0x00019d4c                _getpid
 .text._isatty  0x00019d5c       0x10 c:/gcc-arm-none-eabi-10.3-2021.10/bin/../lib/gcc/arm-none-eabi/10.3.1/../../../../arm-none-eabi/lib/thumb/v7e-m/nofp\libnosys.a(isatty.o)
                0x00019d5c                _isatty
 .text._kill    0x00019d6c       0x10 c:/gcc-arm-none-eabi-10.3-2021.10/bin/../lib/gcc/arm-none-eabi/10.3.1/../../../../arm-none-eabi/lib/thumb/v7e-m/nofp\libnosys.a(kill.o)
                0x00019d6c                _kill
 .text._lseek   0x00019d7c       0x10 c:/gcc-arm-none-eabi-10.3-2021.10/bin/../lib/gcc/arm-none-eabi/10.3.1/../../../../arm-none-eabi/lib/thumb/v7e-m/nofp\libnosys.a(lseek.o)
                0x00019d7c                _lseek
 .text._read    0x00019d8c       0x10 c:/gcc-arm-none-eabi-10.3-2021.10/bin/../lib/gcc/arm-none-eabi/10.3.1/../../../../arm-none-eabi/lib/thumb/v7e-m/nofp\libnosys.a(read.o)
                0x00019d8c                _read
 .text._sbrk    0x00019d9c       0x1c c:/gcc-arm-none-eabi-10.3-2021.10/bin/../lib/gcc/arm-none-eabi/10.3.1/../../../../arm-none-eabi/lib/thumb/v7e-m/nofp\libnosys.a(sbrk.o)
                0x00019d9c                _sbrk
 .text._write   0x00019db8       0x10 c:/gcc-arm-none-eabi-10.3-2021.10/bin/../lib/gcc/arm-none-eabi/10.3.1/../../../../arm-none-eabi/lib/thumb/v7e-m/nofp\libnosys.a(write.o)
                0x00019db8                _write
 .text._exit    0x00019dc8        0x4 c:/gcc-arm-none-eabi-10.3-2021.10/bin/../lib/gcc/arm-none-eabi/10.3.1/../../../../arm-none-eabi/lib/thumb/v7e-m/nofp\libnosys.a(_exit.o)
                0x00019dc8                _exit
 *(.rodata .rodata.* .constdata .constdata.*)
 .rodata        0x00019dcc       0x41 ../main.o
 *fill*         0x00019e0d        0x3 
 .rodata        0x00019e10       0x18 ../robomovement.o
 .rodata.K60_SDHC0_init
                0x00019e28        0xc Drivers/SDHC.o
                0x00019e28                K60_SDHC0_init
 .rodata._ZL21ESDHC_COMMAND_XFERTYP
                0x00019e34      0x100 Drivers/SDHC.o
 .rodata._ZL9GPIOPorts
                0x00019f34       0x20 Libraries/FEHIO.o
 .rodata._ZL10ADCNumbers
                0x00019f54       0x21 Libraries/FEHIO.o
 *fill*         0x00019f75        0x3 
 .rodata._ZL14GPIOPinNumbers
                0x00019f78       0x80 Libraries/FEHIO.o
 .rodata._ZL16AnalogPinNumbers
                0x00019ff8       0x84 Libraries/FEHIO.o
 .rodata        0x0001a07c       0x78 Libraries/FEHIO.o
 .rodata        0x0001a0f4       0x32 Libraries/FEHLCD.o
 *fill*         0x0001a126        0x2 
 .rodata._global_impure_ptr
                0x0001a128        0x4 c:/gcc-arm-none-eabi-10.3-2021.10/bin/../lib/gcc/arm-none-eabi/10.3.1/../../../../arm-none-eabi/lib/thumb/v7e-m/nofp\libg.a(lib_a-impure.o)
                0x0001a128                _global_impure_ptr
 .rodata._svfprintf_r.str1.4
                0x0001a12c       0x42 c:/gcc-arm-none-eabi-10.3-2021.10/bin/../lib/gcc/arm-none-eabi/10.3.1/../../../../arm-none-eabi/lib/thumb/v7e-m/nofp\libg.a(lib_a-svfprintf.o)
 *fill*         0x0001a16e        0x2 
 .rodata.blanks.1
                0x0001a170       0x10 c:/gcc-arm-none-eabi-10.3-2021.10/bin/../lib/gcc/arm-none-eabi/10.3.1/../../../../arm-none-eabi/lib/thumb/v7e-m/nofp\libg.a(lib_a-svfprintf.o)
 .rodata.zeroes.0
                0x0001a180       0x10 c:/gcc-arm-none-eabi-10.3-2021.10/bin/../lib/gcc/arm-none-eabi/10.3.1/../../../../arm-none-eabi/lib/thumb/v7e-m/nofp\libg.a(lib_a-svfprintf.o)
 .rodata._dtoa_r.str1.4
                0x0001a190       0xa2 c:/gcc-arm-none-eabi-10.3-2021.10/bin/../lib/gcc/arm-none-eabi/10.3.1/../../../../arm-none-eabi/lib/thumb/v7e-m/nofp\libg.a(lib_a-dtoa.o)
                                 0xa6 (size before relaxing)
 *fill*         0x0001a232        0x2 
 .rodata.__multadd.str1.4
                0x0001a234       0x7f c:/gcc-arm-none-eabi-10.3-2021.10/bin/../lib/gcc/arm-none-eabi/10.3.1/../../../../arm-none-eabi/lib/thumb/v7e-m/nofp\libg.a(lib_a-mprec.o)
                                 0x93 (size before relaxing)
 *fill*         0x0001a2b3        0x5 
 .rodata.__mprec_bigtens
                0x0001a2b8       0x28 c:/gcc-arm-none-eabi-10.3-2021.10/bin/../lib/gcc/arm-none-eabi/10.3.1/../../../../arm-none-eabi/lib/thumb/v7e-m/nofp\libg.a(lib_a-mprec.o)
                0x0001a2b8                __mprec_bigtens
 .rodata.__mprec_tens
                0x0001a2e0       0xc8 c:/gcc-arm-none-eabi-10.3-2021.10/bin/../lib/gcc/arm-none-eabi/10.3.1/../../../../arm-none-eabi/lib/thumb/v7e-m/nofp\libg.a(lib_a-mprec.o)
                0x0001a2e0                __mprec_tens
 .rodata.p05.0  0x0001a3a8        0xc c:/gcc-arm-none-eabi-10.3-2021.10/bin/../lib/gcc/arm-none-eabi/10.3.1/../../../../arm-none-eabi/lib/thumb/v7e-m/nofp\libg.a(lib_a-mprec.o)
 .rodata.__assert_func.str1.4
                0x0001a3b4       0x3f c:/gcc-arm-none-eabi-10.3-2021.10/bin/../lib/gcc/arm-none-eabi/10.3.1/../../../../arm-none-eabi/lib/thumb/v7e-m/nofp\libg.a(lib_a-assert.o)
                                 0x43 (size before relaxing)
 *fill*         0x0001a3f3        0x1 
 .rodata._ctype_
                0x0001a3f4      0x101 c:/gcc-arm-none-eabi-10.3-2021.10/bin/../lib/gcc/arm-none-eabi/10.3.1/../../../../arm-none-eabi/lib/thumb/v7e-m/nofp\libg.a(lib_a-ctype_.o)
                0x0001a3f4                _ctype_
 *fill*         0x0001a4f5        0x3 
 .rodata._setlocale_r.str1.4
                0x0001a4f8        0xa c:/gcc-arm-none-eabi-10.3-2021.10/bin/../lib/gcc/arm-none-eabi/10.3.1/../../../../arm-none-eabi/lib/thumb/v7e-m/nofp\libg.a(lib_a-locale.o)
                                  0xd (size before relaxing)
 *fill*         0x0001a502        0x2 
 .rodata.str1.4
                0x0001a504        0x2 c:/gcc-arm-none-eabi-10.3-2021.10/bin/../lib/gcc/arm-none-eabi/10.3.1/../../../../arm-none-eabi/lib/thumb/v7e-m/nofp\libg.a(lib_a-locale.o)
 .rodata._vfiprintf_r.str1.4
                0x0001a506       0x2f c:/gcc-arm-none-eabi-10.3-2021.10/bin/../lib/gcc/arm-none-eabi/10.3.1/../../../../arm-none-eabi/lib/thumb/v7e-m/nofp\libg.a(lib_a-vfiprintf.o)
 *fill*         0x0001a506        0x2 
 .rodata.blanks.1
                0x0001a508       0x10 c:/gcc-arm-none-eabi-10.3-2021.10/bin/../lib/gcc/arm-none-eabi/10.3.1/../../../../arm-none-eabi/lib/thumb/v7e-m/nofp\libg.a(lib_a-vfiprintf.o)
 .rodata.zeroes.0
                0x0001a518       0x10 c:/gcc-arm-none-eabi-10.3-2021.10/bin/../lib/gcc/arm-none-eabi/10.3.1/../../../../arm-none-eabi/lib/thumb/v7e-m/nofp\libg.a(lib_a-vfiprintf.o)
                0x0001a528                . = ALIGN (0x4)
                0x0001a528                . = ALIGN (0x4)
 *(.init)
 .init          0x0001a528        0x4 c:/gcc-arm-none-eabi-10.3-2021.10/bin/../lib/gcc/arm-none-eabi/10.3.1/thumb/v7e-m/nofp/crti.o
                0x0001a528                _init
 .init          0x0001a52c        0x8 c:/gcc-arm-none-eabi-10.3-2021.10/bin/../lib/gcc/arm-none-eabi/10.3.1/thumb/v7e-m/nofp/crtn.o
                0x0001a534                . = ALIGN (0x4)
                0x0001a534                __preinit_array_start = .
 *(.preinit_array)
                0x0001a534                __preinit_array_end = .
                0x0001a534                . = ALIGN (0x4)
                0x0001a534                __init_array_start = .
 *(SORT_BY_NAME(.init_array.*))
 .init_array.00000
                0x0001a534        0x4 c:/gcc-arm-none-eabi-10.3-2021.10/bin/../lib/gcc/arm-none-eabi/10.3.1/../../../../arm-none-eabi/lib/thumb/v7e-m/nofp\libg.a(lib_a-__call_atexit.o)
 *(.init_array)
 .init_array    0x0001a538        0x4 c:/gcc-arm-none-eabi-10.3-2021.10/bin/../lib/gcc/arm-none-eabi/10.3.1/thumb/v7e-m/nofp/crtbegin.o
 .init_array    0x0001a53c        0x4 ../roboports.o
 .init_array    0x0001a540        0x4 FEHProteus.o
 .init_array    0x0001a544        0x4 Libraries/FEHBuzzer.o
 .init_array    0x0001a548        0x4 Libraries/FEHLCD.o
 .init_array    0x0001a54c        0x4 Libraries/FEHAccel.o
 .init_array    0x0001a550        0x4 Libraries/FEHBattery.o
 .init_array    0x0001a554        0x4 Libraries/FEHRPS.o
 .init_array    0x0001a558        0x4 Libraries/FEHSD.o
 .init_array    0x0001a55c        0x4 c:/gcc-arm-none-eabi-10.3-2021.10/bin/../lib/gcc/arm-none-eabi/10.3.1/../../../../arm-none-eabi/lib/thumb/v7e-m/nofp\libstdc++.a(eh_alloc.o)
                0x0001a560                __init_array_end = .
 *(.fini)
 .fini          0x0001a560        0x4 c:/gcc-arm-none-eabi-10.3-2021.10/bin/../lib/gcc/arm-none-eabi/10.3.1/thumb/v7e-m/nofp/crti.o
                0x0001a560                _fini
 .fini          0x0001a564        0x8 c:/gcc-arm-none-eabi-10.3-2021.10/bin/../lib/gcc/arm-none-eabi/10.3.1/thumb/v7e-m/nofp/crtn.o
                0x0001a56c                . = ALIGN (0x4)
 *crtbegin.o(.ctors)
 *(EXCLUDE_FILE(*crtend.o) .ctors)
 *(SORT_BY_NAME(.ctors.*))
 *crtend.o(.ctors)
                0x0001a56c                . = ALIGN (0x4)
 *crtbegin.o(.dtors)
 *(EXCLUDE_FILE(*crtend.o) .dtors)
 *(SORT_BY_NAME(.dtors.*))
 *crtend.o(.dtors)
                0x0001a56c                . = ALIGN (0x4)

.ARM.extab
 *(.ARM.extab* .gnu.linkonce.armextab.*)
                0x0001a56c                __exidx_start = .

.ARM.exidx      0x0001a56c        0x8
 *(.ARM.exidx* .gnu.linkonce.armexidx.*)
 .ARM.exidx.text.startup._GLOBAL__sub_I__ZN9__gnu_cxx9__freeresEv
                0x0001a56c        0x8 c:/gcc-arm-none-eabi-10.3-2021.10/bin/../lib/gcc/arm-none-eabi/10.3.1/../../../../arm-none-eabi/lib/thumb/v7e-m/nofp\libstdc++.a(eh_alloc.o)
 .ARM.exidx     0x0001a574        0x0 c:/gcc-arm-none-eabi-10.3-2021.10/bin/../lib/gcc/arm-none-eabi/10.3.1/thumb/v7e-m/nofp\libgcc.a(_udivmoddi4.o)
                                  0x8 (size before relaxing)
                0x0001a574                __exidx_end = .
                0x0001a574                _etext = .

.rel.dyn        0x0001a574        0x0
 .rel.iplt      0x0001a574        0x0 c:/gcc-arm-none-eabi-10.3-2021.10/bin/../lib/gcc/arm-none-eabi/10.3.1/thumb/v7e-m/nofp/crtbegin.o

.m_usb_data
 *(m_usb_bdt)

.data_RAM2      0x1fff0000        0x0 load address 0x0001a574
 FILL mask 0xff
                [!provide]                PROVIDE (__start_data_RAM2 = .)
 *(.ramfunc.$RAM2)
 *(.ramfunc.$SRAM_LOWER)
 *(.EXTRA_RAM)
 *(.data.$RAM2)
 *(.data.$SRAM_LOWER)
 *(.data.$RAM2.*)
 *(.data.$SRAM_LOWER.*)
                0x1fff0000                . = ALIGN (0x4)
                [!provide]                PROVIDE (__end_data_RAM2 = .)

.uninit_RESERVED
                0x20000000        0x0
                0x20000000                . = ALIGN (0x4)
 *(.bss.$RESERVED*)
                0x20000000                . = ALIGN (0x4)
                0x20000000                _end_uninit_RESERVED = .

.data           0x20000000     0x16c8 load address 0x0001a574
 FILL mask 0xff
                0x20000000                _data = .
 *(vtable)
 *(.ramfunc*)
 *(CodeQuickAccess)
 *(DataQuickAccess)
 *(RamFunction)
 *(.data*)
 .data._ZL4Stat
                0x20000000        0x1 Drivers/SDHC.o
 *fill*         0x20000001        0x3 ff
 .data.image    0x20000004      0x74e Libraries/FEHLCD.o
                0x20000004                image
 *fill*         0x20000752        0x2 ff
 .data.logo     0x20000754      0x3e6 Libraries/FEHLCD.o
                0x20000754                logo
 *fill*         0x20000b3a        0x2 ff
 .data._ZN6FEHLCD8fontDataE
                0x20000b3c      0x1e0 Libraries/FEHLCD.o
                0x20000b3c                FEHLCD::fontData
 .data._impure_ptr
                0x20000d1c        0x4 c:/gcc-arm-none-eabi-10.3-2021.10/bin/../lib/gcc/arm-none-eabi/10.3.1/../../../../arm-none-eabi/lib/thumb/v7e-m/nofp\libg.a(lib_a-impure.o)
                0x20000d1c                _impure_ptr
 .data.impure_data
                0x20000d20      0x428 c:/gcc-arm-none-eabi-10.3-2021.10/bin/../lib/gcc/arm-none-eabi/10.3.1/../../../../arm-none-eabi/lib/thumb/v7e-m/nofp\libg.a(lib_a-impure.o)
 .data.__malloc_av_
                0x20001148      0x408 c:/gcc-arm-none-eabi-10.3-2021.10/bin/../lib/gcc/arm-none-eabi/10.3.1/../../../../arm-none-eabi/lib/thumb/v7e-m/nofp\libg.a(lib_a-mallocr.o)
                0x20001148                __malloc_av_
 .data.__malloc_sbrk_base
                0x20001550        0x4 c:/gcc-arm-none-eabi-10.3-2021.10/bin/../lib/gcc/arm-none-eabi/10.3.1/../../../../arm-none-eabi/lib/thumb/v7e-m/nofp\libg.a(lib_a-mallocr.o)
                0x20001550                __malloc_sbrk_base
 .data.__malloc_trim_threshold
                0x20001554        0x4 c:/gcc-arm-none-eabi-10.3-2021.10/bin/../lib/gcc/arm-none-eabi/10.3.1/../../../../arm-none-eabi/lib/thumb/v7e-m/nofp\libg.a(lib_a-mallocr.o)
                0x20001554                __malloc_trim_threshold
 .data.__atexit_recursive_mutex
                0x20001558        0x4 c:/gcc-arm-none-eabi-10.3-2021.10/bin/../lib/gcc/arm-none-eabi/10.3.1/../../../../arm-none-eabi/lib/thumb/v7e-m/nofp\libg.a(lib_a-__call_atexit.o)
                0x20001558                __atexit_recursive_mutex
 .data.__global_locale
                0x2000155c      0x16c c:/gcc-arm-none-eabi-10.3-2021.10/bin/../lib/gcc/arm-none-eabi/10.3.1/../../../../arm-none-eabi/lib/thumb/v7e-m/nofp\libg.a(lib_a-locale.o)
                0x2000155c                __global_locale
                0x200016c8                . = ALIGN (0x4)
                0x200016c8                _edata = .

.igot.plt       0x200016c8        0x0 load address 0x0001bc3c
 .igot.plt      0x200016c8        0x0 c:/gcc-arm-none-eabi-10.3-2021.10/bin/../lib/gcc/arm-none-eabi/10.3.1/thumb/v7e-m/nofp/crtbegin.o

.bss_RAM2       0x1fff0000        0x0
                0x1fff0000                . = ALIGN (0x4)
                [!provide]                PROVIDE (__start_bss_RAM2 = .)
 *(.bss.$RAM2)
 *(.bss.$SRAM_LOWER)
 *(.bss.$RAM2.*)
 *(.bss.$SRAM_LOWER.*)
                0x1fff0000                . = ALIGN ((. != 0x0)?0x4:0x1)
                [!provide]                PROVIDE (__end_bss_RAM2 = .)

.bss            0x200016c8      0x4ac
                0x200016c8                . = ALIGN (0x4)
                0x200016c8                _bss = .
 *(.bss*)
 .bss           0x200016c8       0x1c c:/gcc-arm-none-eabi-10.3-2021.10/bin/../lib/gcc/arm-none-eabi/10.3.1/thumb/v7e-m/nofp/crtbegin.o
 .bss.leftMotor
                0x200016e4        0x8 ../roboports.o
                0x200016e4                leftMotor
 .bss.rightMotor
                0x200016ec        0x8 ../roboports.o
                0x200016ec                rightMotor
 .bss.rightEncoder
                0x200016f4        0x1 ../roboports.o
                0x200016f4                rightEncoder
 *fill*         0x200016f5        0x3 
 .bss.leftEncoder
                0x200016f8        0x1 ../roboports.o
                0x200016f8                leftEncoder
 *fill*         0x200016f9        0x3 
 .bss.bottomServo
                0x200016fc        0xc ../roboports.o
                0x200016fc                bottomServo
 .bss.middleServo
                0x20001708        0xc ../roboports.o
                0x20001708                middleServo
 .bss.topServo  0x20001714        0xc ../roboports.o
                0x20001714                topServo
 .bss.cdsCell   0x20001720        0x1 ../roboports.o
                0x20001720                cdsCell
 *fill*         0x20001721        0x3 
 .bss.rightOpt  0x20001724        0x1 ../roboports.o
                0x20001724                rightOpt
 *fill*         0x20001725        0x3 
 .bss.middleOpt
                0x20001728        0x1 ../roboports.o
                0x20001728                middleOpt
 *fill*         0x20001729        0x3 
 .bss.leftOpt   0x2000172c        0x1 ../roboports.o
                0x2000172c                leftOpt
 *fill*         0x2000172d        0x3 
 .bss.microSwitchFrontRight
                0x20001730        0x1 ../roboports.o
                0x20001730                microSwitchFrontRight
 *fill*         0x20001731        0x3 
 .bss.microSwitchFrontLeft
                0x20001734        0x1 ../roboports.o
                0x20001734                microSwitchFrontLeft
 *fill*         0x20001735        0x3 
 .bss.microSwitchBackRight
                0x20001738        0x1 ../roboports.o
                0x20001738                microSwitchBackRight
 *fill*         0x20001739        0x3 
 .bss.microSwitchBackLeft
                0x2000173c        0x1 ../roboports.o
                0x2000173c                microSwitchBackLeft
 .bss.MasterTransmission
                0x2000173d        0x1 Drivers/i2c.o
                0x2000173d                MasterTransmission
 .bss.SlaveID   0x2000173e        0x1 Drivers/i2c.o
                0x2000173e                SlaveID
 .bss.timeout   0x2000173f        0x1 Drivers/i2c.o
                0x2000173f                timeout
 .bss.SDHC_Card
                0x20001740       0x14 Drivers/SDHC.o
                0x20001740                SDHC_Card
 .bss.SDHC_Info
                0x20001754      0x204 Drivers/SDHC.o