Archive member included to satisfy reference by file (symbol)

c:/gcc-arm-none-eabi-10.3-2021.10/bin/../lib/gcc/arm-none-eabi/10.3.1/../../../../arm-none-eabi/lib/thumb/v7e-m/nofp\libstdc++.a(del_ops.o)
                              Libraries/FEHIO.o (operator delete(void*, unsigned int))
c:/gcc-arm-none-eabi-10.3-2021.10/bin/../lib/gcc/arm-none-eabi/10.3.1/../../../../arm-none-eabi/lib/thumb/v7e-m/nofp\libstdc++.a(new_op.o)
                              Libraries/FEHIO.o (operator new(unsigned int))
c:/gcc-arm-none-eabi-10.3-2021.10/bin/../lib/gcc/arm-none-eabi/10.3.1/../../../../arm-none-eabi/lib/thumb/v7e-m/nofp\libstdc++.a(bad_alloc.o)
                              c:/gcc-arm-none-eabi-10.3-2021.10/bin/../lib/gcc/arm-none-eabi/10.3.1/../../../../arm-none-eabi/lib/thumb/v7e-m/nofp\libstdc++.a(new_op.o) (std::bad_alloc::~bad_alloc())
c:/gcc-arm-none-eabi-10.3-2021.10/bin/../lib/gcc/arm-none-eabi/10.3.1/../../../../arm-none-eabi/lib/thumb/v7e-m/nofp\libstdc++.a(del_op.o)
                              c:/gcc-arm-none-eabi-10.3-2021.10/bin/../lib/gcc/arm-none-eabi/10.3.1/../../../../arm-none-eabi/lib/thumb/v7e-m/nofp\libstdc++.a(del_ops.o) (operator delete(void*))
c:/gcc-arm-none-eabi-10.3-2021.10/bin/../lib/gcc/arm-none-eabi/10.3.1/../../../../arm-none-eabi/lib/thumb/v7e-m/nofp\libstdc++.a(eh_alloc.o)
                              c:/gcc-arm-none-eabi-10.3-2021.10/bin/../lib/gcc/arm-none-eabi/10.3.1/../../../../arm-none-eabi/lib/thumb/v7e-m/nofp\libstdc++.a(new_op.o) (__cxa_allocate_exception)
c:/gcc-arm-none-eabi-10.3-2021.10/bin/../lib/gcc/arm-none-eabi/10.3.1/../../../../arm-none-eabi/lib/thumb/v7e-m/nofp\libstdc++.a(eh_exception.o)
                              c:/gcc-arm-none-eabi-10.3-2021.10/bin/../lib/gcc/arm-none-eabi/10.3.1/../../../../arm-none-eabi/lib/thumb/v7e-m/nofp\libstdc++.a(bad_alloc.o) (std::exception::~exception())
c:/gcc-arm-none-eabi-10.3-2021.10/bin/../lib/gcc/arm-none-eabi/10.3.1/../../../../arm-none-eabi/lib/thumb/v7e-m/nofp\libstdc++.a(eh_terminate.o)
                              c:/gcc-arm-none-eabi-10.3-2021.10/bin/../lib/gcc/arm-none-eabi/10.3.1/../../../../arm-none-eabi/lib/thumb/v7e-m/nofp\libstdc++.a(eh_alloc.o) (std::terminate())
c:/gcc-arm-none-eabi-10.3-2021.10/bin/../lib/gcc/arm-none-eabi/10.3.1/../../../../arm-none-eabi/lib/thumb/v7e-m/nofp\libstdc++.a(eh_throw.o)
                              c:/gcc-arm-none-eabi-10.3-2021.10/bin/../lib/gcc/arm-none-eabi/10.3.1/../../../../arm-none-eabi/lib/thumb/v7e-m/nofp\libstdc++.a(new_op.o) (__cxa_throw)
c:/gcc-arm-none-eabi-10.3-2021.10/bin/../lib/gcc/arm-none-eabi/10.3.1/../../../../arm-none-eabi/lib/thumb/v7e-m/nofp\libstdc++.a(eh_unex_handler.o)
                              c:/gcc-arm-none-eabi-10.3-2021.10/bin/../lib/gcc/arm-none-eabi/10.3.1/../../../../arm-none-eabi/lib/thumb/v7e-m/nofp\libstdc++.a(eh_terminate.o) (__cxxabiv1::__unexpected_handler)
c:/gcc-arm-none-eabi-10.3-2021.10/bin/../lib/gcc/arm-none-eabi/10.3.1/../../../../arm-none-eabi/lib/thumb/v7e-m/nofp\libstdc++.a(new_handler.o)
                              c:/gcc-arm-none-eabi-10.3-2021.10/bin/../lib/gcc/arm-none-eabi/10.3.1/../../../../arm-none-eabi/lib/thumb/v7e-m/nofp\libstdc++.a(new_op.o) (std::get_new_handler())
c:/gcc-arm-none-eabi-10.3-2021.10/bin/../lib/gcc/arm-none-eabi/10.3.1/../../../../arm-none-eabi/lib/thumb/v7e-m/nofp\libstdc++.a(pure.o)
                              c:/gcc-arm-none-eabi-10.3-2021.10/bin/../lib/gcc/arm-none-eabi/10.3.1/../../../../arm-none-eabi/lib/thumb/v7e-m/nofp\libstdc++.a(eh_exception.o) (__cxa_pure_virtual)
c:/gcc-arm-none-eabi-10.3-2021.10/bin/../lib/gcc/arm-none-eabi/10.3.1/../../../../arm-none-eabi/lib/thumb/v7e-m/nofp\libstdc++.a(si_class_type_info.o)
                              c:/gcc-arm-none-eabi-10.3-2021.10/bin/../lib/gcc/arm-none-eabi/10.3.1/../../../../arm-none-eabi/lib/thumb/v7e-m/nofp\libstdc++.a(bad_alloc.o) (vtable for __cxxabiv1::__si_class_type_info)
c:/gcc-arm-none-eabi-10.3-2021.10/bin/../lib/gcc/arm-none-eabi/10.3.1/../../../../arm-none-eabi/lib/thumb/v7e-m/nofp\libstdc++.a(tinfo.o)
                              c:/gcc-arm-none-eabi-10.3-2021.10/bin/../lib/gcc/arm-none-eabi/10.3.1/../../../../arm-none-eabi/lib/thumb/v7e-m/nofp\libstdc++.a(si_class_type_info.o) (std::type_info::__is_pointer_p() const)
c:/gcc-arm-none-eabi-10.3-2021.10/bin/../lib/gcc/arm-none-eabi/10.3.1/../../../../arm-none-eabi/lib/thumb/v7e-m/nofp\libstdc++.a(vterminate.o)
                              c:/gcc-arm-none-eabi-10.3-2021.10/bin/../lib/gcc/arm-none-eabi/10.3.1/../../../../arm-none-eabi/lib/thumb/v7e-m/nofp\libstdc++.a(eh_terminate.o) (__gnu_cxx::__verbose_terminate_handler())
c:/gcc-arm-none-eabi-10.3-2021.10/bin/../lib/gcc/arm-none-eabi/10.3.1/../../../../arm-none-eabi/lib/thumb/v7e-m/nofp\libstdc++.a(class_type_info.o)
[...]
Memory Configuration

Name             Origin             Length             Attributes
PROGRAM_FLASH    0x0000c000         0x00073c00         xr
SRAM_UPPER       0x20000000         0x00010000         xrw
SRAM_LOWER       0x1fff0000         0x00010000         xrw
*default*        0x00000000         0xffffffff

Linker script and memory map

LOAD c:/gcc-arm-none-eabi-10.3-2021.10/bin/../lib/gcc/arm-none-eabi/10.3.1/thumb/v7e-m/nofp/crti.o
LOAD c:/gcc-arm-none-eabi-10.3-2021.10/bin/../lib/gcc/arm-none-eabi/10.3.1/thumb/v7e-m/nofp/crtbegin.o
LOAD c:/gcc-arm-none-eabi-10.3-2021.10/bin/../lib/gcc/arm-none-eabi/10.3.1/../../../../arm-none-eabi/lib/thumb/v7e-m/nofp/crt0.o
LOAD ../main.o
LOAD Startup/startup_mk60d10.o
LOAD Libraries/FEHMotor.o
LOAD Drivers/mcg.o
LOAD Drivers/i2c.o
LOAD Drivers/spi.o
LOAD Drivers/uart.o
LOAD Drivers/ff.o
LOAD Drivers/SDHC.o
LOAD Drivers/lptmr.o
LOAD FEHProteus.o
LOAD Drivers/FEHPropeller.o
LOAD Libraries/FEHUtility.o
LOAD Libraries/FEHIO.o
LOAD Drivers/adc16.o
LOAD Libraries/FEHBuzzer.o
LOAD Libraries/FEHServo.o
LOAD Libraries/FEHLCD.o
LOAD Libraries/FEHAccel.o
LOAD Libraries/FEHBattery.o
LOAD Drivers/FEHXBee.o
LOAD Libraries/FEHRPS.o
LOAD Libraries/FEHSD.o
LOAD Libraries/FEHRandom.o
LOAD c:/gcc-arm-none-eabi-10.3-2021.10/bin/../lib/gcc/arm-none-eabi/10.3.1/../../../../arm-none-eabi/lib/thumb/v7e-m/nofp\libstdc++.a
LOAD c:/gcc-arm-none-eabi-10.3-2021.10/bin/../lib/gcc/arm-none-eabi/10.3.1/../../../../arm-none-eabi/lib/thumb/v7e-m/nofp\libm.a
START GROUP
LOAD c:/gcc-arm-none-eabi-10.3-2021.10/bin/../lib/gcc/arm-none-eabi/10.3.1/thumb/v7e-m/nofp\libgcc.a
LOAD c:/gcc-arm-none-eabi-10.3-2021.10/bin/../lib/gcc/arm-none-eabi/10.3.1/../../../../arm-none-eabi/lib/thumb/v7e-m/nofp\libg.a
LOAD c:/gcc-arm-none-eabi-10.3-2021.10/bin/../lib/gcc/arm-none-eabi/10.3.1/../../../../arm-none-eabi/lib/thumb/v7e-m/nofp\libc.a
END GROUP
START GROUP
LOAD c:/gcc-arm-none-eabi-10.3-2021.10/bin/../lib/gcc/arm-none-eabi/10.3.1/thumb/v7e-m/nofp\libgcc.a
LOAD c:/gcc-arm-none-eabi-10.3-2021.10/bin/../lib/gcc/arm-none-eabi/10.3.1/../../../../arm-none-eabi/lib/thumb/v7e-m/nofp\libc.a
LOAD c:/gcc-arm-none-eabi-10.3-2021.10/bin/../lib/gcc/arm-none-eabi/10.3.1/../../../../arm-none-eabi/lib/thumb/v7e-m/nofp\libnosys.a
END GROUP
LOAD c:/gcc-arm-none-eabi-10.3-2021.10/bin/../lib/gcc/arm-none-eabi/10.3.1/thumb/v7e-m/nofp/crtend.o
LOAD c:/gcc-arm-none-eabi-10.3-2021.10/bin/../lib/gcc/arm-none-eabi/10.3.1/thumb/v7e-m/nofp/crtn.o
                0x0000c000                __base_PROGRAM_FLASH = 0xc000
                0x0000c000                __base_Flash = 0xc000
                0x0007fc00                __top_PROGRAM_FLASH = 0x7fc00
                0x0007fc00                __top_Flash = 0x7fc00
                0x20000000                __base_SRAM_UPPER = 0x20000000
                0x20000000                __base_RAM = 0x20000000
                0x20010000                __top_SRAM_UPPER = 0x20010000
                0x20010000                __top_RAM = 0x20010000
                0x1fff0000                __base_SRAM_LOWER = 0x1fff0000
                0x1fff0000                __base_RAM2 = 0x1fff0000
                0x20000000                __top_SRAM_LOWER = 0x20000000
                0x20000000                __top_RAM2 = 0x20000000

.text           0x0000c000      0x410
 FILL mask 0xff
                0x0000c000                __vectors_start__ = ABSOLUTE (.)
 *(.isr_vector)
 .isr_vector    0x0000c000      0x1bc Startup/startup_mk60d10.o
                0x0000c000                g_pfnVectors
                0x0000c000                __Vectors
                0x0000c1bc                . = ALIGN (0x4)
                0x0000c1bc                __section_table_start = .
                0x0000c1bc                __data_section_table = .
                0x0000c1bc        0x4 LONG 0x1b04c LOADADDR (.data)
                0x0000c1c0        0x4 LONG 0x20000000 ADDR (.data)
                0x0000c1c4        0x4 LONG 0x16c8 SIZEOF (.data)
                0x0000c1c8        0x4 LONG 0x1b04c LOADADDR (.data_RAM2)
                0x0000c1cc        0x4 LONG 0x1fff0000 ADDR (.data_RAM2)
                0x0000c1d0        0x4 LONG 0x0 SIZEOF (.data_RAM2)
                0x0000c1d4                __data_section_table_end = .
                0x0000c1d4                __bss_section_table = .
                0x0000c1d4        0x4 LONG 0x200016c8 ADDR (.bss)
                0x0000c1d8        0x4 LONG 0x46c SIZEOF (.bss)
                0x0000c1dc        0x4 LONG 0x1fff0000 ADDR (.bss_RAM2)
                0x0000c1e0        0x4 LONG 0x0 SIZEOF (.bss_RAM2)
                0x0000c1e4                __bss_section_table_end = .
                0x0000c1e4                __section_table_end = .
 *(.after_vectors*)
 .after_vectors.init_data
                0x0000c1e4       0x42 Startup/startup_mk60d10.o
                0x0000c1e4                data_init(unsigned int, unsigned int, unsigned int)
 .after_vectors.init_bss
                0x0000c226       0x36 Startup/startup_mk60d10.o
                0x0000c226                bss_init(unsigned int, unsigned int)
 .after_vectors.reset
                0x0000c25c       0xb4 Startup/startup_mk60d10.o
                0x0000c25c                ResetISR
 .after_vectors
                0x0000c310       0x3c Startup/startup_mk60d10.o
                0x0000c310                NMI_Handler
                0x0000c316                HardFault_Handler
                0x0000c31c                MemManage_Handler
                0x0000c322                BusFault_Handler
                0x0000c328                UsageFault_Handler
                0x0000c32e                SVC_Handler
                0x0000c334                DebugMon_Handler
                0x0000c33a                PendSV_Handler
                0x0000c340                SysTick_Handler
                0x0000c346                DMA_Error_DriverIRQHandler
                0x0000c346                LPTMR0_DriverIRQHandler
                0x0000c346                FTM1_DriverIRQHandler
                0x0000c346                FTM2_DriverIRQHandler
                0x0000c346                PIT2_DriverIRQHandler
                0x0000c346                SDHC_DriverIRQHandler
                0x0000c346                I2S0_Tx_DriverIRQHandler
                0x0000c346                TSI0_DriverIRQHandler
                0x0000c346                RTC_Seconds_DriverIRQHandler
                0x0000c346                Reserved109_DriverIRQHandler
                0x0000c346                DMA6_DriverIRQHandler
                0x0000c346                LLWU_DriverIRQHandler
                0x0000c346                MCM_DriverIRQHandler
                0x0000c346                MCG_DriverIRQHandler
                0x0000c346                ENET_1588_Timer_DriverIRQHandler
                0x0000c346                DAC1_DriverIRQHandler
                0x0000c346                SPI1_DriverIRQHandler
                0x0000c346                CMP1_DriverIRQHandler
                0x0000c346                UART5_RX_TX_DriverIRQHandler
                0x0000c346                FTM0_DriverIRQHandler
                0x0000c346                IntDefaultHandler
                0x0000c346                USB0_DriverIRQHandler
                0x0000c346                UART5_ERR_DriverIRQHandler
                0x0000c346                DMA11_DriverIRQHandler
                0x0000c346                DAC0_DriverIRQHandler
                0x0000c346                DMA10_DriverIRQHandler
                0x0000c346                CMP2_DriverIRQHandler
                0x0000c346                UART2_ERR_DriverIRQHandler
                0x0000c346                SPI2_DriverIRQHandler
                0x0000c346                LVD_LVW_DriverIRQHandler
                0x0000c346                RNG_DriverIRQHandler
                0x0000c346                DMA12_DriverIRQHandler
                0x0000c346                DMA4_DriverIRQHandler
                0x0000c346                UART2_RX_TX_DriverIRQHandler
                0x0000c346                USBDCD_DriverIRQHandler
                0x0000c346                UART3_ERR_DriverIRQHandler
                0x0000c346                DMA3_DriverIRQHandler
                0x0000c346                DMA8_DriverIRQHandler
                0x0000c346                DMA9_DriverIRQHandler
                0x0000c346                UART0_ERR_DriverIRQHandler
                0x0000c346                CMT_DriverIRQHandler
                0x0000c346                ADC1_DriverIRQHandler
                0x0000c346                DMA14_DriverIRQHandler
                0x0000c346                PIT3_DriverIRQHandler
                0x0000c346                PIT1_DriverIRQHandler
                0x0000c346                WDOG_EWM_DriverIRQHandler
                0x0000c346                PDB0_DriverIRQHandler
                0x0000c346                Reserved95_DriverIRQHandler
                0x0000c346                RTC_DriverIRQHandler
                0x0000c346                I2S0_Rx_DriverIRQHandler
                0x0000c346                Read_Collision_DriverIRQHandler
                0x0000c346                SWI_DriverIRQHandler
                0x0000c346                UART4_RX_TX_DriverIRQHandler
                0x0000c346                UART4_ERR_DriverIRQHandler
                0x0000c346                DMA0_DriverIRQHandler
                0x0000c346                UART0_LON_DriverIRQHandler
                0x0000c346                Reserved102_DriverIRQHandler
                0x0000c346                DMA1_DriverIRQHandler
                0x0000c346                I2C1_DriverIRQHandler
                0x0000c346                UART3_RX_TX_DriverIRQHandler
                0x0000c346                ENET_Receive_DriverIRQHandler
                0x0000c346                DMA13_DriverIRQHandler
                0x0000c346                ENET_Error_DriverIRQHandler
                0x0000c346                DMA15_DriverIRQHandler
                0x0000c346                SPI0_DriverIRQHandler
                0x0000c346                ADC0_DriverIRQHandler
                0x0000c346                FTFL_DriverIRQHandler
                0x0000c346                CMP0_DriverIRQHandler
                0x0000c346                CAN0_DriverIRQHandler
                0x0000c346                Reserved59_DriverIRQHandler
                0x0000c346                DMA5_DriverIRQHandler
                0x0000c346                UART1_ERR_DriverIRQHandler
                0x0000c346                DMA2_DriverIRQHandler
                0x0000c346                ENET_Transmit_DriverIRQHandler
                0x0000c346                I2C0_DriverIRQHandler
                0x0000c346                CAN1_DriverIRQHandler
                0x0000c346                DMA7_DriverIRQHandler
                0x0000c346                UART1_RX_TX_DriverIRQHandler
                0x0000c346                Reserved108_DriverIRQHandler
                0x00000400                . = 0x400
 *fill*         0x0000c34c       0xb4 ff
                0x0000c400                PROVIDE (__FLASH_CONFIG_START__ = .)
 *(.FlashConfig)
 .FlashConfig   0x0000c400       0x10 Startup/startup_mk60d10.o
                0x0000c410                PROVIDE (__FLASH_CONFIG_END__ = .)
                0x00000001                ASSERT (! ((__FLASH_CONFIG_START__ == __FLASH_CONFIG_END__)), Linker Flash Config Support Enabled, but no .FlashConfig section provided within application)

.eh_frame       0x0000c410        0x0
 .eh_frame      0x0000c410        0x0 c:/gcc-arm-none-eabi-10.3-2021.10/bin/../lib/gcc/arm-none-eabi/10.3.1/thumb/v7e-m/nofp/crtbegin.o

.glue_7         0x0000c410        0x0
 .glue_7        0x0000c410        0x0 linker stubs

.glue_7t        0x0000c410        0x0
 .glue_7t       0x0000c410        0x0 linker stubs

.vfp11_veneer   0x0000c410        0x0
 .vfp11_veneer  0x0000c410        0x0 linker stubs

.v4_bx          0x0000c410        0x0
 .v4_bx         0x0000c410        0x0 linker stubs

.iplt           0x0000c410        0x0
 .iplt          0x0000c410        0x0 c:/gcc-arm-none-eabi-10.3-2021.10/bin/../lib/gcc/arm-none-eabi/10.3.1/thumb/v7e-m/nofp/crtbegin.o

.text           0x0000c440     0xec04
 *(.text*)
 .text          0x0000c440       0x40 c:/gcc-arm-none-eabi-10.3-2021.10/bin/../lib/gcc/arm-none-eabi/10.3.1/thumb/v7e-m/nofp/crtbegin.o
 .text._Z20drive_forward_amountii
                0x0000c480       0xb8 ../main.o
                0x0000c480                drive_forward_amount(int, int)
 .text._Z10turn_rightii
                0x0000c538       0xf8 ../main.o
                0x0000c538                turn_right(int, int)
 .text._Z13pulse_forwardif
                0x0000c630       0x54 ../main.o
                0x0000c630                pulse_forward(int, float)
 .text._Z22pulse_counterclockwiseif
                0x0000c684       0x50 ../main.o
                0x0000c684                pulse_counterclockwise(int, float)
 *fill*         0x0000c6d4        0x4 
 .text._Z7check_xfi
                0x0000c6d8       0xc8 ../main.o
                0x0000c6d8                check_x(float, int)
 .text._Z7check_yfi
                0x0000c7a0       0xc8 ../main.o
                0x0000c7a0                check_y(float, int)
 .text._Z13check_headingf
                0x0000c868      0x10c ../main.o
                0x0000c868                check_heading(float)
 .text.main     0x0000c974      0x13c ../main.o
                0x0000c974                main
 .text._Z41__static_initialization_and_destruction_0ii
                0x0000cab0       0x68 ../main.o
 .text._GLOBAL__sub_I_right_encoder
                0x0000cb18       0x10 ../main.o
 .text.PORTD_IRQHandler
                0x0000cb28       0x50 Startup/startup_mk60d10.o
                0x0000cb28                PORTD_IRQHandler
 .text._Z15InitPowerButtonv
                0x0000cb78       0x60 Startup/startup_mk60d10.o
                0x0000cb78                InitPowerButton()
 .text._ZL11pll_init_blv
                0x0000cbd8       0xe0 Startup/startup_mk60d10.o
 .text._Z14InitFEHProteusv
                0x0000ccb8       0xec Startup/startup_mk60d10.o
                0x0000ccb8                InitFEHProteus()
 .text.DMA0_IRQHandler
                0x0000cda4        0xc Startup/startup_mk60d10.o
                0x0000cda4                DMA0_IRQHandler
 .text.DMA1_IRQHandler
                0x0000cdb0        0xc Startup/startup_mk60d10.o
                0x0000cdb0                DMA1_IRQHandler
 .text.DMA2_IRQHandler
                0x0000cdbc        0xc Startup/startup_mk60d10.o
                0x0000cdbc                DMA2_IRQHandler
 .text.DMA3_IRQHandler
                0x0000cdc8        0xc Startup/startup_mk60d10.o
                0x0000cdc8                DMA3_IRQHandler
 .text.DMA4_IRQHandler
                0x0000cdd4        0xc Startup/startup_mk60d10.o
                0x0000cdd4                DMA4_IRQHandler
 .text.DMA5_IRQHandler
                0x0000cde0        0xc Startup/startup_mk60d10.o
                0x0000cde0                DMA5_IRQHandler
 .text.DMA6_IRQHandler
                0x0000cdec        0xc Startup/startup_mk60d10.o
                0x0000cdec                DMA6_IRQHandler
 .text.DMA7_IRQHandler
                0x0000cdf8        0xc Startup/startup_mk60d10.o
                0x0000cdf8                DMA7_IRQHandler
 .text.DMA8_IRQHandler
                0x0000ce04        0xc Startup/startup_mk60d10.o
                0x0000ce04                DMA8_IRQHandler
 .text.DMA9_IRQHandler
                0x0000ce10        0xc Startup/startup_mk60d10.o
                0x0000ce10                DMA9_IRQHandler
 .text.DMA10_IRQHandler
                0x0000ce1c        0xc Startup/startup_mk60d10.o
                0x0000ce1c                DMA10_IRQHandler
 .text.DMA11_IRQHandler
                0x0000ce28        0xc Startup/startup_mk60d10.o
                0x0000ce28                DMA11_IRQHandler
 .text.DMA12_IRQHandler
                0x0000ce34        0xc Startup/startup_mk60d10.o
                0x0000ce34                DMA12_IRQHandler
 .text.DMA13_IRQHandler
                0x0000ce40        0xc Startup/startup_mk60d10.o
                0x0000ce40                DMA13_IRQHandler
 .text.DMA14_IRQHandler
                0x0000ce4c        0xc Startup/startup_mk60d10.o
                0x0000ce4c                DMA14_IRQHandler
 .text.DMA15_IRQHandler
                0x0000ce58        0xc Startup/startup_mk60d10.o
                0x0000ce58                DMA15_IRQHandler
 .text.DMA_Error_IRQHandler
                0x0000ce64        0xc Startup/startup_mk60d10.o
                0x0000ce64                DMA_Error_IRQHandler
 .text.MCM_IRQHandler
                0x0000ce70        0xc Startup/startup_mk60d10.o
                0x0000ce70                MCM_IRQHandler
 .text.FTFL_IRQHandler
                0x0000ce7c        0xc Startup/startup_mk60d10.o
                0x0000ce7c                FTFL_IRQHandler
 .text.Read_Collision_IRQHandler
                0x0000ce88        0xc Startup/startup_mk60d10.o
                0x0000ce88                Read_Collision_IRQHandler
 .text.LVD_LVW_IRQHandler
                0x0000ce94        0xc Startup/startup_mk60d10.o
                0x0000ce94                LVD_LVW_IRQHandler
 .text.LLWU_IRQHandler
                0x0000cea0        0xc Startup/startup_mk60d10.o
                0x0000cea0                LLWU_IRQHandler
 .text.WDOG_EWM_IRQHandler
                0x0000ceac        0xc Startup/startup_mk60d10.o
                0x0000ceac                WDOG_EWM_IRQHandler
 .text.RNG_IRQHandler
                0x0000ceb8        0xc Startup/startup_mk60d10.o
                0x0000ceb8                RNG_IRQHandler
 .text.I2C0_IRQHandler
                0x0000cec4        0xc Startup/startup_mk60d10.o
                0x0000cec4                I2C0_IRQHandler
 .text.I2C1_IRQHandler
                0x0000ced0        0xc Startup/startup_mk60d10.o
                0x0000ced0                I2C1_IRQHandler
 .text.SPI0_IRQHandler
                0x0000cedc        0xc Startup/startup_mk60d10.o
                0x0000cedc                SPI0_IRQHandler
 .text.SPI1_IRQHandler
                0x0000cee8        0xc Startup/startup_mk60d10.o
                0x0000cee8                SPI1_IRQHandler
 .text.SPI2_IRQHandler
                0x0000cef4        0xc Startup/startup_mk60d10.o
                0x0000cef4                SPI2_IRQHandler
 .text.CAN0_ORed_Message_buffer_IRQHandler
                0x0000cf00        0xc Startup/startup_mk60d10.o
                0x0000cf00                CAN0_ORed_Message_buffer_IRQHandler
 .text.CAN0_Bus_Off_IRQHandler
                0x0000cf0c        0xc Startup/startup_mk60d10.o
                0x0000cf0c                CAN0_Bus_Off_IRQHandler
 .text.CAN0_Error_IRQHandler
                0x0000cf18        0xc Startup/startup_mk60d10.o
                0x0000cf18                CAN0_Error_IRQHandler
 .text.CAN0_Tx_Warning_IRQHandler
                0x0000cf24        0xc Startup/startup_mk60d10.o
                0x0000cf24                CAN0_Tx_Warning_IRQHandler
 .text.CAN0_Rx_Warning_IRQHandler
                0x0000cf30        0xc Startup/startup_mk60d10.o
                0x0000cf30                CAN0_Rx_Warning_IRQHandler
 .text.CAN0_Wake_Up_IRQHandler
                0x0000cf3c        0xc Startup/startup_mk60d10.o
                0x0000cf3c                CAN0_Wake_Up_IRQHandler
 .text.I2S0_Tx_IRQHandler
                0x0000cf48        0xc Startup/startup_mk60d10.o
                0x0000cf48                I2S0_Tx_IRQHandler
 .text.I2S0_Rx_IRQHandler
                0x0000cf54        0xc Startup/startup_mk60d10.o
                0x0000cf54                I2S0_Rx_IRQHandler
 .text.CAN1_ORed_Message_buffer_IRQHandler
                0x0000cf60        0xc Startup/startup_mk60d10.o
                0x0000cf60                CAN1_ORed_Message_buffer_IRQHandler
 .text.CAN1_Bus_Off_IRQHandler
                0x0000cf6c        0xc Startup/startup_mk60d10.o
                0x0000cf6c                CAN1_Bus_Off_IRQHandler
 .text.CAN1_Error_IRQHandler
                0x0000cf78        0xc Startup/startup_mk60d10.o
                0x0000cf78                CAN1_Error_IRQHandler
 .text.CAN1_Tx_Warning_IRQHandler
                0x0000cf84        0xc Startup/startup_mk60d10.o
                0x0000cf84                CAN1_Tx_Warning_IRQHandler
 .text.CAN1_Rx_Warning_IRQHandler
                0x0000cf90        0xc Startup/startup_mk60d10.o
                0x0000cf90                CAN1_Rx_Warning_IRQHandler
 .text.CAN1_Wake_Up_IRQHandler
                0x0000cf9c        0xc Startup/startup_mk60d10.o
                0x0000cf9c                CAN1_Wake_Up_IRQHandler
 .text.Reserved59_IRQHandler
                0x0000cfa8        0xc Startup/startup_mk60d10.o
                0x0000cfa8                Reserved59_IRQHandler
 .text.UART0_LON_IRQHandler
                0x0000cfb4        0xc Startup/startup_mk60d10.o
                0x0000cfb4                UART0_LON_IRQHandler
 .text.UART0_ERR_IRQHandler
                0x0000cfc0        0xc Startup/startup_mk60d10.o
                0x0000cfc0                UART0_ERR_IRQHandler
 .text.UART1_RX_TX_IRQHandler
                0x0000cfcc        0xc Startup/startup_mk60d10.o
                0x0000cfcc                UART1_RX_TX_IRQHandler
 .text.UART1_ERR_IRQHandler
                0x0000cfd8        0xc Startup/startup_mk60d10.o
                0x0000cfd8                UART1_ERR_IRQHandler
 .text.UART2_RX_TX_IRQHandler
                0x0000cfe4        0xc Startup/startup_mk60d10.o
                0x0000cfe4                UART2_RX_TX_IRQHandler
 .text.UART2_ERR_IRQHandler
                0x0000cff0        0xc Startup/startup_mk60d10.o
                0x0000cff0                UART2_ERR_IRQHandler
 .text.UART3_RX_TX_IRQHandler
                0x0000cffc        0xc Startup/startup_mk60d10.o
                0x0000cffc                UART3_RX_TX_IRQHandler
 .text.UART3_ERR_IRQHandler
                0x0000d008        0xc Startup/startup_mk60d10.o
                0x0000d008                UART3_ERR_IRQHandler
 .text.UART4_RX_TX_IRQHandler
                0x0000d014        0xc Startup/startup_mk60d10.o
                0x0000d014                UART4_RX_TX_IRQHandler
 .text.UART4_ERR_IRQHandler
                0x0000d020        0xc Startup/startup_mk60d10.o
                0x0000d020                UART4_ERR_IRQHandler
 .text.UART5_RX_TX_IRQHandler
                0x0000d02c        0xc Startup/startup_mk60d10.o
                0x0000d02c                UART5_RX_TX_IRQHandler
 .text.UART5_ERR_IRQHandler
                0x0000d038        0xc Startup/startup_mk60d10.o
                0x0000d038                UART5_ERR_IRQHandler
 .text.ADC0_IRQHandler
                0x0000d044        0xc Startup/startup_mk60d10.o
                0x0000d044                ADC0_IRQHandler
 .text.ADC1_IRQHandler
                0x0000d050        0xc Startup/startup_mk60d10.o
                0x0000d050                ADC1_IRQHandler
 .text.CMP0_IRQHandler
                0x0000d05c        0xc Startup/startup_mk60d10.o
                0x0000d05c                CMP0_IRQHandler
 .text.CMP1_IRQHandler
                0x0000d068        0xc Startup/startup_mk60d10.o
                0x0000d068                CMP1_IRQHandler
 .text.CMP2_IRQHandler
                0x0000d074        0xc Startup/startup_mk60d10.o
                0x0000d074                CMP2_IRQHandler
 .text.FTM0_IRQHandler
                0x0000d080        0xc Startup/startup_mk60d10.o
                0x0000d080                FTM0_IRQHandler
 .text.FTM1_IRQHandler
                0x0000d08c        0xc Startup/startup_mk60d10.o
                0x0000d08c                FTM1_IRQHandler
 .text.FTM2_IRQHandler
                0x0000d098        0xc Startup/startup_mk60d10.o
                0x0000d098                FTM2_IRQHandler
 .text.CMT_IRQHandler
                0x0000d0a4        0xc Startup/startup_mk60d10.o
                0x0000d0a4                CMT_IRQHandler
 .text.RTC_IRQHandler
                0x0000d0b0        0xc Startup/startup_mk60d10.o
                0x0000d0b0                RTC_IRQHandler
 .text.RTC_Seconds_IRQHandler
                0x0000d0bc        0xc Startup/startup_mk60d10.o
                0x0000d0bc                RTC_Seconds_IRQHandler
 .text.PIT1_IRQHandler
                0x0000d0c8        0xc Startup/startup_mk60d10.o
                0x0000d0c8                PIT1_IRQHandler
 .text.PIT2_IRQHandler
                0x0000d0d4        0xc Startup/startup_mk60d10.o
                0x0000d0d4                PIT2_IRQHandler
 .text.PIT3_IRQHandler
                0x0000d0e0        0xc Startup/startup_mk60d10.o
                0x0000d0e0                PIT3_IRQHandler
 .text.PDB0_IRQHandler
                0x0000d0ec        0xc Startup/startup_mk60d10.o
                0x0000d0ec                PDB0_IRQHandler
 .text.USB0_IRQHandler
                0x0000d0f8        0xc Startup/startup_mk60d10.o
                0x0000d0f8                USB0_IRQHandler
 .text.USBDCD_IRQHandler
                0x0000d104        0xc Startup/startup_mk60d10.o
                0x0000d104                USBDCD_IRQHandler
 .text.ENET_1588_Timer_IRQHandler
                0x0000d110        0xc Startup/startup_mk60d10.o
                0x0000d110                ENET_1588_Timer_IRQHandler
 .text.ENET_Transmit_IRQHandler
                0x0000d11c        0xc Startup/startup_mk60d10.o
                0x0000d11c                ENET_Transmit_IRQHandler
 .text.ENET_Receive_IRQHandler
                0x0000d128        0xc Startup/startup_mk60d10.o
                0x0000d128                ENET_Receive_IRQHandler
 .text.ENET_Error_IRQHandler
                0x0000d134        0xc Startup/startup_mk60d10.o
                0x0000d134                ENET_Error_IRQHandler
 .text.Reserved95_IRQHandler
                0x0000d140        0xc Startup/startup_mk60d10.o
                0x0000d140                Reserved95_IRQHandler
 .text.SDHC_IRQHandler
                0x0000d14c        0xc Startup/startup_mk60d10.o
                0x0000d14c                SDHC_IRQHandler
 .text.DAC0_IRQHandler
                0x0000d158        0xc Startup/startup_mk60d10.o
                0x0000d158                DAC0_IRQHandler
 .text.DAC1_IRQHandler
                0x0000d164        0xc Startup/startup_mk60d10.o
                0x0000d164                DAC1_IRQHandler
 .text.TSI0_IRQHandler
                0x0000d170        0xc Startup/startup_mk60d10.o
                0x0000d170                TSI0_IRQHandler
 .text.MCG_IRQHandler
                0x0000d17c        0xc Startup/startup_mk60d10.o
                0x0000d17c                MCG_IRQHandler
 .text.LPTMR0_IRQHandler
                0x0000d188        0xc Startup/startup_mk60d10.o
                0x0000d188                LPTMR0_IRQHandler
 .text.Reserved102_IRQHandler
                0x0000d194        0xc Startup/startup_mk60d10.o
                0x0000d194                Reserved102_IRQHandler
 .text.Reserved108_IRQHandler
                0x0000d1a0        0xc Startup/startup_mk60d10.o
                0x0000d1a0                Reserved108_IRQHandler
 .text.Reserved109_IRQHandler
                0x0000d1ac        0xc Startup/startup_mk60d10.o
                0x0000d1ac                Reserved109_IRQHandler
 .text.SWI_IRQHandler
                0x0000d1b8        0xc Startup/startup_mk60d10.o
                0x0000d1b8                SWI_IRQHandler
 *fill*         0x0000d1c4        0x4 
 .text._ZN8FEHMotorC2ENS_12FEHMotorPortEf
                0x0000d1c8       0x7c Libraries/FEHMotor.o
                0x0000d1c8                FEHMotor::FEHMotor(FEHMotor::FEHMotorPort, float)
                0x0000d1c8                FEHMotor::FEHMotor(FEHMotor::FEHMotorPort, float)
 .text._ZN8FEHMotor4StopEv
                0x0000d244       0x30 Libraries/FEHMotor.o
                0x0000d244                FEHMotor::Stop()
 .text._ZN8FEHMotor8SetPowerEi
                0x0000d274       0x54 Libraries/FEHMotor.o
                0x0000d274                FEHMotor::SetPower(int)
 .text._ZN8FEHMotor10SetPercentEf
                0x0000d2c8       0xf8 Libraries/FEHMotor.o
                0x0000d2c8                FEHMotor::SetPercent(float)
 .text._Z21IIC_StartTransmissionhh
                0x0000d3c0       0x6c Drivers/i2c.o
                0x0000d3c0                IIC_StartTransmission(unsigned char, unsigned char)
 .text._Z5Pausev
                0x0000d42c       0x24 Drivers/i2c.o
                0x0000d42c                Pause()
 .text._Z21MMA8451QWriteRegisterhh
                0x0000d450       0x68 Drivers/i2c.o
                0x0000d450                MMA8451QWriteRegister(unsigned char, unsigned char)
 .text._Z8i2c_Waitv
                0x0000d4b8       0x6c Drivers/i2c.o
                0x0000d4b8                i2c_Wait()
 .text._Z12SPI_SendCharh
                0x0000d524       0x1a Drivers/spi.o
                0x0000d524                SPI_SendChar(unsigned char)
 .text._Z16SPI_WriteCommandhh
                0x0000d53e       0x34 Drivers/spi.o
                0x0000d53e                SPI_WriteCommand(unsigned char, unsigned char)
 .text._Z11SPI_GetCharv
                0x0000d572       0x10 Drivers/spi.o
                0x0000d572                SPI_GetChar()
 .text._Z15SPI_ReadCommandh
                0x0000d582       0x38 Drivers/spi.o
                0x0000d582                SPI_ReadCommand(unsigned char)
 *fill*         0x0000d5ba        0x2 
 .text._Z13SPI_CS_Assertv
                0x0000d5bc       0x1c Drivers/spi.o
                0x0000d5bc                SPI_CS_Assert()
 .text._Z15SPI_CS_Deassertv
                0x0000d5d8       0x1c Drivers/spi.o
                0x0000d5d8                SPI_CS_Deassert()
 .text._Z12SPI_Transferh
                0x0000d5f4       0x6c Drivers/spi.o
                0x0000d5f4                SPI_Transfer(unsigned char)
 .text._Z8SPI_Initv
                0x0000d660       0xa0 Drivers/spi.o
                0x0000d660                SPI_Init()
 .text._Z9uart_initPV11UART_MemMapii
                0x0000d700      0x174 Drivers/uart.o
                0x0000d700                uart_init(UART_MemMap volatile*, int, int)
 .text._Z12uart_getcharPV11UART_MemMap
                0x0000d874       0x32 Drivers/uart.o
                0x0000d874                uart_getchar(UART_MemMap volatile*)
 .text._Z12uart_putcharPV11UART_MemMapc
                0x0000d8a6       0x32 Drivers/uart.o
                0x0000d8a6                uart_putchar(UART_MemMap volatile*, char)
 .text._ZL7mem_setPvij
                0x0000d8d8       0x3c Drivers/ff.o
 .text._ZL11move_windowP5FATFSm
                0x0000d914       0xc8 Drivers/ff.o
 .text._ZL4syncP5FATFS
                0x0000d9dc      0x14c Drivers/ff.o
 .text._ZL8validateP5FATFSt
                0x0000db28       0x54 Drivers/ff.o
 .text._Z6f_syncP3FIL
                0x0000db7c      0x186 Drivers/ff.o
                0x0000db7c                f_sync(FIL*)
 .text._Z7f_closeP3FIL
                0x0000dd02       0x28 Drivers/ff.o
                0x0000dd02                f_close(FIL*)
 *fill*         0x0000dd2a        0x2 
 .text._ZL17SDHC_set_baudratemm
                0x0000dd2c       0xe8 Drivers/SDHC.o
 .text._Z9SDHC_initP17esdhc_info_structPK17esdhc_init_struct
                0x0000de14      0x130 Drivers/SDHC.o
                0x0000de14                SDHC_init(esdhc_info_struct*, esdhc_init_struct const*)
 .text._ZL15SDHC_is_runningv
                0x0000df44       0x24 Drivers/SDHC.o
 .text._ZL16SDHC_status_waitm
                0x0000df68       0x2c Drivers/SDHC.o
 .text._ZL17SDHC_send_commandP20esdhc_command_struct
                0x0000df94      0x1f8 Drivers/SDHC.o
 .text._Z10SDHC_ioctlmPv
                0x0000e18c      0x6f0 Drivers/SDHC.o
                0x0000e18c                SDHC_ioctl(unsigned long, void*)
 .text._ZL14rcvr_datablockPhm
                0x0000e87c       0xf0 Drivers/SDHC.o
 .text._Z9disk_readhPhmh
                0x0000e96c      0x124 Drivers/SDHC.o
                0x0000e96c                disk_read(unsigned char, unsigned char*, unsigned long, unsigned char)
 .text._ZL14xmit_datablockPKhm
                0x0000ea90       0xa4 Drivers/SDHC.o
 .text._Z10disk_writehPKhmh
                0x0000eb34      0x198 Drivers/SDHC.o
                0x0000eb34                disk_write(unsigned char, unsigned char const*, unsigned long, unsigned char)
 .text._Z10disk_ioctlhhPv
                0x0000eccc      0x104 Drivers/SDHC.o
                0x0000eccc                disk_ioctl(unsigned char, unsigned char, void*)
 .text._Z11disk_statush
                0x0000edd0       0x28 Drivers/SDHC.o
                0x0000edd0                disk_status(unsigned char)
 .text._Z13time_delay_msm
                0x0000edf8       0x6c Drivers/lptmr.o
                0x0000edf8                time_delay_ms(unsigned long)
 .text._Z41__static_initialization_and_destruction_0ii
                0x0000ee64       0x2c FEHProteus.o
 .text._GLOBAL__sub_I_Propeller
                0x0000ee90       0x10 FEHProteus.o
 .text._ZN12FEHPropellerC2Ev
                0x0000eea0       0x1a Drivers/FEHPropeller.o
                0x0000eea0                FEHPropeller::FEHPropeller()
                0x0000eea0                FEHPropeller::FEHPropeller()
 *fill*         0x0000eeba        0x2 
 .text._ZN12FEHPropeller10InitializeEv
                0x0000eebc       0x74 Drivers/FEHPropeller.o
                0x0000eebc                FEHPropeller::Initialize()
 .text._ZN12FEHPropeller12SetMotorRateEhhh
                0x0000ef30       0x5c Drivers/FEHPropeller.o
                0x0000ef30                FEHPropeller::SetMotorRate(unsigned char, unsigned char, unsigned char)
 .text._ZL5Delaymjj
                0x0000ef8c       0x94 Libraries/FEHUtility.o
 .text._Z5Sleepi
                0x0000f020       0x2c Libraries/FEHUtility.o
                0x0000f020                Sleep(int)
 .text._Z5Sleepf
                0x0000f04c       0x40 Libraries/FEHUtility.o
                0x0000f04c                Sleep(float)
 .text._Z5Sleepd
                0x0000f08c       0x4c Libraries/FEHUtility.o
                0x0000f08c                Sleep(double)
 .text._Z11TimeNowMSecv
                0x0000f0d8       0x38 Libraries/FEHUtility.o
                0x0000f0d8                TimeNowMSec()
 .text._ZN14DigitalEncoderC2EN5FEHIO8FEHIOPinE
                0x0000f110       0x26 Libraries/FEHIO.o
                0x0000f110                DigitalEncoder::DigitalEncoder(FEHIO::FEHIOPin)
                0x0000f110                DigitalEncoder::DigitalEncoder(FEHIO::FEHIOPin)
 *fill*         0x0000f136        0x2 
 .text._Z10enable_irqi
                0x0000f138      0x11c Libraries/FEHIO.o
                0x0000f138                enable_irq(int)
 .text._ZN14DigitalEncoder10InitializeEN5FEHIO8FEHIOPinENS0_21FEHIOInterruptTriggerE
                0x0000f254      0x1a8 Libraries/FEHIO.o
                0x0000f254                DigitalEncoder::Initialize(FEHIO::FEHIOPin, FEHIO::FEHIOInterruptTrigger)
 .text._Z16PORTB_IRQHandlerv
                0x0000f3fc       0xa0 Libraries/FEHIO.o
                0x0000f3fc                PORTB_IRQHandler()
 .text._Z16PORTC_IRQHandlerv
                0x0000f49c       0xa0 Libraries/FEHIO.o
                0x0000f49c                PORTC_IRQHandler()
 .text._Z16PORTA_IRQHandlerv
                0x0000f53c       0xa4 Libraries/FEHIO.o
                0x0000f53c                PORTA_IRQHandler()
 .text._Z16PORTE_IRQHandlerv
                0x0000f5e0       0x9c Libraries/FEHIO.o
                0x0000f5e0                PORTE_IRQHandler()
 .text._ZN14DigitalEncoder6CountsEv
                0x0000f67c       0x24 Libraries/FEHIO.o
                0x0000f67c                DigitalEncoder::Counts()
 .text._ZN14DigitalEncoder11ResetCountsEv
                0x0000f6a0       0x24 Libraries/FEHIO.o
                0x0000f6a0                DigitalEncoder::ResetCounts()
 .text._ZN14AnalogInputPinC2EN5FEHIO8FEHIOPinE
                0x0000f6c4       0x1e Libraries/FEHIO.o
                0x0000f6c4                AnalogInputPin::AnalogInputPin(FEHIO::FEHIOPin)
                0x0000f6c4                AnalogInputPin::AnalogInputPin(FEHIO::FEHIOPin)
 *fill*         0x0000f6e2        0x2 
 .text._ZN13AnalogEncoder12EncoderValueEv
                0x0000f6e4       0xb0 Libraries/FEHIO.o
                0x0000f6e4                AnalogEncoder::EncoderValue()
 .text._ZN14AnalogInputPin8InitADCsEv
                0x0000f794       0x98 Libraries/FEHIO.o
                0x0000f794                AnalogInputPin::InitADCs()
 .text._Z15PIT0_IRQHandlerv
                0x0000f82c       0x28 Libraries/FEHIO.o
                0x0000f82c                PIT0_IRQHandler()
 .text._ZN13AnalogEncoder4InitEv
                0x0000f854       0x44 Libraries/FEHIO.o
                0x0000f854                AnalogEncoder::Init()
 .text._ZN13AnalogEncoder14SetCounterInitEj
                0x0000f898       0x20 Libraries/FEHIO.o
                0x0000f898                AnalogEncoder::SetCounterInit(unsigned int)
 .text._ZN13AnalogEncoder10ProcessIntEv
                0x0000f8b8       0x68 Libraries/FEHIO.o
                0x0000f8b8                AnalogEncoder::ProcessInt()
 .text._ZN13AnalogEncoder14ProcessIntSelfEv
                0x0000f920       0x6e Libraries/FEHIO.o
                0x0000f920                AnalogEncoder::ProcessIntSelf()
 .text._Z7ADC_CalPV10ADC_MemMap
                0x0000f98e      0x13e Drivers/adc16.o
                0x0000f98e                ADC_Cal(ADC_MemMap volatile*)
 .text._Z14ADC_Config_AltPV10ADC_MemMapP7adc_cfg
                0x0000facc       0x6c Drivers/adc16.o
                0x0000facc                ADC_Config_Alt(ADC_MemMap volatile*, adc_cfg*)
 .text._ZN9FEHBuzzerC2Ev
                0x0000fb38       0x14 Libraries/FEHBuzzer.o
                0x0000fb38                FEHBuzzer::FEHBuzzer()
                0x0000fb38                FEHBuzzer::FEHBuzzer()
 .text._Z41__static_initialization_and_destruction_0ii
                0x0000fb4c       0x2c Libraries/FEHBuzzer.o
 .text._GLOBAL__sub_I_Buzzer
                0x0000fb78       0x10 Libraries/FEHBuzzer.o
 .text._ZN6FEHLCD11_InitializeEv
                0x0000fb88      0x410 Libraries/FEHLCD.o
                0x0000fb88                FEHLCD::_Initialize()
 .text._ZN6FEHLCDC2Ev
                0x0000ff98       0x50 Libraries/FEHLCD.o
                0x0000ff98                FEHLCD::FEHLCD()
                0x0000ff98                FEHLCD::FEHLCD()
 .text._ZN6FEHLCD10InitializeEv
                0x0000ffe8       0x28 Libraries/FEHLCD.o
                0x0000ffe8                FEHLCD::Initialize()
 .text._ZN6FEHLCD10PrintImageEii
                0x00010010       0xbc Libraries/FEHLCD.o
                0x00010010                FEHLCD::PrintImage(int, int)
 .text._ZN6FEHLCD9PrintLogoEii
                0x000100cc       0xbc Libraries/FEHLCD.o
                0x000100cc                FEHLCD::PrintLogo(int, int)
 .text._ZN6FEHLCD22ConvertFEHColorTo24BitENS_11FEHLCDColorE
                0x00010188       0x78 Libraries/FEHLCD.o
                0x00010188                FEHLCD::ConvertFEHColorTo24Bit(FEHLCD::FEHLCDColor)
 .text._ZN6FEHLCD24Convert24BitColorTo16BitEj
                0x00010200       0x30 Libraries/FEHLCD.o
                0x00010200                FEHLCD::Convert24BitColorTo16Bit(unsigned int)
 .text._ZN6FEHLCD22ConvertRGBColorTo16BitEhhh
                0x00010230       0x4a Libraries/FEHLCD.o
                0x00010230                FEHLCD::ConvertRGBColorTo16Bit(unsigned char, unsigned char, unsigned char)
 .text._ZN6FEHLCD5ClearENS_11FEHLCDColorE
                0x0001027a       0x28 Libraries/FEHLCD.o
                0x0001027a                FEHLCD::Clear(FEHLCD::FEHLCDColor)
 .text._ZN6FEHLCD5ClearEj
                0x000102a2       0x2c Libraries/FEHLCD.o
                0x000102a2                FEHLCD::Clear(unsigned int)
 .text._ZN6FEHLCD5ClearEv
                0x000102ce       0x16 Libraries/FEHLCD.o
                0x000102ce                FEHLCD::Clear()
 .text._ZN6FEHLCD18SetBackgroundColorENS_11FEHLCDColorE
                0x000102e4       0x28 Libraries/FEHLCD.o
                0x000102e4                FEHLCD::SetBackgroundColor(FEHLCD::FEHLCDColor)
 .text._ZN6FEHLCD18SetBackgroundColorEj
                0x0001030c       0x26 Libraries/FEHLCD.o
                0x0001030c                FEHLCD::SetBackgroundColor(unsigned int)
 .text._ZN6FEHLCD12SetFontColorENS_11FEHLCDColorE
                0x00010332       0x28 Libraries/FEHLCD.o
                0x00010332                FEHLCD::SetFontColor(FEHLCD::FEHLCDColor)
 .text._ZN6FEHLCD12SetFontColorEj
                0x0001035a       0x26 Libraries/FEHLCD.o
                0x0001035a                FEHLCD::SetFontColor(unsigned int)
 .text._ZN6FEHLCD7WriteAtEPKcii
                0x00010380       0x46 Libraries/FEHLCD.o
                0x00010380                FEHLCD::WriteAt(char const*, int, int)
 .text._ZN6FEHLCD11TS_SPI_InitEv
                0x000103c6       0x7c Libraries/FEHLCD.o
                0x000103c6                FEHLCD::TS_SPI_Init()
 *fill*         0x00010442        0x6 
 .text._ZN6FEHLCD5TouchEPfS0_
                0x00010448      0x1fc Libraries/FEHLCD.o
                0x00010448                FEHLCD::Touch(float*, float*)
 .text._ZN6FEHLCD3absEi
                0x00010644       0x22 Libraries/FEHLCD.o
                0x00010644                FEHLCD::abs(int)
 .text._ZN6FEHLCD5WriteEPKc
                0x00010666       0x4e Libraries/FEHLCD.o
                0x00010666                FEHLCD::Write(char const*)
 .text._ZN6FEHLCD5WriteEf
                0x000106b4       0xc0 Libraries/FEHLCD.o
                0x000106b4                FEHLCD::Write(float)
 .text._ZN6FEHLCD5WriteEc
                0x00010774       0x30 Libraries/FEHLCD.o
                0x00010774                FEHLCD::Write(char)
 .text._ZN6FEHLCD9WriteLineEPKc
                0x000107a4       0x26 Libraries/FEHLCD.o
                0x000107a4                FEHLCD::WriteLine(char const*)
 .text._ZN6FEHLCD9WriteLineEf
                0x000107ca       0x26 Libraries/FEHLCD.o
                0x000107ca                FEHLCD::WriteLine(float)
 .text._ZN6FEHLCD9WriteLineEc
                0x000107f0       0x2a Libraries/FEHLCD.o
                0x000107f0                FEHLCD::WriteLine(char)
 *fill*         0x0001081a        0x2 
 .text._ZN6FEHLCD10WriteIndexEh
                0x0001081c      0x14c Libraries/FEHLCD.o
                0x0001081c                FEHLCD::WriteIndex(unsigned char)
 .text._ZN6FEHLCD14WriteParameterEh
                0x00010968      0x130 Libraries/FEHLCD.o
                0x00010968                FEHLCD::WriteParameter(unsigned char)
 .text._ZN6FEHLCD6_ClearEv
                0x00010a98      0x15c Libraries/FEHLCD.o
                0x00010a98                FEHLCD::_Clear()
 .text._ZN6FEHLCD8NextLineEv
                0x00010bf4       0x2a Libraries/FEHLCD.o
                0x00010bf4                FEHLCD::NextLine()
 .text._ZN6FEHLCD9CheckLineEv
                0x00010c1e       0x28 Libraries/FEHLCD.o
                0x00010c1e                FEHLCD::CheckLine()
 .text._ZN6FEHLCD8NextCharEv
                0x00010c46       0x32 Libraries/FEHLCD.o
                0x00010c46                FEHLCD::NextChar()
 .text._ZN6FEHLCD9DrawPixelEii
                0x00010c78       0x2a Libraries/FEHLCD.o
                0x00010c78                FEHLCD::DrawPixel(int, int)
 .text._Z4SwapRiS_
                0x00010ca2       0x28 Libraries/FEHLCD.o
                0x00010ca2                Swap(int&, int&)
 .text._ZN6FEHLCD13DrawRectangleEiiii
                0x00010cca       0x7c Libraries/FEHLCD.o
                0x00010cca                FEHLCD::DrawRectangle(int, int, int, int)
 .text._ZN6FEHLCD13SetDrawRegionEiiii
                0x00010d46       0xfe Libraries/FEHLCD.o
                0x00010d46                FEHLCD::SetDrawRegion(int, int, int, int)
 .text._ZN6FEHLCD8DrawLineEiiii
                0x00010e44      0x14c Libraries/FEHLCD.o
                0x00010e44                FEHLCD::DrawLine(int, int, int, int)
 .text._ZN6FEHLCD9WriteCharEiic
                0x00010f90       0x34 Libraries/FEHLCD.o
                0x00010f90                FEHLCD::WriteChar(int, int, char)
 .text._ZN6FEHLCD11WriteCharAtEiic
                0x00010fc4      0x214 Libraries/FEHLCD.o
                0x00010fc4                FEHLCD::WriteCharAt(int, int, char)
 .text._ZN6FEHLCD11RepeatColorEv
                0x000111d8       0x70 Libraries/FEHLCD.o
                0x000111d8                FEHLCD::RepeatColor()
 .text._ZN6FEHLCD10_ForePixelEv
                0x00011248       0xc4 Libraries/FEHLCD.o
                0x00011248                FEHLCD::_ForePixel()
 .text._ZN6FEHLCD10_BackPixelEv
                0x0001130c       0xc4 Libraries/FEHLCD.o
                0x0001130c                FEHLCD::_BackPixel()
 .text._ZN6FEHLCD22SetRegisterColorValuesEv
                0x000113d0      0x336 Libraries/FEHLCD.o
                0x000113d0                FEHLCD::SetRegisterColorValues()
 .text._ZN7FEHIcon4IconC2Ev
                0x00011706       0x14 Libraries/FEHLCD.o
                0x00011706                FEHIcon::Icon::Icon()
                0x00011706                FEHIcon::Icon::Icon()
 .text._ZN7FEHIcon4Icon13SetPropertiesEPciiiijj
                0x0001171a       0x6a Libraries/FEHLCD.o
                0x0001171a                FEHIcon::Icon::SetProperties(char*, int, int, int, int, unsigned int, unsigned int)
 .text._ZN7FEHIcon4Icon4DrawEv
                0x00011784       0x90 Libraries/FEHLCD.o
                0x00011784                FEHIcon::Icon::Draw()
 .text._ZN7FEHIcon4Icon6SelectEv
                0x00011814       0x90 Libraries/FEHLCD.o
                0x00011814                FEHIcon::Icon::Select()
 .text._ZN7FEHIcon4Icon8DeselectEv
                0x000118a4       0x8c Libraries/FEHLCD.o
                0x000118a4                FEHIcon::Icon::Deselect()
 .text._ZN7FEHIcon4Icon7PressedEffi
                0x00011930      0x13c Libraries/FEHLCD.o
                0x00011930                FEHIcon::Icon::Pressed(float, float, int)
 .text._ZN7FEHIcon4Icon12WhilePressedEff
                0x00011a6c       0x50 Libraries/FEHLCD.o
                0x00011a6c                FEHIcon::Icon::WhilePressed(float, float)
 .text._ZN7FEHIcon13DrawIconArrayEPNS_4IconEiiiiiiPA20_cjj
                0x00011abc      0x168 Libraries/FEHLCD.o
                0x00011abc                FEHIcon::DrawIconArray(FEHIcon::Icon*, int, int, int, int, int, int, char (*) [20], unsigned int, unsigned int)
 .text._Z41__static_initialization_and_destruction_0ii
                0x00011c24       0x2c Libraries/FEHLCD.o
 .text._GLOBAL__sub_I_image
                0x00011c50       0x10 Libraries/FEHLCD.o
 .text._ZN8FEHAccelC2Ev
                0x00011c60       0x70 Libraries/FEHAccel.o
                0x00011c60                FEHAccel::FEHAccel()
                0x00011c60                FEHAccel::FEHAccel()
 .text._Z41__static_initialization_and_destruction_0ii
                0x00011cd0       0x2c Libraries/FEHAccel.o
 .text._GLOBAL__sub_I_Accel
                0x00011cfc       0x10 Libraries/FEHAccel.o
 .text._ZN10FEHBatteryC2EN5FEHIO8FEHIOPinE
                0x00011d0c       0x22 Libraries/FEHBattery.o
                0x00011d0c                FEHBattery::FEHBattery(FEHIO::FEHIOPin)
                0x00011d0c                FEHBattery::FEHBattery(FEHIO::FEHIOPin)
 *fill*         0x00011d2e        0x2 
 .text._Z41__static_initialization_and_destruction_0ii
                0x00011d30       0x30 Libraries/FEHBattery.o
 .text._GLOBAL__sub_I_Battery
                0x00011d60       0x10 Libraries/FEHBattery.o
 .text._ZN7FEHXBeeC2Ev
                0x00011d70       0x1a Drivers/FEHXBee.o
                0x00011d70                FEHXBee::FEHXBee()
                0x00011d70                FEHXBee::FEHXBee()
 *fill*         0x00011d8a        0x2 
 .text._ZN7FEHXBee10InitializeEv
                0x00011d8c       0xdc Drivers/FEHXBee.o
                0x00011d8c                FEHXBee::Initialize()
 .text._ZN7FEHXBee13IsInitializedEv
                0x00011e68       0x16 Drivers/FEHXBee.o
                0x00011e68                FEHXBee::IsInitialized()
 *fill*         0x00011e7e        0x2 
 .text._ZN7FEHXBee17ReceiveDataSearchEPcjh
                0x00011e80       0x8c Drivers/FEHXBee.o
                0x00011e80                FEHXBee::ReceiveDataSearch(char*, unsigned int, unsigned char)
 .text._ZN7FEHXBee8SendDataEPcj
                0x00011f0c       0x40 Drivers/FEHXBee.o
                0x00011f0c                FEHXBee::SendData(char*, unsigned int)
 .text._ZN7FEHXBee17SetPacketCallBackEPFvPhhE
                0x00011f4c       0x20 Drivers/FEHXBee.o
                0x00011f4c                FEHXBee::SetPacketCallBack(void (*)(unsigned char*, unsigned char))
 .text._Z22UART0_RX_TX_IRQHandlerv
                0x00011f6c       0xec Drivers/FEHXBee.o
                0x00011f6c                UART0_RX_TX_IRQHandler()
 .text._ZN6FEHRPSC2Ev
                0x00012058       0x74 Libraries/FEHRPS.o
                0x00012058                FEHRPS::FEHRPS()
                0x00012058                FEHRPS::FEHRPS()
 .text._ZN6FEHRPS10InitializeEi
                0x000120cc      0x664 Libraries/FEHRPS.o
                0x000120cc                FEHRPS::Initialize(int)
 .text._ZN6FEHRPS10InitializeEc
                0x00012730       0x46 Libraries/FEHRPS.o
                0x00012730                FEHRPS::Initialize(char)
 *fill*         0x00012776        0x2 
 .text._ZN6FEHRPS19InitializeTouchMenuEv
                0x00012778      0x41c Libraries/FEHRPS.o
                0x00012778                FEHRPS::InitializeTouchMenu()
 .text._ZN6FEHRPS19CurrentRegionLetterEv
                0x00012b94       0x1c Libraries/FEHRPS.o
                0x00012b94                FEHRPS::CurrentRegionLetter()
 .text._ZN6FEHRPS13WaitForPacketEv
                0x00012bb0       0x58 Libraries/FEHRPS.o
                0x00012bb0                FEHRPS::WaitForPacket()
 .text._ZN6FEHRPS1XEv
                0x00012c08       0x1c Libraries/FEHRPS.o
                0x00012c08                FEHRPS::X()
 .text._ZN6FEHRPS1YEv
                0x00012c24       0x1c Libraries/FEHRPS.o
                0x00012c24                FEHRPS::Y()
 .text._ZN6FEHRPS7HeadingEv
                0x00012c40       0x1c Libraries/FEHRPS.o
                0x00012c40                FEHRPS::Heading()
 .text._Z14RPSDataProcessPhh
                0x00012c5c      0x148 Libraries/FEHRPS.o
                0x00012c5c                RPSDataProcess(unsigned char*, unsigned char)
 .text._Z41__static_initialization_and_destruction_0ii
                0x00012da4       0x2c Libraries/FEHRPS.o
 .text._GLOBAL__sub_I_RPS
                0x00012dd0       0x10 Libraries/FEHRPS.o
 .text._ZN5FEHSDC2Ev
                0x00012de0       0x24 Libraries/FEHSD.o
                0x00012de0                FEHSD::FEHSD()
                0x00012de0                FEHSD::FEHSD()
 .text._ZN5FEHSD9FCloseAllEv
                0x00012e04       0x6c Libraries/FEHSD.o
                0x00012e04                FEHSD::FCloseAll()
 .text._Z41__static_initialization_and_destruction_0ii
                0x00012e70       0x2c Libraries/FEHSD.o
 .text._GLOBAL__sub_I_SD
                0x00012e9c       0x10 Libraries/FEHSD.o
 .text._ZN9FEHRandom10InitializeEv
                0x00012eac       0x3c Libraries/FEHRandom.o
                0x00012eac                FEHRandom::Initialize()
 .text.startup._GLOBAL__sub_I__ZN9__gnu_cxx9__freeresEv
                0x00012ee8       0x28 c:/gcc-arm-none-eabi-10.3-2021.10/bin/../lib/gcc/arm-none-eabi/10.3.1/../../../../arm-none-eabi/lib/thumb/v7e-m/nofp\libstdc++.a(eh_alloc.o)
 .text          0x00012f10      0x378 c:/gcc-arm-none-eabi-10.3-2021.10/bin/../lib/gcc/arm-none-eabi/10.3.1/thumb/v7e-m/nofp\libgcc.a(_arm_addsubdf3.o)
                0x00012f10                __aeabi_drsub
                0x00012f18                __aeabi_dsub
                0x00012f18                __subdf3
                0x00012f1c                __aeabi_dadd
                0x00012f1c                __adddf3
                0x00013194                __floatunsidf
                0x00013194                __aeabi_ui2d
                0x000131b4                __floatsidf
                0x000131b4                __aeabi_i2d
                0x000131d8                __aeabi_f2d
                0x000131d8                __extendsfdf2
                0x0001321c                __floatundidf
                0x0001321c                __aeabi_ul2d
                0x0001322c                __floatdidf
                0x0001322c                __aeabi_l2d
 .text          0x00013288      0x424 c:/gcc-arm-none-eabi-10.3-2021.10/bin/../lib/gcc/arm-none-eabi/10.3.1/thumb/v7e-m/nofp\libgcc.a(_arm_muldivdf3.o)
                0x00013288                __aeabi_dmul
                0x00013288                __muldf3
                0x000134dc                __divdf3
                0x000134dc                __aeabi_ddiv
 .text          0x000136ac      0x110 c:/gcc-arm-none-eabi-10.3-2021.10/bin/../lib/gcc/arm-none-eabi/10.3.1/thumb/v7e-m/nofp\libgcc.a(_arm_cmpdf2.o)
                0x000136ac                __gtdf2
                0x000136ac                __gedf2
                0x000136b4                __ltdf2
                0x000136b4                __ledf2
                0x000136bc                __nedf2
                0x000136bc                __eqdf2
                0x000136bc                __cmpdf2
                0x00013738                __aeabi_cdrcmple
                0x00013748                __aeabi_cdcmpeq
                0x00013748                __aeabi_cdcmple
                0x00013758                __aeabi_dcmpeq
                0x0001376c                __aeabi_dcmplt
                0x00013780                __aeabi_dcmple
                0x00013794                __aeabi_dcmpge
                0x000137a8                __aeabi_dcmpgt
 .text          0x000137bc       0x50 c:/gcc-arm-none-eabi-10.3-2021.10/bin/../lib/gcc/arm-none-eabi/10.3.1/thumb/v7e-m/nofp\libgcc.a(_arm_fixdfsi.o)
                0x000137bc                __aeabi_d2iz
                0x000137bc                __fixdfsi
 .text          0x0001380c       0x40 c:/gcc-arm-none-eabi-10.3-2021.10/bin/../lib/gcc/arm-none-eabi/10.3.1/thumb/v7e-m/nofp\libgcc.a(_arm_fixunsdfsi.o)
                0x0001380c                __aeabi_d2uiz
                0x0001380c                __fixunsdfsi
 .text          0x0001384c       0xa0 c:/gcc-arm-none-eabi-10.3-2021.10/bin/../lib/gcc/arm-none-eabi/10.3.1/thumb/v7e-m/nofp\libgcc.a(_arm_truncdfsf2.o)
                0x0001384c                __truncdfsf2
                0x0001384c                __aeabi_d2f
 .text          0x000138ec      0x21c c:/gcc-arm-none-eabi-10.3-2021.10/bin/../lib/gcc/arm-none-eabi/10.3.1/thumb/v7e-m/nofp\libgcc.a(_arm_addsubsf3.o)
                0x000138ec                __aeabi_frsub
                0x000138f4                __subsf3
                0x000138f4                __aeabi_fsub
                0x000138f8                __aeabi_fadd
                0x000138f8                __addsf3
                0x00013a58                __aeabi_ui2f
                0x00013a58                __floatunsisf
                0x00013a60                __aeabi_i2f
                0x00013a60                __floatsisf
                0x00013a7c                __aeabi_ul2f
                0x00013a7c                __floatundisf
                0x00013a8c                __aeabi_l2f
                0x00013a8c                __floatdisf
 .text          0x00013b08      0x2a0 c:/gcc-arm-none-eabi-10.3-2021.10/bin/../lib/gcc/arm-none-eabi/10.3.1/thumb/v7e-m/nofp\libgcc.a(_arm_muldivsf3.o)
                0x00013b08                __mulsf3
                0x00013b08                __aeabi_fmul
                0x00013c70                __aeabi_fdiv
                0x00013c70                __divsf3
 .text          0x00013da8       0xec c:/gcc-arm-none-eabi-10.3-2021.10/bin/../lib/gcc/arm-none-eabi/10.3.1/thumb/v7e-m/nofp\libgcc.a(_arm_cmpsf2.o)
                0x00013da8                __gesf2
                0x00013da8                __gtsf2
                0x00013db0                __lesf2
                0x00013db0                __ltsf2
                0x00013db8                __nesf2
                0x00013db8                __eqsf2
                0x00013db8                __cmpsf2
                0x00013e18                __aeabi_cfrcmple
                0x00013e20                __aeabi_cfcmpeq
                0x00013e20                __aeabi_cfcmple
                0x00013e30                __aeabi_fcmpeq
                0x00013e44                __aeabi_fcmplt
                0x00013e58                __aeabi_fcmple
                0x00013e6c                __aeabi_fcmpge
                0x00013e80                __aeabi_fcmpgt
 .text          0x00013e94       0x4c c:/gcc-arm-none-eabi-10.3-2021.10/bin/../lib/gcc/arm-none-eabi/10.3.1/thumb/v7e-m/nofp\libgcc.a(_arm_fixsfsi.o)
                0x00013e94                __aeabi_f2iz
                0x00013e94                __fixsfsi
 .text          0x00013ee0       0x40 c:/gcc-arm-none-eabi-10.3-2021.10/bin/../lib/gcc/arm-none-eabi/10.3.1/thumb/v7e-m/nofp\libgcc.a(_arm_fixunssfsi.o)
                0x00013ee0                __fixunssfsi
                0x00013ee0                __aeabi_f2uiz
 .text.abort    0x00013f20       0x10 c:/gcc-arm-none-eabi-10.3-2021.10/bin/../lib/gcc/arm-none-eabi/10.3.1/../../../../arm-none-eabi/lib/thumb/v7e-m/nofp\libg.a(lib_a-abort.o)
                0x00013f20                abort
 .text.__sfvwrite_r
                0x00013f30      0x2e8 c:/gcc-arm-none-eabi-10.3-2021.10/bin/../lib/gcc/arm-none-eabi/10.3.1/../../../../arm-none-eabi/lib/thumb/v7e-m/nofp\libg.a(lib_a-fvwrite.o)
                0x00013f30                __sfvwrite_r
 .text.__libc_init_array
                0x00014218       0x48 c:/gcc-arm-none-eabi-10.3-2021.10/bin/../lib/gcc/arm-none-eabi/10.3.1/../../../../arm-none-eabi/lib/thumb/v7e-m/nofp\libg.a(lib_a-init.o)
                0x00014218                __libc_init_array
 .text.__retarget_lock_init_recursive
                0x00014260        0x4 c:/gcc-arm-none-eabi-10.3-2021.10/bin/../lib/gcc/arm-none-eabi/10.3.1/../../../../arm-none-eabi/lib/thumb/v7e-m/nofp\libg.a(lib_a-lock.o)
                0x00014260                __retarget_lock_init_recursive
 .text.__retarget_lock_close_recursive
                0x00014264        0x4 c:/gcc-arm-none-eabi-10.3-2021.10/bin/../lib/gcc/arm-none-eabi/10.3.1/../../../../arm-none-eabi/lib/thumb/v7e-m/nofp\libg.a(lib_a-lock.o)
                0x00014264                __retarget_lock_close_recursive
 .text.__retarget_lock_acquire_recursive
                0x00014268        0x4 c:/gcc-arm-none-eabi-10.3-2021.10/bin/../lib/gcc/arm-none-eabi/10.3.1/../../../../arm-none-eabi/lib/thumb/v7e-m/nofp\libg.a(lib_a-lock.o)
                0x00014268                __retarget_lock_acquire_recursive
 .text.__retarget_lock_release_recursive
                0x0001426c        0x4 c:/gcc-arm-none-eabi-10.3-2021.10/bin/../lib/gcc/arm-none-eabi/10.3.1/../../../../arm-none-eabi/lib/thumb/v7e-m/nofp\libg.a(lib_a-lock.o)
                0x0001426c                __retarget_lock_release_recursive
 .text.malloc   0x00014270       0x10 c:/gcc-arm-none-eabi-10.3-2021.10/bin/../lib/gcc/arm-none-eabi/10.3.1/../../../../arm-none-eabi/lib/thumb/v7e-m/nofp\libg.a(lib_a-malloc.o)
                0x00014270                malloc
 .text._malloc_r
                0x00014280      0x560 c:/gcc-arm-none-eabi-10.3-2021.10/bin/../lib/gcc/arm-none-eabi/10.3.1/../../../../arm-none-eabi/lib/thumb/v7e-m/nofp\libg.a(lib_a-mallocr.o)
                0x00014280                _malloc_r
 .text          0x000147e0       0xa0 c:/gcc-arm-none-eabi-10.3-2021.10/bin/../lib/gcc/arm-none-eabi/10.3.1/../../../../arm-none-eabi/lib/thumb/v7e-m/nofp\libg.a(lib_a-memchr.o)
                0x000147e0                memchr
 .text          0x00014880      0x134 c:/gcc-arm-none-eabi-10.3-2021.10/bin/../lib/gcc/arm-none-eabi/10.3.1/../../../../arm-none-eabi/lib/thumb/v7e-m/nofp\libg.a(lib_a-memcpy.o)
                0x00014880                memcpy
 .text.memmove  0x000149b4       0xf8 c:/gcc-arm-none-eabi-10.3-2021.10/bin/../lib/gcc/arm-none-eabi/10.3.1/../../../../arm-none-eabi/lib/thumb/v7e-m/nofp\libg.a(lib_a-memmove.o)
                0x000149b4                memmove
 .text.memset   0x00014aac       0xa4 c:/gcc-arm-none-eabi-10.3-2021.10/bin/../lib/gcc/arm-none-eabi/10.3.1/../../../../arm-none-eabi/lib/thumb/v7e-m/nofp\libg.a(lib_a-memset.o)
                0x00014aac                memset
 .text.__malloc_lock
                0x00014b50        0xc c:/gcc-arm-none-eabi-10.3-2021.10/bin/../lib/gcc/arm-none-eabi/10.3.1/../../../../arm-none-eabi/lib/thumb/v7e-m/nofp\libg.a(lib_a-mlock.o)
                0x00014b50                __malloc_lock
 .text.__malloc_unlock
                0x00014b5c        0xc c:/gcc-arm-none-eabi-10.3-2021.10/bin/../lib/gcc/arm-none-eabi/10.3.1/../../../../arm-none-eabi/lib/thumb/v7e-m/nofp\libg.a(lib_a-mlock.o)
                0x00014b5c                __malloc_unlock
 .text._realloc_r
                0x00014b68      0x3d8 c:/gcc-arm-none-eabi-10.3-2021.10/bin/../lib/gcc/arm-none-eabi/10.3.1/../../../../arm-none-eabi/lib/thumb/v7e-m/nofp\libg.a(lib_a-reallocr.o)
                0x00014b68                _realloc_r
 .text._sbrk_r  0x00014f40       0x24 c:/gcc-arm-none-eabi-10.3-2021.10/bin/../lib/gcc/arm-none-eabi/10.3.1/../../../../arm-none-eabi/lib/thumb/v7e-m/nofp\libg.a(lib_a-sbrkr.o)
                0x00014f40                _sbrk_r
 .text.raise    0x00014f64       0x5c c:/gcc-arm-none-eabi-10.3-2021.10/bin/../lib/gcc/arm-none-eabi/10.3.1/../../../../arm-none-eabi/lib/thumb/v7e-m/nofp\libg.a(lib_a-signal.o)
                0x00014f64                raise
 .text._kill_r  0x00014fc0       0x2c c:/gcc-arm-none-eabi-10.3-2021.10/bin/../lib/gcc/arm-none-eabi/10.3.1/../../../../arm-none-eabi/lib/thumb/v7e-m/nofp\libg.a(lib_a-signalr.o)
                0x00014fc0                _kill_r
 .text._getpid_r
                0x00014fec        0x4 c:/gcc-arm-none-eabi-10.3-2021.10/bin/../lib/gcc/arm-none-eabi/10.3.1/../../../../arm-none-eabi/lib/thumb/v7e-m/nofp\libg.a(lib_a-signalr.o)
                0x00014fec                _getpid_r
 .text.sprintf  0x00014ff0       0x40 c:/gcc-arm-none-eabi-10.3-2021.10/bin/../lib/gcc/arm-none-eabi/10.3.1/../../../../arm-none-eabi/lib/thumb/v7e-m/nofp\libg.a(lib_a-sprintf.o)
                0x00014ff0                sprintf
 .text.strcpy   0x00015030       0xbc c:/gcc-arm-none-eabi-10.3-2021.10/bin/../lib/gcc/arm-none-eabi/10.3.1/../../../../arm-none-eabi/lib/thumb/v7e-m/nofp\libg.a(lib_a-strcpy.o)
                0x00015030                strcpy
 *fill*         0x000150ec       0x14 
 .text          0x00015100       0xdc c:/gcc-arm-none-eabi-10.3-2021.10/bin/../lib/gcc/arm-none-eabi/10.3.1/../../../../arm-none-eabi/lib/thumb/v7e-m/nofp\libg.a(lib_a-strlen.o)
                0x00015100                strlen
 .text._svfprintf_r
                0x000151dc     0x1a3c c:/gcc-arm-none-eabi-10.3-2021.10/bin/../lib/gcc/arm-none-eabi/10.3.1/../../../../arm-none-eabi/lib/thumb/v7e-m/nofp\libg.a(lib_a-svfprintf.o)
                0x000151dc                _svfprintf_r
 .text.__swbuf_r
                0x00016c18       0xb0 c:/gcc-arm-none-eabi-10.3-2021.10/bin/../lib/gcc/arm-none-eabi/10.3.1/../../../../arm-none-eabi/lib/thumb/v7e-m/nofp\libg.a(lib_a-wbuf.o)
                0x00016c18                __swbuf_r
 .text._write_r
                0x00016cc8       0x2c c:/gcc-arm-none-eabi-10.3-2021.10/bin/../lib/gcc/arm-none-eabi/10.3.1/../../../../arm-none-eabi/lib/thumb/v7e-m/nofp\libg.a(lib_a-writer.o)
                0x00016cc8                _write_r
 .text.__swsetup_r
                0x00016cf4       0xd4 c:/gcc-arm-none-eabi-10.3-2021.10/bin/../lib/gcc/arm-none-eabi/10.3.1/../../../../arm-none-eabi/lib/thumb/v7e-m/nofp\libg.a(lib_a-wsetup.o)
                0x00016cf4                __swsetup_r
 .text.startup.register_fini
                0x00016dc8       0x14 c:/gcc-arm-none-eabi-10.3-2021.10/bin/../lib/gcc/arm-none-eabi/10.3.1/../../../../arm-none-eabi/lib/thumb/v7e-m/nofp\libg.a(lib_a-__call_atexit.o)
 .text.atexit   0x00016ddc        0xc c:/gcc-arm-none-eabi-10.3-2021.10/bin/../lib/gcc/arm-none-eabi/10.3.1/../../../../arm-none-eabi/lib/thumb/v7e-m/nofp\libg.a(lib_a-atexit.o)
                0x00016ddc                atexit
 .text.quorem   0x00016de8      0x124 c:/gcc-arm-none-eabi-10.3-2021.10/bin/../lib/gcc/arm-none-eabi/10.3.1/../../../../arm-none-eabi/lib/thumb/v7e-m/nofp\libg.a(lib_a-dtoa.o)
 *fill*         0x00016f0c        0x4 
 .text._dtoa_r  0x00016f10      0xec4 c:/gcc-arm-none-eabi-10.3-2021.10/bin/../lib/gcc/arm-none-eabi/10.3.1/../../../../arm-none-eabi/lib/thumb/v7e-m/nofp\libg.a(lib_a-dtoa.o)
                0x00016f10                _dtoa_r
 .text.__sflush_r
                0x00017dd4      0x120 c:/gcc-arm-none-eabi-10.3-2021.10/bin/../lib/gcc/arm-none-eabi/10.3.1/../../../../arm-none-eabi/lib/thumb/v7e-m/nofp\libg.a(lib_a-fflush.o)
                0x00017dd4                __sflush_r
 .text._fflush_r
                0x00017ef4       0x5c c:/gcc-arm-none-eabi-10.3-2021.10/bin/../lib/gcc/arm-none-eabi/10.3.1/../../../../arm-none-eabi/lib/thumb/v7e-m/nofp\libg.a(lib_a-fflush.o)
                0x00017ef4                _fflush_r
 .text._cleanup_r
                0x00017f50        0xc c:/gcc-arm-none-eabi-10.3-2021.10/bin/../lib/gcc/arm-none-eabi/10.3.1/../../../../arm-none-eabi/lib/thumb/v7e-m/nofp\libg.a(lib_a-findfp.o)
                0x00017f50                _cleanup_r
 .text.__sinit  0x00017f5c      0x10c c:/gcc-arm-none-eabi-10.3-2021.10/bin/../lib/gcc/arm-none-eabi/10.3.1/../../../../arm-none-eabi/lib/thumb/v7e-m/nofp\libg.a(lib_a-findfp.o)
                0x00017f5c                __sinit
 .text.__sfp_lock_acquire
                0x00018068        0xc c:/gcc-arm-none-eabi-10.3-2021.10/bin/../lib/gcc/arm-none-eabi/10.3.1/../../../../arm-none-eabi/lib/thumb/v7e-m/nofp\libg.a(lib_a-findfp.o)
                0x00018068                __sfp_lock_acquire
 .text.__sfp_lock_release
                0x00018074        0xc c:/gcc-arm-none-eabi-10.3-2021.10/bin/../lib/gcc/arm-none-eabi/10.3.1/../../../../arm-none-eabi/lib/thumb/v7e-m/nofp\libg.a(lib_a-findfp.o)
                0x00018074                __sfp_lock_release
 .text.__libc_fini_array
                0x00018080       0x2c c:/gcc-arm-none-eabi-10.3-2021.10/bin/../lib/gcc/arm-none-eabi/10.3.1/../../../../arm-none-eabi/lib/thumb/v7e-m/nofp\libg.a(lib_a-fini.o)
                0x00018080                __libc_fini_array
 .text._malloc_trim_r
                0x000180ac       0xa0 c:/gcc-arm-none-eabi-10.3-2021.10/bin/../lib/gcc/arm-none-eabi/10.3.1/../../../../arm-none-eabi/lib/thumb/v7e-m/nofp\libg.a(lib_a-freer.o)
                0x000180ac                _malloc_trim_r
 .text._free_r  0x0001814c      0x20c c:/gcc-arm-none-eabi-10.3-2021.10/bin/../lib/gcc/arm-none-eabi/10.3.1/../../../../arm-none-eabi/lib/thumb/v7e-m/nofp\libg.a(lib_a-freer.o)
                0x0001814c                _free_r
 .text._fwalk_reent
                0x00018358       0x48 c:/gcc-arm-none-eabi-10.3-2021.10/bin/../lib/gcc/arm-none-eabi/10.3.1/../../../../arm-none-eabi/lib/thumb/v7e-m/nofp\libg.a(lib_a-fwalk.o)
                0x00018358                _fwalk_reent
 .text._localeconv_r
                0x000183a0        0x8 c:/gcc-arm-none-eabi-10.3-2021.10/bin/../lib/gcc/arm-none-eabi/10.3.1/../../../../arm-none-eabi/lib/thumb/v7e-m/nofp\libg.a(lib_a-localeconv.o)
                0x000183a0                _localeconv_r
 .text.__smakebuf_r
                0x000183a8       0xe0 c:/gcc-arm-none-eabi-10.3-2021.10/bin/../lib/gcc/arm-none-eabi/10.3.1/../../../../arm-none-eabi/lib/thumb/v7e-m/nofp\libg.a(lib_a-makebuf.o)
                0x000183a8                __smakebuf_r
 .text._Balloc  0x00018488       0x4c c:/gcc-arm-none-eabi-10.3-2021.10/bin/../lib/gcc/arm-none-eabi/10.3.1/../../../../arm-none-eabi/lib/thumb/v7e-m/nofp\libg.a(lib_a-mprec.o)
                0x00018488                _Balloc
 .text._Bfree   0x000184d4       0x14 c:/gcc-arm-none-eabi-10.3-2021.10/bin/../lib/gcc/arm-none-eabi/10.3.1/../../../../arm-none-eabi/lib/thumb/v7e-m/nofp\libg.a(lib_a-mprec.o)
                0x000184d4                _Bfree
 .text.__multadd
                0x000184e8       0xa0 c:/gcc-arm-none-eabi-10.3-2021.10/bin/../lib/gcc/arm-none-eabi/10.3.1/../../../../arm-none-eabi/lib/thumb/v7e-m/nofp\libg.a(lib_a-mprec.o)
                0x000184e8                __multadd
 .text.__hi0bits
                0x00018588       0x40 c:/gcc-arm-none-eabi-10.3-2021.10/bin/../lib/gcc/arm-none-eabi/10.3.1/../../../../arm-none-eabi/lib/thumb/v7e-m/nofp\libg.a(lib_a-mprec.o)
                0x00018588                __hi0bits
 .text.__lo0bits
                0x000185c8       0x5c c:/gcc-arm-none-eabi-10.3-2021.10/bin/../lib/gcc/arm-none-eabi/10.3.1/../../../../arm-none-eabi/lib/thumb/v7e-m/nofp\libg.a(lib_a-mprec.o)
                0x000185c8                __lo0bits
 .text.__i2b    0x00018624       0x5c c:/gcc-arm-none-eabi-10.3-2021.10/bin/../lib/gcc/arm-none-eabi/10.3.1/../../../../arm-none-eabi/lib/thumb/v7e-m/nofp\libg.a(lib_a-mprec.o)
                0x00018624                __i2b
 .text.__multiply
                0x00018680      0x15c c:/gcc-arm-none-eabi-10.3-2021.10/bin/../lib/gcc/arm-none-eabi/10.3.1/../../../../arm-none-eabi/lib/thumb/v7e-m/nofp\libg.a(lib_a-mprec.o)
                0x00018680                __multiply
 .text.__pow5mult
                0x000187dc       0xc0 c:/gcc-arm-none-eabi-10.3-2021.10/bin/../lib/gcc/arm-none-eabi/10.3.1/../../../../arm-none-eabi/lib/thumb/v7e-m/nofp\libg.a(lib_a-mprec.o)
                0x000187dc                __pow5mult
 .text.__lshift
                0x0001889c       0xf0 c:/gcc-arm-none-eabi-10.3-2021.10/bin/../lib/gcc/arm-none-eabi/10.3.1/../../../../arm-none-eabi/lib/thumb/v7e-m/nofp\libg.a(lib_a-mprec.o)
                0x0001889c                __lshift
 .text.__mcmp   0x0001898c       0x40 c:/gcc-arm-none-eabi-10.3-2021.10/bin/../lib/gcc/arm-none-eabi/10.3.1/../../../../arm-none-eabi/lib/thumb/v7e-m/nofp\libg.a(lib_a-mprec.o)
                0x0001898c                __mcmp
 .text.__mdiff  0x000189cc      0x14c c:/gcc-arm-none-eabi-10.3-2021.10/bin/../lib/gcc/arm-none-eabi/10.3.1/../../../../arm-none-eabi/lib/thumb/v7e-m/nofp\libg.a(lib_a-mprec.o)
                0x000189cc                __mdiff
 .text.__d2b    0x00018b18       0xc4 c:/gcc-arm-none-eabi-10.3-2021.10/bin/../lib/gcc/arm-none-eabi/10.3.1/../../../../arm-none-eabi/lib/thumb/v7e-m/nofp\libg.a(lib_a-mprec.o)
                0x00018b18                __d2b
 .text.frexp    0x00018bdc       0x70 c:/gcc-arm-none-eabi-10.3-2021.10/bin/../lib/gcc/arm-none-eabi/10.3.1/../../../../arm-none-eabi/lib/thumb/v7e-m/nofp\libg.a(lib_a-s_frexp.o)
                0x00018bdc                frexp
 .text.__sread  0x00018c4c       0x24 c:/gcc-arm-none-eabi-10.3-2021.10/bin/../lib/gcc/arm-none-eabi/10.3.1/../../../../arm-none-eabi/lib/thumb/v7e-m/nofp\libg.a(lib_a-stdio.o)
                0x00018c4c                __sread
 .text.__swrite
                0x00018c70       0x40 c:/gcc-arm-none-eabi-10.3-2021.10/bin/../lib/gcc/arm-none-eabi/10.3.1/../../../../arm-none-eabi/lib/thumb/v7e-m/nofp\libg.a(lib_a-stdio.o)
                0x00018c70                __swrite
 .text.__sseek  0x00018cb0       0x20 c:/gcc-arm-none-eabi-10.3-2021.10/bin/../lib/gcc/arm-none-eabi/10.3.1/../../../../arm-none-eabi/lib/thumb/v7e-m/nofp\libg.a(lib_a-stdio.o)
                0x00018cb0                __sseek
 .text.__sclose
                0x00018cd0        0x8 c:/gcc-arm-none-eabi-10.3-2021.10/bin/../lib/gcc/arm-none-eabi/10.3.1/../../../../arm-none-eabi/lib/thumb/v7e-m/nofp\libg.a(lib_a-stdio.o)
                0x00018cd0                __sclose
 .text.strncpy  0x00018cd8       0x64 c:/gcc-arm-none-eabi-10.3-2021.10/bin/../lib/gcc/arm-none-eabi/10.3.1/../../../../arm-none-eabi/lib/thumb/v7e-m/nofp\libg.a(lib_a-strncpy.o)
                0x00018cd8                strncpy
 .text.__ssprint_r
                0x00018d3c       0xf8 c:/gcc-arm-none-eabi-10.3-2021.10/bin/../lib/gcc/arm-none-eabi/10.3.1/../../../../arm-none-eabi/lib/thumb/v7e-m/nofp\libg.a(lib_a-svfiprintf.o)
                0x00018d3c                __ssprint_r
 .text.__register_exitproc
                0x00018e34       0x8c c:/gcc-arm-none-eabi-10.3-2021.10/bin/../lib/gcc/arm-none-eabi/10.3.1/../../../../arm-none-eabi/lib/thumb/v7e-m/nofp\libg.a(lib_a-__atexit.o)
                0x00018e34                __register_exitproc
 .text.__assert_func
                0x00018ec0       0x40 c:/gcc-arm-none-eabi-10.3-2021.10/bin/../lib/gcc/arm-none-eabi/10.3.1/../../../../arm-none-eabi/lib/thumb/v7e-m/nofp\libg.a(lib_a-assert.o)
                0x00018ec0                __assert_func
 .text._calloc_r
                0x00018f00       0x78 c:/gcc-arm-none-eabi-10.3-2021.10/bin/../lib/gcc/arm-none-eabi/10.3.1/../../../../arm-none-eabi/lib/thumb/v7e-m/nofp\libg.a(lib_a-callocr.o)
                0x00018f00                _calloc_r
 .text._close_r
                0x00018f78       0x24 c:/gcc-arm-none-eabi-10.3-2021.10/bin/../lib/gcc/arm-none-eabi/10.3.1/../../../../arm-none-eabi/lib/thumb/v7e-m/nofp\libg.a(lib_a-closer.o)
                0x00018f78                _close_r
 .text.__errno  0x00018f9c        0xc c:/gcc-arm-none-eabi-10.3-2021.10/bin/../lib/gcc/arm-none-eabi/10.3.1/../../../../arm-none-eabi/lib/thumb/v7e-m/nofp\libg.a(lib_a-errno.o)
                0x00018f9c                __errno
 .text._fclose_r
                0x00018fa8       0xcc c:/gcc-arm-none-eabi-10.3-2021.10/bin/../lib/gcc/arm-none-eabi/10.3.1/../../../../arm-none-eabi/lib/thumb/v7e-m/nofp\libg.a(lib_a-fclose.o)
                0x00018fa8                _fclose_r
 .text.fiprintf
                0x00019074       0x28 c:/gcc-arm-none-eabi-10.3-2021.10/bin/../lib/gcc/arm-none-eabi/10.3.1/../../../../arm-none-eabi/lib/thumb/v7e-m/nofp\libg.a(lib_a-fiprintf.o)
                0x00019074                fiprintf
 .text._fstat_r
                0x0001909c       0x2c c:/gcc-arm-none-eabi-10.3-2021.10/bin/../lib/gcc/arm-none-eabi/10.3.1/../../../../arm-none-eabi/lib/thumb/v7e-m/nofp\libg.a(lib_a-fstatr.o)
                0x0001909c                _fstat_r
 .text._isatty_r
                0x000190c8       0x24 c:/gcc-arm-none-eabi-10.3-2021.10/bin/../lib/gcc/arm-none-eabi/10.3.1/../../../../arm-none-eabi/lib/thumb/v7e-m/nofp\libg.a(lib_a-isattyr.o)
                0x000190c8                _isatty_r
 .text.__locale_mb_cur_max
                0x000190ec        0xc c:/gcc-arm-none-eabi-10.3-2021.10/bin/../lib/gcc/arm-none-eabi/10.3.1/../../../../arm-none-eabi/lib/thumb/v7e-m/nofp\libg.a(lib_a-locale.o)
                0x000190ec                __locale_mb_cur_max
 .text._lseek_r
                0x000190f8       0x2c c:/gcc-arm-none-eabi-10.3-2021.10/bin/../lib/gcc/arm-none-eabi/10.3.1/../../../../arm-none-eabi/lib/thumb/v7e-m/nofp\libg.a(lib_a-lseekr.o)
                0x000190f8                _lseek_r
 .text.__ascii_mbtowc
                0x00019124       0x2c c:/gcc-arm-none-eabi-10.3-2021.10/bin/../lib/gcc/arm-none-eabi/10.3.1/../../../../arm-none-eabi/lib/thumb/v7e-m/nofp\libg.a(lib_a-mbtowc_r.o)
                0x00019124                __ascii_mbtowc
 .text._read_r  0x00019150       0x2c c:/gcc-arm-none-eabi-10.3-2021.10/bin/../lib/gcc/arm-none-eabi/10.3.1/../../../../arm-none-eabi/lib/thumb/v7e-m/nofp\libg.a(lib_a-readr.o)
                0x00019150                _read_r
 .text.__sprint_r.part.0
                0x0001917c       0x78 c:/gcc-arm-none-eabi-10.3-2021.10/bin/../lib/gcc/arm-none-eabi/10.3.1/../../../../arm-none-eabi/lib/thumb/v7e-m/nofp\libg.a(lib_a-vfiprintf.o)
 .text._vfiprintf_r
                0x000191f4      0xda0 c:/gcc-arm-none-eabi-10.3-2021.10/bin/../lib/gcc/arm-none-eabi/10.3.1/../../../../arm-none-eabi/lib/thumb/v7e-m/nofp\libg.a(lib_a-vfiprintf.o)
                0x000191f4                _vfiprintf_r
 .text.__sbprintf
                0x00019f94       0x80 c:/gcc-arm-none-eabi-10.3-2021.10/bin/../lib/gcc/arm-none-eabi/10.3.1/../../../../arm-none-eabi/lib/thumb/v7e-m/nofp\libg.a(lib_a-vfiprintf.o)
 .text.__ascii_wctomb
                0x0001a014       0x1c c:/gcc-arm-none-eabi-10.3-2021.10/bin/../lib/gcc/arm-none-eabi/10.3.1/../../../../arm-none-eabi/lib/thumb/v7e-m/nofp\libg.a(lib_a-wctomb_r.o)
                0x0001a014                __ascii_wctomb
 .text.__fputwc
                0x0001a030       0xa8 c:/gcc-arm-none-eabi-10.3-2021.10/bin/../lib/gcc/arm-none-eabi/10.3.1/../../../../arm-none-eabi/lib/thumb/v7e-m/nofp\libg.a(lib_a-fputwc.o)
                0x0001a030                __fputwc
 .text._fputwc_r
                0x0001a0d8       0x68 c:/gcc-arm-none-eabi-10.3-2021.10/bin/../lib/gcc/arm-none-eabi/10.3.1/../../../../arm-none-eabi/lib/thumb/v7e-m/nofp\libg.a(lib_a-fputwc.o)
                0x0001a0d8                _fputwc_r
 .text._wcrtomb_r
                0x0001a140       0x3c c:/gcc-arm-none-eabi-10.3-2021.10/bin/../lib/gcc/arm-none-eabi/10.3.1/../../../../arm-none-eabi/lib/thumb/v7e-m/nofp\libg.a(lib_a-wcrtomb.o)
                0x0001a140                _wcrtomb_r
 .text          0x0001a17c       0x2c c:/gcc-arm-none-eabi-10.3-2021.10/bin/../lib/gcc/arm-none-eabi/10.3.1/thumb/v7e-m/nofp\libgcc.a(_arm_unorddf2.o)
                0x0001a17c                __unorddf2
                0x0001a17c                __aeabi_dcmpun
 .text          0x0001a1a8       0x30 c:/gcc-arm-none-eabi-10.3-2021.10/bin/../lib/gcc/arm-none-eabi/10.3.1/thumb/v7e-m/nofp\libgcc.a(_aeabi_uldivmod.o)
                0x0001a1a8                __aeabi_uldivmod
 .text          0x0001a1d8      0x2d0 c:/gcc-arm-none-eabi-10.3-2021.10/bin/../lib/gcc/arm-none-eabi/10.3.1/thumb/v7e-m/nofp\libgcc.a(_udivmoddi4.o)
                0x0001a1d8                __udivmoddi4
 .text          0x0001a4a8        0x4 c:/gcc-arm-none-eabi-10.3-2021.10/bin/../lib/gcc/arm-none-eabi/10.3.1/thumb/v7e-m/nofp\libgcc.a(_dvmd_tls.o)
                0x0001a4a8                __aeabi_idiv0
                0x0001a4a8                __aeabi_ldiv0
 .text._close   0x0001a4ac       0x10 c:/gcc-arm-none-eabi-10.3-2021.10/bin/../lib/gcc/arm-none-eabi/10.3.1/../../../../arm-none-eabi/lib/thumb/v7e-m/nofp\libnosys.a(close.o)
                0x0001a4ac                _close
 .text._fstat   0x0001a4bc       0x10 c:/gcc-arm-none-eabi-10.3-2021.10/bin/../lib/gcc/arm-none-eabi/10.3.1/../../../../arm-none-eabi/lib/thumb/v7e-m/nofp\libnosys.a(fstat.o)
                0x0001a4bc                _fstat
 .text._getpid  0x0001a4cc       0x10 c:/gcc-arm-none-eabi-10.3-2021.10/bin/../lib/gcc/arm-none-eabi/10.3.1/../../../../arm-none-eabi/lib/thumb/v7e-m/nofp\libnosys.a(getpid.o)
                0x0001a4cc                _getpid
 .text._isatty  0x0001a4dc       0x10 c:/gcc-arm-none-eabi-10.3-2021.10/bin/../lib/gcc/arm-none-eabi/10.3.1/../../../../arm-none-eabi/lib/thumb/v7e-m/nofp\libnosys.a(isatty.o)
                0x0001a4dc                _isatty
 .text._kill    0x0001a4ec       0x10 c:/gcc-arm-none-eabi-10.3-2021.10/bin/../lib/gcc/arm-none-eabi/10.3.1/../../../../arm-none-eabi/lib/thumb/v7e-m/nofp\libnosys.a(kill.o)
                0x0001a4ec                _kill
 .text._lseek   0x0001a4fc       0x10 c:/gcc-arm-none-eabi-10.3-2021.10/bin/../lib/gcc/arm-none-eabi/10.3.1/../../../../arm-none-eabi/lib/thumb/v7e-m/nofp\libnosys.a(lseek.o)
                0x0001a4fc                _lseek
 .text._read    0x0001a50c       0x10 c:/gcc-arm-none-eabi-10.3-2021.10/bin/../lib/gcc/arm-none-eabi/10.3.1/../../../../arm-none-eabi/lib/thumb/v7e-m/nofp\libnosys.a(read.o)
                0x0001a50c                _read
 .text._sbrk    0x0001a51c       0x1c c:/gcc-arm-none-eabi-10.3-2021.10/bin/../lib/gcc/arm-none-eabi/10.3.1/../../../../arm-none-eabi/lib/thumb/v7e-m/nofp\libnosys.a(sbrk.o)
                0x0001a51c                _sbrk
 .text._write   0x0001a538       0x10 c:/gcc-arm-none-eabi-10.3-2021.10/bin/../lib/gcc/arm-none-eabi/10.3.1/../../../../arm-none-eabi/lib/thumb/v7e-m/nofp\libnosys.a(write.o)
                0x0001a538                _write
 .text._exit    0x0001a548        0x4 c:/gcc-arm-none-eabi-10.3-2021.10/bin/../lib/gcc/arm-none-eabi/10.3.1/../../../../arm-none-eabi/lib/thumb/v7e-m/nofp\libnosys.a(_exit.o)
                0x0001a548                _exit
 *(.rodata .rodata.* .constdata .constdata.*)
 .rodata        0x0001a54c       0xc6 ../main.o
 *fill*         0x0001a612        0x2 
 .rodata.K60_SDHC0_init
                0x0001a614        0xc Drivers/SDHC.o
                0x0001a614                K60_SDHC0_init
 .rodata._ZL21ESDHC_COMMAND_XFERTYP
                0x0001a620      0x100 Drivers/SDHC.o
 .rodata._ZL9GPIOPorts
                0x0001a720       0x20 Libraries/FEHIO.o
 .rodata._ZL10ADCNumbers
                0x0001a740       0x21 Libraries/FEHIO.o
 *fill*         0x0001a761        0x3 
 .rodata._ZL14GPIOPinNumbers
                0x0001a764       0x80 Libraries/FEHIO.o
 .rodata._ZL16AnalogPinNumbers
                0x0001a7e4       0x84 Libraries/FEHIO.o
 .rodata        0x0001a868       0x78 Libraries/FEHIO.o
 .rodata        0x0001a8e0       0x32 Libraries/FEHLCD.o
 *fill*         0x0001a912        0x2 
 .rodata        0x0001a914      0x2ec Libraries/FEHRPS.o
 .rodata._global_impure_ptr
                0x0001ac00        0x4 c:/gcc-arm-none-eabi-10.3-2021.10/bin/../lib/gcc/arm-none-eabi/10.3.1/../../../../arm-none-eabi/lib/thumb/v7e-m/nofp\libg.a(lib_a-impure.o)
                0x0001ac00                _global_impure_ptr
 .rodata._svfprintf_r.str1.4
                0x0001ac04       0x42 c:/gcc-arm-none-eabi-10.3-2021.10/bin/../lib/gcc/arm-none-eabi/10.3.1/../../../../arm-none-eabi/lib/thumb/v7e-m/nofp\libg.a(lib_a-svfprintf.o)
 *fill*         0x0001ac46        0x2 
 .rodata.blanks.1
                0x0001ac48       0x10 c:/gcc-arm-none-eabi-10.3-2021.10/bin/../lib/gcc/arm-none-eabi/10.3.1/../../../../arm-none-eabi/lib/thumb/v7e-m/nofp\libg.a(lib_a-svfprintf.o)
 .rodata.zeroes.0
                0x0001ac58       0x10 c:/gcc-arm-none-eabi-10.3-2021.10/bin/../lib/gcc/arm-none-eabi/10.3.1/../../../../arm-none-eabi/lib/thumb/v7e-m/nofp\libg.a(lib_a-svfprintf.o)
 .rodata._dtoa_r.str1.4
                0x0001ac68       0xa2 c:/gcc-arm-none-eabi-10.3-2021.10/bin/../lib/gcc/arm-none-eabi/10.3.1/../../../../arm-none-eabi/lib/thumb/v7e-m/nofp\libg.a(lib_a-dtoa.o)
                                 0xa6 (size before relaxing)
 *fill*         0x0001ad0a        0x2 
 .rodata.__multadd.str1.4
                0x0001ad0c       0x7f c:/gcc-arm-none-eabi-10.3-2021.10/bin/../lib/gcc/arm-none-eabi/10.3.1/../../../../arm-none-eabi/lib/thumb/v7e-m/nofp\libg.a(lib_a-mprec.o)
                                 0x93 (size before relaxing)
 *fill*         0x0001ad8b        0x5 
 .rodata.__mprec_bigtens
                0x0001ad90       0x28 c:/gcc-arm-none-eabi-10.3-2021.10/bin/../lib/gcc/arm-none-eabi/10.3.1/../../../../arm-none-eabi/lib/thumb/v7e-m/nofp\libg.a(lib_a-mprec.o)
                0x0001ad90                __mprec_bigtens
 .rodata.__mprec_tens
                0x0001adb8       0xc8 c:/gcc-arm-none-eabi-10.3-2021.10/bin/../lib/gcc/arm-none-eabi/10.3.1/../../../../arm-none-eabi/lib/thumb/v7e-m/nofp\libg.a(lib_a-mprec.o)
                0x0001adb8                __mprec_tens
 .rodata.p05.0  0x0001ae80        0xc c:/gcc-arm-none-eabi-10.3-2021.10/bin/../lib/gcc/arm-none-eabi/10.3.1/../../../../arm-none-eabi/lib/thumb/v7e-m/nofp\libg.a(lib_a-mprec.o)
 .rodata.__assert_func.str1.4
                0x0001ae8c       0x3f c:/gcc-arm-none-eabi-10.3-2021.10/bin/../lib/gcc/arm-none-eabi/10.3.1/../../../../arm-none-eabi/lib/thumb/v7e-m/nofp\libg.a(lib_a-assert.o)
                                 0x43 (size before relaxing)
 *fill*         0x0001aecb        0x1 
 .rodata._ctype_
                0x0001aecc      0x101 c:/gcc-arm-none-eabi-10.3-2021.10/bin/../lib/gcc/arm-none-eabi/10.3.1/../../../../arm-none-eabi/lib/thumb/v7e-m/nofp\libg.a(lib_a-ctype_.o)
                0x0001aecc                _ctype_
 *fill*         0x0001afcd        0x3 
 .rodata._setlocale_r.str1.4
                0x0001afd0        0xa c:/gcc-arm-none-eabi-10.3-2021.10/bin/../lib/gcc/arm-none-eabi/10.3.1/../../../../arm-none-eabi/lib/thumb/v7e-m/nofp\libg.a(lib_a-locale.o)
                                  0xd (size before relaxing)
 *fill*         0x0001afda        0x2 
 .rodata.str1.4
                0x0001afdc        0x2 c:/gcc-arm-none-eabi-10.3-2021.10/bin/../lib/gcc/arm-none-eabi/10.3.1/../../../../arm-none-eabi/lib/thumb/v7e-m/nofp\libg.a(lib_a-locale.o)
 .rodata._vfiprintf_r.str1.4
                0x0001afde       0x2f c:/gcc-arm-none-eabi-10.3-2021.10/bin/../lib/gcc/arm-none-eabi/10.3.1/../../../../arm-none-eabi/lib/thumb/v7e-m/nofp\libg.a(lib_a-vfiprintf.o)
 *fill*         0x0001afde        0x2 
 .rodata.blanks.1
                0x0001afe0       0x10 c:/gcc-arm-none-eabi-10.3-2021.10/bin/../lib/gcc/arm-none-eabi/10.3.1/../../../../arm-none-eabi/lib/thumb/v7e-m/nofp\libg.a(lib_a-vfiprintf.o)
 .rodata.zeroes.0
                0x0001aff0       0x10 c:/gcc-arm-none-eabi-10.3-2021.10/bin/../lib/gcc/arm-none-eabi/10.3.1/../../../../arm-none-eabi/lib/thumb/v7e-m/nofp\libg.a(lib_a-vfiprintf.o)
                0x0001b000                . = ALIGN (0x4)
                0x0001b000                . = ALIGN (0x4)
 *(.init)
 .init          0x0001b000        0x4 c:/gcc-arm-none-eabi-10.3-2021.10/bin/../lib/gcc/arm-none-eabi/10.3.1/thumb/v7e-m/nofp/crti.o
                0x0001b000                _init
 .init          0x0001b004        0x8 c:/gcc-arm-none-eabi-10.3-2021.10/bin/../lib/gcc/arm-none-eabi/10.3.1/thumb/v7e-m/nofp/crtn.o
                0x0001b00c                . = ALIGN (0x4)
                0x0001b00c                __preinit_array_start = .
 *(.preinit_array)
                0x0001b00c                __preinit_array_end = .
                0x0001b00c                . = ALIGN (0x4)
                0x0001b00c                __init_array_start = .
 *(SORT_BY_NAME(.init_array.*))
 .init_array.00000
                0x0001b00c        0x4 c:/gcc-arm-none-eabi-10.3-2021.10/bin/../lib/gcc/arm-none-eabi/10.3.1/../../../../arm-none-eabi/lib/thumb/v7e-m/nofp\libg.a(lib_a-__call_atexit.o)
 *(.init_array)
 .init_array    0x0001b010        0x4 c:/gcc-arm-none-eabi-10.3-2021.10/bin/../lib/gcc/arm-none-eabi/10.3.1/thumb/v7e-m/nofp/crtbegin.o
 .init_array    0x0001b014        0x4 ../main.o
 .init_array    0x0001b018        0x4 FEHProteus.o
 .init_array    0x0001b01c        0x4 Libraries/FEHBuzzer.o
 .init_array    0x0001b020        0x4 Libraries/FEHLCD.o
 .init_array    0x0001b024        0x4 Libraries/FEHAccel.o
 .init_array    0x0001b028        0x4 Libraries/FEHBattery.o
 .init_array    0x0001b02c        0x4 Libraries/FEHRPS.o
 .init_array    0x0001b030        0x4 Libraries/FEHSD.o
 .init_array    0x0001b034        0x4 c:/gcc-arm-none-eabi-10.3-2021.10/bin/../lib/gcc/arm-none-eabi/10.3.1/../../../../arm-none-eabi/lib/thumb/v7e-m/nofp\libstdc++.a(eh_alloc.o)
                0x0001b038                __init_array_end = .
 *(.fini)
 .fini          0x0001b038        0x4 c:/gcc-arm-none-eabi-10.3-2021.10/bin/../lib/gcc/arm-none-eabi/10.3.1/thumb/v7e-m/nofp/crti.o
                0x0001b038                _fini
 .fini          0x0001b03c        0x8 c:/gcc-arm-none-eabi-10.3-2021.10/bin/../lib/gcc/arm-none-eabi/10.3.1/thumb/v7e-m/nofp/crtn.o
                0x0001b044                . = ALIGN (0x4)
 *crtbegin.o(.ctors)
 *(EXCLUDE_FILE(*crtend.o) .ctors)
 *(SORT_BY_NAME(.ctors.*))
 *crtend.o(.ctors)
                0x0001b044                . = ALIGN (0x4)
 *crtbegin.o(.dtors)
 *(EXCLUDE_FILE(*crtend.o) .dtors)
 *(SORT_BY_NAME(.dtors.*))
 *crtend.o(.dtors)
                0x0001b044                . = ALIGN (0x4)

.ARM.extab
 *(.ARM.extab* .gnu.linkonce.armextab.*)
                0x0001b044                __exidx_start = .

.ARM.exidx      0x0001b044        0x8
 *(.ARM.exidx* .gnu.linkonce.armexidx.*)
 .ARM.exidx.text.startup._GLOBAL__sub_I__ZN9__gnu_cxx9__freeresEv
                0x0001b044        0x8 c:/gcc-arm-none-eabi-10.3-2021.10/bin/../lib/gcc/arm-none-eabi/10.3.1/../../../../arm-none-eabi/lib/thumb/v7e-m/nofp\libstdc++.a(eh_alloc.o)
 .ARM.exidx     0x0001b04c        0x0 c:/gcc-arm-none-eabi-10.3-2021.10/bin/../lib/gcc/arm-none-eabi/10.3.1/thumb/v7e-m/nofp\libgcc.a(_udivmoddi4.o)
                                  0x8 (size before relaxing)
                0x0001b04c                __exidx_end = .
                0x0001b04c                _etext = .

.rel.dyn        0x0001b04c        0x0
 .rel.iplt      0x0001b04c        0x0 c:/gcc-arm-none-eabi-10.3-2021.10/bin/../lib/gcc/arm-none-eabi/10.3.1/thumb/v7e-m/nofp/crtbegin.o

.m_usb_data
 *(m_usb_bdt)

.data_RAM2      0x1fff0000        0x0 load address 0x0001b04c
 FILL mask 0xff
                [!provide]                PROVIDE (__start_data_RAM2 = .)
 *(.ramfunc.$RAM2)
 *(.ramfunc.$SRAM_LOWER)
 *(.EXTRA_RAM)
 *(.data.$RAM2)
 *(.data.$SRAM_LOWER)
 *(.data.$RAM2.*)
 *(.data.$SRAM_LOWER.*)
                0x1fff0000                . = ALIGN (0x4)
                [!provide]                PROVIDE (__end_data_RAM2 = .)

.uninit_RESERVED
                0x20000000        0x0
                0x20000000                . = ALIGN (0x4)
 *(.bss.$RESERVED*)
                0x20000000                . = ALIGN (0x4)
                0x20000000                _end_uninit_RESERVED = .

.data           0x20000000     0x16c8 load address 0x0001b04c
 FILL mask 0xff
                0x20000000                _data = .
 *(vtable)
 *(.ramfunc*)
 *(CodeQuickAccess)
 *(DataQuickAccess)
 *(RamFunction)
 *(.data*)
 .data._ZL4Stat
                0x20000000        0x1 Drivers/SDHC.o
 *fill*         0x20000001        0x3 ff
 .data.image    0x20000004      0x74e Libraries/FEHLCD.o
                0x20000004                image
 *fill*         0x20000752        0x2 ff
 .data.logo     0x20000754      0x3e6 Libraries/FEHLCD.o
                0x20000754                logo
 *fill*         0x20000b3a        0x2 ff
 .data._ZN6FEHLCD8fontDataE
                0x20000b3c      0x1e0 Libraries/FEHLCD.o
                0x20000b3c                FEHLCD::fontData
 .data._impure_ptr
                0x20000d1c        0x4 c:/gcc-arm-none-eabi-10.3-2021.10/bin/../lib/gcc/arm-none-eabi/10.3.1/../../../../arm-none-eabi/lib/thumb/v7e-m/nofp\libg.a(lib_a-impure.o)
                0x20000d1c                _impure_ptr
 .data.impure_data
                0x20000d20      0x428 c:/gcc-arm-none-eabi-10.3-2021.10/bin/../lib/gcc/arm-none-eabi/10.3.1/../../../../arm-none-eabi/lib/thumb/v7e-m/nofp\libg.a(lib_a-impure.o)
 .data.__malloc_av_
                0x20001148      0x408 c:/gcc-arm-none-eabi-10.3-2021.10/bin/../lib/gcc/arm-none-eabi/10.3.1/../../../../arm-none-eabi/lib/thumb/v7e-m/nofp\libg.a(lib_a-mallocr.o)
                0x20001148                __malloc_av_
 .data.__malloc_sbrk_base
                0x20001550        0x4 c:/gcc-arm-none-eabi-10.3-2021.10/bin/../lib/gcc/arm-none-eabi/10.3.1/../../../../arm-none-eabi/lib/thumb/v7e-m/nofp\libg.a(lib_a-mallocr.o)
                0x20001550                __malloc_sbrk_base
 .data.__malloc_trim_threshold
                0x20001554        0x4 c:/gcc-arm-none-eabi-10.3-2021.10/bin/../lib/gcc/arm-none-eabi/10.3.1/../../../../arm-none-eabi/lib/thumb/v7e-m/nofp\libg.a(lib_a-mallocr.o)
                0x20001554                __malloc_trim_threshold
 .data.__atexit_recursive_mutex
                0x20001558        0x4 c:/gcc-arm-none-eabi-10.3-2021.10/bin/../lib/gcc/arm-none-eabi/10.3.1/../../../../arm-none-eabi/lib/thumb/v7e-m/nofp\libg.a(lib_a-__call_atexit.o)
                0x20001558                __atexit_recursive_mutex
 .data.__global_locale
                0x2000155c      0x16c c:/gcc-arm-none-eabi-10.3-2021.10/bin/../lib/gcc/arm-none-eabi/10.3.1/../../../../arm-none-eabi/lib/thumb/v7e-m/nofp\libg.a(lib_a-locale.o)
                0x2000155c                __global_locale
                0x200016c8                . = ALIGN (0x4)
                0x200016c8                _edata = .

.igot.plt       0x200016c8        0x0 load address 0x0001c714
 .igot.plt      0x200016c8        0x0 c:/gcc-arm-none-eabi-10.3-2021.10/bin/../lib/gcc/arm-none-eabi/10.3.1/thumb/v7e-m/nofp/crtbegin.o

.bss_RAM2       0x1fff0000        0x0
                0x1fff0000                . = ALIGN (0x4)
                [!provide]                PROVIDE (__start_bss_RAM2 = .)
 *(.bss.$RAM2)
 *(.bss.$SRAM_LOWER)
 *(.bss.$RAM2.*)
 *(.bss.$SRAM_LOWER.*)
                0x1fff0000                . = ALIGN ((. != 0x0)?0x4:0x1)
                [!provide]                PROVIDE (__end_bss_RAM2 = .)

.bss            0x200016c8      0x46c
                0x200016c8                . = ALIGN (0x4)
                0x200016c8                _bss = .
 *(.bss*)
 .bss           0x200016c8       0x1c c:/gcc-arm-none-eabi-10.3-2021.10/bin/../lib/gcc/arm-none-eabi/10.3.1/thumb/v7e-m/nofp/crtbegin.o
 .bss.right_encoder
                0x200016e4        0x1 ../main.o
                0x200016e4                right_encoder
 *fill*         0x200016e5        0x3 
 .bss.left_encoder
                0x200016e8        0x1 ../main.o
                0x200016e8                left_encoder
 *fill*         0x200016e9        0x3 
 .bss.right_motor
                0x200016ec        0x8 ../main.o
                0x200016ec                right_motor
 .bss.left_motor
                0x200016f4        0x8 ../main.o
                0x200016f4                left_motor
 .bss.cdsCell   0x200016fc        0x1 ../main.o
                0x200016fc                cdsCell
 .bss.MasterTransmission
                0x200016fd        0x1 Drivers/i2c.o
                0x200016fd                MasterTransmission
 .bss.SlaveID   0x200016fe        0x1 Drivers/i2c.o
                0x200016fe                SlaveID
 .bss.timeout   0x200016ff        0x1 Drivers/i2c.o
                0x200016ff                timeout
 .bss.SDHC_Card
                0x20001700       0x14 Drivers/SDHC.o
                0x20001700                SDHC_Card
 .bss.SDHC_Info
                0x20001714      0x204 Drivers/SDHC.o